ARM GAS  C:\Users\MECHAT~1\AppData\Local\Temp\cc6MRilA.s 			page 1


   1              		.syntax unified
   2              		.cpu cortex-m3
   3              		.fpu softvfp
   4              		.eabi_attribute 20, 1
   5              		.eabi_attribute 21, 1
   6              		.eabi_attribute 23, 3
   7              		.eabi_attribute 24, 1
   8              		.eabi_attribute 25, 1
   9              		.eabi_attribute 26, 1
  10              		.eabi_attribute 30, 1
  11              		.eabi_attribute 34, 1
  12              		.eabi_attribute 18, 4
  13              		.thumb
  14              		.syntax unified
  15              		.file	"LCD_Char_LCDPort.c"
  16              		.text
  17              	.Ltext0:
  18              		.cfi_sections	.debug_frame
  19              		.section	.text.LCD_Char_LCDPort_Write,"ax",%progbits
  20              		.align	2
  21              		.global	LCD_Char_LCDPort_Write
  22              		.thumb
  23              		.thumb_func
  24              		.type	LCD_Char_LCDPort_Write, %function
  25              	LCD_Char_LCDPort_Write:
  26              	.LFB0:
  27              		.file 1 "Generated_Source\\PSoC5\\LCD_Char_LCDPort.c"
   1:Generated_Source\PSoC5/LCD_Char_LCDPort.c **** /*******************************************************************************
   2:Generated_Source\PSoC5/LCD_Char_LCDPort.c **** * File Name: LCD_Char_LCDPort.c  
   3:Generated_Source\PSoC5/LCD_Char_LCDPort.c **** * Version 2.20
   4:Generated_Source\PSoC5/LCD_Char_LCDPort.c **** *
   5:Generated_Source\PSoC5/LCD_Char_LCDPort.c **** * Description:
   6:Generated_Source\PSoC5/LCD_Char_LCDPort.c **** *  This file contains API to enable firmware control of a Pins component.
   7:Generated_Source\PSoC5/LCD_Char_LCDPort.c **** *
   8:Generated_Source\PSoC5/LCD_Char_LCDPort.c **** * Note:
   9:Generated_Source\PSoC5/LCD_Char_LCDPort.c **** *
  10:Generated_Source\PSoC5/LCD_Char_LCDPort.c **** ********************************************************************************
  11:Generated_Source\PSoC5/LCD_Char_LCDPort.c **** * Copyright 2008-2015, Cypress Semiconductor Corporation.  All rights reserved.
  12:Generated_Source\PSoC5/LCD_Char_LCDPort.c **** * You may use this file only in accordance with the license, terms, conditions, 
  13:Generated_Source\PSoC5/LCD_Char_LCDPort.c **** * disclaimers, and limitations in the end user license agreement accompanying 
  14:Generated_Source\PSoC5/LCD_Char_LCDPort.c **** * the software package with which this file was provided.
  15:Generated_Source\PSoC5/LCD_Char_LCDPort.c **** *******************************************************************************/
  16:Generated_Source\PSoC5/LCD_Char_LCDPort.c **** 
  17:Generated_Source\PSoC5/LCD_Char_LCDPort.c **** #include "cytypes.h"
  18:Generated_Source\PSoC5/LCD_Char_LCDPort.c **** #include "LCD_Char_LCDPort.h"
  19:Generated_Source\PSoC5/LCD_Char_LCDPort.c **** 
  20:Generated_Source\PSoC5/LCD_Char_LCDPort.c **** /* APIs are not generated for P15[7:6] on PSoC 5 */
  21:Generated_Source\PSoC5/LCD_Char_LCDPort.c **** #if !(CY_PSOC5A &&\
  22:Generated_Source\PSoC5/LCD_Char_LCDPort.c **** 	 LCD_Char_LCDPort__PORT == 15 && ((LCD_Char_LCDPort__MASK & 0xC0) != 0))
  23:Generated_Source\PSoC5/LCD_Char_LCDPort.c **** 
  24:Generated_Source\PSoC5/LCD_Char_LCDPort.c **** 
  25:Generated_Source\PSoC5/LCD_Char_LCDPort.c **** /*******************************************************************************
  26:Generated_Source\PSoC5/LCD_Char_LCDPort.c **** * Function Name: LCD_Char_LCDPort_Write
  27:Generated_Source\PSoC5/LCD_Char_LCDPort.c **** ****************************************************************************//**
  28:Generated_Source\PSoC5/LCD_Char_LCDPort.c **** *
  29:Generated_Source\PSoC5/LCD_Char_LCDPort.c **** * \brief Writes the value to the physical port (data output register), masking
  30:Generated_Source\PSoC5/LCD_Char_LCDPort.c **** *  and shifting the bits appropriately. 
ARM GAS  C:\Users\MECHAT~1\AppData\Local\Temp\cc6MRilA.s 			page 2


  31:Generated_Source\PSoC5/LCD_Char_LCDPort.c **** *
  32:Generated_Source\PSoC5/LCD_Char_LCDPort.c **** * The data output register controls the signal applied to the physical pin in 
  33:Generated_Source\PSoC5/LCD_Char_LCDPort.c **** * conjunction with the drive mode parameter. This function avoids changing 
  34:Generated_Source\PSoC5/LCD_Char_LCDPort.c **** * other bits in the port by using the appropriate method (read-modify-write or
  35:Generated_Source\PSoC5/LCD_Char_LCDPort.c **** * bit banding).
  36:Generated_Source\PSoC5/LCD_Char_LCDPort.c **** *
  37:Generated_Source\PSoC5/LCD_Char_LCDPort.c **** * <b>Note</b> This function should not be used on a hardware digital output pin 
  38:Generated_Source\PSoC5/LCD_Char_LCDPort.c **** * as it is driven by the hardware signal attached to it.
  39:Generated_Source\PSoC5/LCD_Char_LCDPort.c **** *
  40:Generated_Source\PSoC5/LCD_Char_LCDPort.c **** * \param value
  41:Generated_Source\PSoC5/LCD_Char_LCDPort.c **** *  Value to write to the component instance.
  42:Generated_Source\PSoC5/LCD_Char_LCDPort.c **** *
  43:Generated_Source\PSoC5/LCD_Char_LCDPort.c **** * \return 
  44:Generated_Source\PSoC5/LCD_Char_LCDPort.c **** *  None 
  45:Generated_Source\PSoC5/LCD_Char_LCDPort.c **** *
  46:Generated_Source\PSoC5/LCD_Char_LCDPort.c **** * \sideeffect
  47:Generated_Source\PSoC5/LCD_Char_LCDPort.c **** *  If you use read-modify-write operations that are not atomic; the Interrupt 
  48:Generated_Source\PSoC5/LCD_Char_LCDPort.c **** *  Service Routines (ISR) can cause corruption of this function. An ISR that 
  49:Generated_Source\PSoC5/LCD_Char_LCDPort.c **** *  interrupts this function and performs writes to the Pins component data 
  50:Generated_Source\PSoC5/LCD_Char_LCDPort.c **** *  register can cause corrupted port data. To avoid this issue, you should 
  51:Generated_Source\PSoC5/LCD_Char_LCDPort.c **** *  either use the Per-Pin APIs (primary method) or disable interrupts around 
  52:Generated_Source\PSoC5/LCD_Char_LCDPort.c **** *  this function.
  53:Generated_Source\PSoC5/LCD_Char_LCDPort.c **** *
  54:Generated_Source\PSoC5/LCD_Char_LCDPort.c **** * \funcusage
  55:Generated_Source\PSoC5/LCD_Char_LCDPort.c **** *  \snippet LCD_Char_LCDPort_SUT.c usage_LCD_Char_LCDPort_Write
  56:Generated_Source\PSoC5/LCD_Char_LCDPort.c **** *******************************************************************************/
  57:Generated_Source\PSoC5/LCD_Char_LCDPort.c **** void LCD_Char_LCDPort_Write(uint8 value)
  58:Generated_Source\PSoC5/LCD_Char_LCDPort.c **** {
  28              		.loc 1 58 0
  29              		.cfi_startproc
  30              		@ args = 0, pretend = 0, frame = 0
  31              		@ frame_needed = 0, uses_anonymous_args = 0
  32              		@ link register save eliminated.
  33              	.LVL0:
  59:Generated_Source\PSoC5/LCD_Char_LCDPort.c ****     uint8 staticBits = (LCD_Char_LCDPort_DR & (uint8)(~LCD_Char_LCDPort_MASK));
  34              		.loc 1 59 0
  35 0000 044A     		ldr	r2, .L2
  36 0002 1378     		ldrb	r3, [r2]	@ zero_extendqisi2
  37 0004 03F00103 		and	r3, r3, #1
  38              	.LVL1:
  60:Generated_Source\PSoC5/LCD_Char_LCDPort.c ****     LCD_Char_LCDPort_DR = staticBits | ((uint8)(value << LCD_Char_LCDPort_SHIFT) & LCD_Char_LCDPort
  39              		.loc 1 60 0
  40 0008 4000     		lsls	r0, r0, #1
  41              	.LVL2:
  42 000a C0B2     		uxtb	r0, r0
  43 000c 1843     		orrs	r0, r0, r3
  44 000e 1070     		strb	r0, [r2]
  45 0010 7047     		bx	lr
  46              	.L3:
  47 0012 00BF     		.align	2
  48              	.L2:
  49 0014 C0510040 		.word	1073762752
  50              		.cfi_endproc
  51              	.LFE0:
  52              		.size	LCD_Char_LCDPort_Write, .-LCD_Char_LCDPort_Write
  53              		.section	.text.LCD_Char_LCDPort_SetDriveMode,"ax",%progbits
  54              		.align	2
ARM GAS  C:\Users\MECHAT~1\AppData\Local\Temp\cc6MRilA.s 			page 3


  55              		.global	LCD_Char_LCDPort_SetDriveMode
  56              		.thumb
  57              		.thumb_func
  58              		.type	LCD_Char_LCDPort_SetDriveMode, %function
  59              	LCD_Char_LCDPort_SetDriveMode:
  60              	.LFB1:
  61:Generated_Source\PSoC5/LCD_Char_LCDPort.c **** }
  62:Generated_Source\PSoC5/LCD_Char_LCDPort.c **** 
  63:Generated_Source\PSoC5/LCD_Char_LCDPort.c **** 
  64:Generated_Source\PSoC5/LCD_Char_LCDPort.c **** /*******************************************************************************
  65:Generated_Source\PSoC5/LCD_Char_LCDPort.c **** * Function Name: LCD_Char_LCDPort_SetDriveMode
  66:Generated_Source\PSoC5/LCD_Char_LCDPort.c **** ****************************************************************************//**
  67:Generated_Source\PSoC5/LCD_Char_LCDPort.c **** *
  68:Generated_Source\PSoC5/LCD_Char_LCDPort.c **** * \brief Sets the drive mode for each of the Pins component's pins.
  69:Generated_Source\PSoC5/LCD_Char_LCDPort.c **** * 
  70:Generated_Source\PSoC5/LCD_Char_LCDPort.c **** * <b>Note</b> This affects all pins in the Pins component instance. Use the
  71:Generated_Source\PSoC5/LCD_Char_LCDPort.c **** * Per-Pin APIs if you wish to control individual pin's drive modes.
  72:Generated_Source\PSoC5/LCD_Char_LCDPort.c **** *
  73:Generated_Source\PSoC5/LCD_Char_LCDPort.c **** * \param mode
  74:Generated_Source\PSoC5/LCD_Char_LCDPort.c **** *  Mode for the selected signals. Valid options are documented in 
  75:Generated_Source\PSoC5/LCD_Char_LCDPort.c **** *  \ref driveMode.
  76:Generated_Source\PSoC5/LCD_Char_LCDPort.c **** *
  77:Generated_Source\PSoC5/LCD_Char_LCDPort.c **** * \return
  78:Generated_Source\PSoC5/LCD_Char_LCDPort.c **** *  None
  79:Generated_Source\PSoC5/LCD_Char_LCDPort.c **** *
  80:Generated_Source\PSoC5/LCD_Char_LCDPort.c **** * \sideeffect
  81:Generated_Source\PSoC5/LCD_Char_LCDPort.c **** *  If you use read-modify-write operations that are not atomic, the ISR can
  82:Generated_Source\PSoC5/LCD_Char_LCDPort.c **** *  cause corruption of this function. An ISR that interrupts this function 
  83:Generated_Source\PSoC5/LCD_Char_LCDPort.c **** *  and performs writes to the Pins component Drive Mode registers can cause 
  84:Generated_Source\PSoC5/LCD_Char_LCDPort.c **** *  corrupted port data. To avoid this issue, you should either use the Per-Pin
  85:Generated_Source\PSoC5/LCD_Char_LCDPort.c **** *  APIs (primary method) or disable interrupts around this function.
  86:Generated_Source\PSoC5/LCD_Char_LCDPort.c **** *
  87:Generated_Source\PSoC5/LCD_Char_LCDPort.c **** * \funcusage
  88:Generated_Source\PSoC5/LCD_Char_LCDPort.c **** *  \snippet LCD_Char_LCDPort_SUT.c usage_LCD_Char_LCDPort_SetDriveMode
  89:Generated_Source\PSoC5/LCD_Char_LCDPort.c **** *******************************************************************************/
  90:Generated_Source\PSoC5/LCD_Char_LCDPort.c **** void LCD_Char_LCDPort_SetDriveMode(uint8 mode)
  91:Generated_Source\PSoC5/LCD_Char_LCDPort.c **** {
  61              		.loc 1 91 0
  62              		.cfi_startproc
  63              		@ args = 0, pretend = 0, frame = 0
  64              		@ frame_needed = 0, uses_anonymous_args = 0
  65              		@ link register save eliminated.
  66              	.LVL3:
  92:Generated_Source\PSoC5/LCD_Char_LCDPort.c **** 	CyPins_SetPinDriveMode(LCD_Char_LCDPort_0, mode);
  67              		.loc 1 92 0
  68 0000 164A     		ldr	r2, .L5
  69 0002 1378     		ldrb	r3, [r2]	@ zero_extendqisi2
  70 0004 00F00E00 		and	r0, r0, #14
  71              	.LVL4:
  72 0008 03F0F103 		and	r3, r3, #241
  73 000c 0343     		orrs	r3, r3, r0
  74 000e 1370     		strb	r3, [r2]
  93:Generated_Source\PSoC5/LCD_Char_LCDPort.c **** 	CyPins_SetPinDriveMode(LCD_Char_LCDPort_1, mode);
  75              		.loc 1 93 0
  76 0010 0132     		adds	r2, r2, #1
  77 0012 1378     		ldrb	r3, [r2]	@ zero_extendqisi2
  78 0014 03F0F103 		and	r3, r3, #241
ARM GAS  C:\Users\MECHAT~1\AppData\Local\Temp\cc6MRilA.s 			page 4


  79 0018 0343     		orrs	r3, r3, r0
  80 001a 1370     		strb	r3, [r2]
  94:Generated_Source\PSoC5/LCD_Char_LCDPort.c **** 	CyPins_SetPinDriveMode(LCD_Char_LCDPort_2, mode);
  81              		.loc 1 94 0
  82 001c 0132     		adds	r2, r2, #1
  83 001e 1378     		ldrb	r3, [r2]	@ zero_extendqisi2
  84 0020 03F0F103 		and	r3, r3, #241
  85 0024 0343     		orrs	r3, r3, r0
  86 0026 1370     		strb	r3, [r2]
  95:Generated_Source\PSoC5/LCD_Char_LCDPort.c **** 	CyPins_SetPinDriveMode(LCD_Char_LCDPort_3, mode);
  87              		.loc 1 95 0
  88 0028 0132     		adds	r2, r2, #1
  89 002a 1378     		ldrb	r3, [r2]	@ zero_extendqisi2
  90 002c 03F0F103 		and	r3, r3, #241
  91 0030 0343     		orrs	r3, r3, r0
  92 0032 1370     		strb	r3, [r2]
  96:Generated_Source\PSoC5/LCD_Char_LCDPort.c **** 	CyPins_SetPinDriveMode(LCD_Char_LCDPort_4, mode);
  93              		.loc 1 96 0
  94 0034 0132     		adds	r2, r2, #1
  95 0036 1378     		ldrb	r3, [r2]	@ zero_extendqisi2
  96 0038 03F0F103 		and	r3, r3, #241
  97 003c 0343     		orrs	r3, r3, r0
  98 003e 1370     		strb	r3, [r2]
  97:Generated_Source\PSoC5/LCD_Char_LCDPort.c **** 	CyPins_SetPinDriveMode(LCD_Char_LCDPort_5, mode);
  99              		.loc 1 97 0
 100 0040 0132     		adds	r2, r2, #1
 101 0042 1378     		ldrb	r3, [r2]	@ zero_extendqisi2
 102 0044 03F0F103 		and	r3, r3, #241
 103 0048 0343     		orrs	r3, r3, r0
 104 004a 1370     		strb	r3, [r2]
  98:Generated_Source\PSoC5/LCD_Char_LCDPort.c **** 	CyPins_SetPinDriveMode(LCD_Char_LCDPort_6, mode);
 105              		.loc 1 98 0
 106 004c 0132     		adds	r2, r2, #1
 107 004e 1378     		ldrb	r3, [r2]	@ zero_extendqisi2
 108 0050 03F0F103 		and	r3, r3, #241
 109 0054 1843     		orrs	r0, r0, r3
 110 0056 1070     		strb	r0, [r2]
 111 0058 7047     		bx	lr
 112              	.L6:
 113 005a 00BF     		.align	2
 114              	.L5:
 115 005c 61500040 		.word	1073762401
 116              		.cfi_endproc
 117              	.LFE1:
 118              		.size	LCD_Char_LCDPort_SetDriveMode, .-LCD_Char_LCDPort_SetDriveMode
 119              		.section	.text.LCD_Char_LCDPort_Read,"ax",%progbits
 120              		.align	2
 121              		.global	LCD_Char_LCDPort_Read
 122              		.thumb
 123              		.thumb_func
 124              		.type	LCD_Char_LCDPort_Read, %function
 125              	LCD_Char_LCDPort_Read:
 126              	.LFB2:
  99:Generated_Source\PSoC5/LCD_Char_LCDPort.c **** }
 100:Generated_Source\PSoC5/LCD_Char_LCDPort.c **** 
 101:Generated_Source\PSoC5/LCD_Char_LCDPort.c **** 
 102:Generated_Source\PSoC5/LCD_Char_LCDPort.c **** /*******************************************************************************
ARM GAS  C:\Users\MECHAT~1\AppData\Local\Temp\cc6MRilA.s 			page 5


 103:Generated_Source\PSoC5/LCD_Char_LCDPort.c **** * Function Name: LCD_Char_LCDPort_Read
 104:Generated_Source\PSoC5/LCD_Char_LCDPort.c **** ****************************************************************************//**
 105:Generated_Source\PSoC5/LCD_Char_LCDPort.c **** *
 106:Generated_Source\PSoC5/LCD_Char_LCDPort.c **** * \brief Reads the associated physical port (pin status register) and masks 
 107:Generated_Source\PSoC5/LCD_Char_LCDPort.c **** *  the required bits according to the width and bit position of the component
 108:Generated_Source\PSoC5/LCD_Char_LCDPort.c **** *  instance. 
 109:Generated_Source\PSoC5/LCD_Char_LCDPort.c **** *
 110:Generated_Source\PSoC5/LCD_Char_LCDPort.c **** * The pin's status register returns the current logic level present on the 
 111:Generated_Source\PSoC5/LCD_Char_LCDPort.c **** * physical pin.
 112:Generated_Source\PSoC5/LCD_Char_LCDPort.c **** *
 113:Generated_Source\PSoC5/LCD_Char_LCDPort.c **** * \return 
 114:Generated_Source\PSoC5/LCD_Char_LCDPort.c **** *  The current value for the pins in the component as a right justified number.
 115:Generated_Source\PSoC5/LCD_Char_LCDPort.c **** *
 116:Generated_Source\PSoC5/LCD_Char_LCDPort.c **** * \funcusage
 117:Generated_Source\PSoC5/LCD_Char_LCDPort.c **** *  \snippet LCD_Char_LCDPort_SUT.c usage_LCD_Char_LCDPort_Read  
 118:Generated_Source\PSoC5/LCD_Char_LCDPort.c **** *******************************************************************************/
 119:Generated_Source\PSoC5/LCD_Char_LCDPort.c **** uint8 LCD_Char_LCDPort_Read(void)
 120:Generated_Source\PSoC5/LCD_Char_LCDPort.c **** {
 127              		.loc 1 120 0
 128              		.cfi_startproc
 129              		@ args = 0, pretend = 0, frame = 0
 130              		@ frame_needed = 0, uses_anonymous_args = 0
 131              		@ link register save eliminated.
 121:Generated_Source\PSoC5/LCD_Char_LCDPort.c ****     return (LCD_Char_LCDPort_PS & LCD_Char_LCDPort_MASK) >> LCD_Char_LCDPort_SHIFT;
 132              		.loc 1 121 0
 133 0000 014B     		ldr	r3, .L8
 134 0002 1878     		ldrb	r0, [r3]	@ zero_extendqisi2
 122:Generated_Source\PSoC5/LCD_Char_LCDPort.c **** }
 135              		.loc 1 122 0
 136 0004 4008     		lsrs	r0, r0, #1
 137 0006 7047     		bx	lr
 138              	.L9:
 139              		.align	2
 140              	.L8:
 141 0008 C1510040 		.word	1073762753
 142              		.cfi_endproc
 143              	.LFE2:
 144              		.size	LCD_Char_LCDPort_Read, .-LCD_Char_LCDPort_Read
 145              		.section	.text.LCD_Char_LCDPort_ReadDataReg,"ax",%progbits
 146              		.align	2
 147              		.global	LCD_Char_LCDPort_ReadDataReg
 148              		.thumb
 149              		.thumb_func
 150              		.type	LCD_Char_LCDPort_ReadDataReg, %function
 151              	LCD_Char_LCDPort_ReadDataReg:
 152              	.LFB3:
 123:Generated_Source\PSoC5/LCD_Char_LCDPort.c **** 
 124:Generated_Source\PSoC5/LCD_Char_LCDPort.c **** 
 125:Generated_Source\PSoC5/LCD_Char_LCDPort.c **** /*******************************************************************************
 126:Generated_Source\PSoC5/LCD_Char_LCDPort.c **** * Function Name: LCD_Char_LCDPort_ReadDataReg
 127:Generated_Source\PSoC5/LCD_Char_LCDPort.c **** ****************************************************************************//**
 128:Generated_Source\PSoC5/LCD_Char_LCDPort.c **** *
 129:Generated_Source\PSoC5/LCD_Char_LCDPort.c **** * \brief Reads the associated physical port's data output register and masks 
 130:Generated_Source\PSoC5/LCD_Char_LCDPort.c **** *  the correct bits according to the width and bit position of the component 
 131:Generated_Source\PSoC5/LCD_Char_LCDPort.c **** *  instance. 
 132:Generated_Source\PSoC5/LCD_Char_LCDPort.c **** *
 133:Generated_Source\PSoC5/LCD_Char_LCDPort.c **** * The data output register controls the signal applied to the physical pin in 
ARM GAS  C:\Users\MECHAT~1\AppData\Local\Temp\cc6MRilA.s 			page 6


 134:Generated_Source\PSoC5/LCD_Char_LCDPort.c **** * conjunction with the drive mode parameter. This is not the same as the 
 135:Generated_Source\PSoC5/LCD_Char_LCDPort.c **** * preferred LCD_Char_LCDPort_Read() API because the 
 136:Generated_Source\PSoC5/LCD_Char_LCDPort.c **** * LCD_Char_LCDPort_ReadDataReg() reads the data register instead of the status 
 137:Generated_Source\PSoC5/LCD_Char_LCDPort.c **** * register. For output pins this is a useful function to determine the value 
 138:Generated_Source\PSoC5/LCD_Char_LCDPort.c **** * just written to the pin.
 139:Generated_Source\PSoC5/LCD_Char_LCDPort.c **** *
 140:Generated_Source\PSoC5/LCD_Char_LCDPort.c **** * \return 
 141:Generated_Source\PSoC5/LCD_Char_LCDPort.c **** *  The current value of the data register masked and shifted into a right 
 142:Generated_Source\PSoC5/LCD_Char_LCDPort.c **** *  justified number for the component instance.
 143:Generated_Source\PSoC5/LCD_Char_LCDPort.c **** *
 144:Generated_Source\PSoC5/LCD_Char_LCDPort.c **** * \funcusage
 145:Generated_Source\PSoC5/LCD_Char_LCDPort.c **** *  \snippet LCD_Char_LCDPort_SUT.c usage_LCD_Char_LCDPort_ReadDataReg 
 146:Generated_Source\PSoC5/LCD_Char_LCDPort.c **** *******************************************************************************/
 147:Generated_Source\PSoC5/LCD_Char_LCDPort.c **** uint8 LCD_Char_LCDPort_ReadDataReg(void)
 148:Generated_Source\PSoC5/LCD_Char_LCDPort.c **** {
 153              		.loc 1 148 0
 154              		.cfi_startproc
 155              		@ args = 0, pretend = 0, frame = 0
 156              		@ frame_needed = 0, uses_anonymous_args = 0
 157              		@ link register save eliminated.
 149:Generated_Source\PSoC5/LCD_Char_LCDPort.c ****     return (LCD_Char_LCDPort_DR & LCD_Char_LCDPort_MASK) >> LCD_Char_LCDPort_SHIFT;
 158              		.loc 1 149 0
 159 0000 014B     		ldr	r3, .L11
 160 0002 1878     		ldrb	r0, [r3]	@ zero_extendqisi2
 150:Generated_Source\PSoC5/LCD_Char_LCDPort.c **** }
 161              		.loc 1 150 0
 162 0004 4008     		lsrs	r0, r0, #1
 163 0006 7047     		bx	lr
 164              	.L12:
 165              		.align	2
 166              	.L11:
 167 0008 C0510040 		.word	1073762752
 168              		.cfi_endproc
 169              	.LFE3:
 170              		.size	LCD_Char_LCDPort_ReadDataReg, .-LCD_Char_LCDPort_ReadDataReg
 171              		.text
 172              	.Letext0:
 173              		.file 2 "Generated_Source\\PSoC5\\cytypes.h"
 174              		.section	.debug_info,"",%progbits
 175              	.Ldebug_info0:
 176 0000 1B010000 		.4byte	0x11b
 177 0004 0400     		.2byte	0x4
 178 0006 00000000 		.4byte	.Ldebug_abbrev0
 179 000a 04       		.byte	0x4
 180 000b 01       		.uleb128 0x1
 181 000c 3C000000 		.4byte	.LASF20
 182 0010 0C       		.byte	0xc
 183 0011 75010000 		.4byte	.LASF21
 184 0015 D7010000 		.4byte	.LASF22
 185 0019 00000000 		.4byte	.Ldebug_ranges0+0
 186 001d 00000000 		.4byte	0
 187 0021 00000000 		.4byte	.Ldebug_line0
 188 0025 02       		.uleb128 0x2
 189 0026 01       		.byte	0x1
 190 0027 06       		.byte	0x6
 191 0028 CB010000 		.4byte	.LASF0
 192 002c 02       		.uleb128 0x2
ARM GAS  C:\Users\MECHAT~1\AppData\Local\Temp\cc6MRilA.s 			page 7


 193 002d 01       		.byte	0x1
 194 002e 08       		.byte	0x8
 195 002f 2E000000 		.4byte	.LASF1
 196 0033 02       		.uleb128 0x2
 197 0034 02       		.byte	0x2
 198 0035 05       		.byte	0x5
 199 0036 6B010000 		.4byte	.LASF2
 200 003a 02       		.uleb128 0x2
 201 003b 02       		.byte	0x2
 202 003c 07       		.byte	0x7
 203 003d E1000000 		.4byte	.LASF3
 204 0041 02       		.uleb128 0x2
 205 0042 04       		.byte	0x4
 206 0043 05       		.byte	0x5
 207 0044 A5010000 		.4byte	.LASF4
 208 0048 02       		.uleb128 0x2
 209 0049 04       		.byte	0x4
 210 004a 07       		.byte	0x7
 211 004b CF000000 		.4byte	.LASF5
 212 004f 02       		.uleb128 0x2
 213 0050 08       		.byte	0x8
 214 0051 05       		.byte	0x5
 215 0052 58010000 		.4byte	.LASF6
 216 0056 02       		.uleb128 0x2
 217 0057 08       		.byte	0x8
 218 0058 07       		.byte	0x7
 219 0059 3C010000 		.4byte	.LASF7
 220 005d 03       		.uleb128 0x3
 221 005e 04       		.byte	0x4
 222 005f 05       		.byte	0x5
 223 0060 696E7400 		.ascii	"int\000"
 224 0064 02       		.uleb128 0x2
 225 0065 04       		.byte	0x4
 226 0066 07       		.byte	0x7
 227 0067 2F010000 		.4byte	.LASF8
 228 006b 04       		.uleb128 0x4
 229 006c 9F010000 		.4byte	.LASF12
 230 0070 02       		.byte	0x2
 231 0071 9201     		.2byte	0x192
 232 0073 2C000000 		.4byte	0x2c
 233 0077 02       		.uleb128 0x2
 234 0078 04       		.byte	0x4
 235 0079 04       		.byte	0x4
 236 007a 28000000 		.4byte	.LASF9
 237 007e 02       		.uleb128 0x2
 238 007f 08       		.byte	0x8
 239 0080 04       		.byte	0x4
 240 0081 28010000 		.4byte	.LASF10
 241 0085 02       		.uleb128 0x2
 242 0086 01       		.byte	0x1
 243 0087 08       		.byte	0x8
 244 0088 66010000 		.4byte	.LASF11
 245 008c 04       		.uleb128 0x4
 246 008d CA000000 		.4byte	.LASF13
 247 0091 02       		.byte	0x2
 248 0092 3C02     		.2byte	0x23c
 249 0094 98000000 		.4byte	0x98
ARM GAS  C:\Users\MECHAT~1\AppData\Local\Temp\cc6MRilA.s 			page 8


 250 0098 05       		.uleb128 0x5
 251 0099 6B000000 		.4byte	0x6b
 252 009d 06       		.uleb128 0x6
 253 009e 00000000 		.4byte	.LASF14
 254 00a2 01       		.byte	0x1
 255 00a3 39       		.byte	0x39
 256 00a4 00000000 		.4byte	.LFB0
 257 00a8 18000000 		.4byte	.LFE0-.LFB0
 258 00ac 01       		.uleb128 0x1
 259 00ad 9C       		.byte	0x9c
 260 00ae CF000000 		.4byte	0xcf
 261 00b2 07       		.uleb128 0x7
 262 00b3 17000000 		.4byte	.LASF16
 263 00b7 01       		.byte	0x1
 264 00b8 39       		.byte	0x39
 265 00b9 6B000000 		.4byte	0x6b
 266 00bd 00000000 		.4byte	.LLST0
 267 00c1 08       		.uleb128 0x8
 268 00c2 1D000000 		.4byte	.LASF23
 269 00c6 01       		.byte	0x1
 270 00c7 3B       		.byte	0x3b
 271 00c8 6B000000 		.4byte	0x6b
 272 00cc 01       		.uleb128 0x1
 273 00cd 53       		.byte	0x53
 274 00ce 00       		.byte	0
 275 00cf 06       		.uleb128 0x6
 276 00d0 0A010000 		.4byte	.LASF15
 277 00d4 01       		.byte	0x1
 278 00d5 5A       		.byte	0x5a
 279 00d6 00000000 		.4byte	.LFB1
 280 00da 60000000 		.4byte	.LFE1-.LFB1
 281 00de 01       		.uleb128 0x1
 282 00df 9C       		.byte	0x9c
 283 00e0 F4000000 		.4byte	0xf4
 284 00e4 07       		.uleb128 0x7
 285 00e5 53010000 		.4byte	.LASF17
 286 00e9 01       		.byte	0x1
 287 00ea 5A       		.byte	0x5a
 288 00eb 6B000000 		.4byte	0x6b
 289 00ef 21000000 		.4byte	.LLST1
 290 00f3 00       		.byte	0
 291 00f4 09       		.uleb128 0x9
 292 00f5 F4000000 		.4byte	.LASF18
 293 00f9 01       		.byte	0x1
 294 00fa 77       		.byte	0x77
 295 00fb 6B000000 		.4byte	0x6b
 296 00ff 00000000 		.4byte	.LFB2
 297 0103 0C000000 		.4byte	.LFE2-.LFB2
 298 0107 01       		.uleb128 0x1
 299 0108 9C       		.byte	0x9c
 300 0109 09       		.uleb128 0x9
 301 010a AE010000 		.4byte	.LASF19
 302 010e 01       		.byte	0x1
 303 010f 93       		.byte	0x93
 304 0110 6B000000 		.4byte	0x6b
 305 0114 00000000 		.4byte	.LFB3
 306 0118 0C000000 		.4byte	.LFE3-.LFB3
ARM GAS  C:\Users\MECHAT~1\AppData\Local\Temp\cc6MRilA.s 			page 9


 307 011c 01       		.uleb128 0x1
 308 011d 9C       		.byte	0x9c
 309 011e 00       		.byte	0
 310              		.section	.debug_abbrev,"",%progbits
 311              	.Ldebug_abbrev0:
 312 0000 01       		.uleb128 0x1
 313 0001 11       		.uleb128 0x11
 314 0002 01       		.byte	0x1
 315 0003 25       		.uleb128 0x25
 316 0004 0E       		.uleb128 0xe
 317 0005 13       		.uleb128 0x13
 318 0006 0B       		.uleb128 0xb
 319 0007 03       		.uleb128 0x3
 320 0008 0E       		.uleb128 0xe
 321 0009 1B       		.uleb128 0x1b
 322 000a 0E       		.uleb128 0xe
 323 000b 55       		.uleb128 0x55
 324 000c 17       		.uleb128 0x17
 325 000d 11       		.uleb128 0x11
 326 000e 01       		.uleb128 0x1
 327 000f 10       		.uleb128 0x10
 328 0010 17       		.uleb128 0x17
 329 0011 00       		.byte	0
 330 0012 00       		.byte	0
 331 0013 02       		.uleb128 0x2
 332 0014 24       		.uleb128 0x24
 333 0015 00       		.byte	0
 334 0016 0B       		.uleb128 0xb
 335 0017 0B       		.uleb128 0xb
 336 0018 3E       		.uleb128 0x3e
 337 0019 0B       		.uleb128 0xb
 338 001a 03       		.uleb128 0x3
 339 001b 0E       		.uleb128 0xe
 340 001c 00       		.byte	0
 341 001d 00       		.byte	0
 342 001e 03       		.uleb128 0x3
 343 001f 24       		.uleb128 0x24
 344 0020 00       		.byte	0
 345 0021 0B       		.uleb128 0xb
 346 0022 0B       		.uleb128 0xb
 347 0023 3E       		.uleb128 0x3e
 348 0024 0B       		.uleb128 0xb
 349 0025 03       		.uleb128 0x3
 350 0026 08       		.uleb128 0x8
 351 0027 00       		.byte	0
 352 0028 00       		.byte	0
 353 0029 04       		.uleb128 0x4
 354 002a 16       		.uleb128 0x16
 355 002b 00       		.byte	0
 356 002c 03       		.uleb128 0x3
 357 002d 0E       		.uleb128 0xe
 358 002e 3A       		.uleb128 0x3a
 359 002f 0B       		.uleb128 0xb
 360 0030 3B       		.uleb128 0x3b
 361 0031 05       		.uleb128 0x5
 362 0032 49       		.uleb128 0x49
 363 0033 13       		.uleb128 0x13
ARM GAS  C:\Users\MECHAT~1\AppData\Local\Temp\cc6MRilA.s 			page 10


 364 0034 00       		.byte	0
 365 0035 00       		.byte	0
 366 0036 05       		.uleb128 0x5
 367 0037 35       		.uleb128 0x35
 368 0038 00       		.byte	0
 369 0039 49       		.uleb128 0x49
 370 003a 13       		.uleb128 0x13
 371 003b 00       		.byte	0
 372 003c 00       		.byte	0
 373 003d 06       		.uleb128 0x6
 374 003e 2E       		.uleb128 0x2e
 375 003f 01       		.byte	0x1
 376 0040 3F       		.uleb128 0x3f
 377 0041 19       		.uleb128 0x19
 378 0042 03       		.uleb128 0x3
 379 0043 0E       		.uleb128 0xe
 380 0044 3A       		.uleb128 0x3a
 381 0045 0B       		.uleb128 0xb
 382 0046 3B       		.uleb128 0x3b
 383 0047 0B       		.uleb128 0xb
 384 0048 27       		.uleb128 0x27
 385 0049 19       		.uleb128 0x19
 386 004a 11       		.uleb128 0x11
 387 004b 01       		.uleb128 0x1
 388 004c 12       		.uleb128 0x12
 389 004d 06       		.uleb128 0x6
 390 004e 40       		.uleb128 0x40
 391 004f 18       		.uleb128 0x18
 392 0050 9742     		.uleb128 0x2117
 393 0052 19       		.uleb128 0x19
 394 0053 01       		.uleb128 0x1
 395 0054 13       		.uleb128 0x13
 396 0055 00       		.byte	0
 397 0056 00       		.byte	0
 398 0057 07       		.uleb128 0x7
 399 0058 05       		.uleb128 0x5
 400 0059 00       		.byte	0
 401 005a 03       		.uleb128 0x3
 402 005b 0E       		.uleb128 0xe
 403 005c 3A       		.uleb128 0x3a
 404 005d 0B       		.uleb128 0xb
 405 005e 3B       		.uleb128 0x3b
 406 005f 0B       		.uleb128 0xb
 407 0060 49       		.uleb128 0x49
 408 0061 13       		.uleb128 0x13
 409 0062 02       		.uleb128 0x2
 410 0063 17       		.uleb128 0x17
 411 0064 00       		.byte	0
 412 0065 00       		.byte	0
 413 0066 08       		.uleb128 0x8
 414 0067 34       		.uleb128 0x34
 415 0068 00       		.byte	0
 416 0069 03       		.uleb128 0x3
 417 006a 0E       		.uleb128 0xe
 418 006b 3A       		.uleb128 0x3a
 419 006c 0B       		.uleb128 0xb
 420 006d 3B       		.uleb128 0x3b
ARM GAS  C:\Users\MECHAT~1\AppData\Local\Temp\cc6MRilA.s 			page 11


 421 006e 0B       		.uleb128 0xb
 422 006f 49       		.uleb128 0x49
 423 0070 13       		.uleb128 0x13
 424 0071 02       		.uleb128 0x2
 425 0072 18       		.uleb128 0x18
 426 0073 00       		.byte	0
 427 0074 00       		.byte	0
 428 0075 09       		.uleb128 0x9
 429 0076 2E       		.uleb128 0x2e
 430 0077 00       		.byte	0
 431 0078 3F       		.uleb128 0x3f
 432 0079 19       		.uleb128 0x19
 433 007a 03       		.uleb128 0x3
 434 007b 0E       		.uleb128 0xe
 435 007c 3A       		.uleb128 0x3a
 436 007d 0B       		.uleb128 0xb
 437 007e 3B       		.uleb128 0x3b
 438 007f 0B       		.uleb128 0xb
 439 0080 27       		.uleb128 0x27
 440 0081 19       		.uleb128 0x19
 441 0082 49       		.uleb128 0x49
 442 0083 13       		.uleb128 0x13
 443 0084 11       		.uleb128 0x11
 444 0085 01       		.uleb128 0x1
 445 0086 12       		.uleb128 0x12
 446 0087 06       		.uleb128 0x6
 447 0088 40       		.uleb128 0x40
 448 0089 18       		.uleb128 0x18
 449 008a 9742     		.uleb128 0x2117
 450 008c 19       		.uleb128 0x19
 451 008d 00       		.byte	0
 452 008e 00       		.byte	0
 453 008f 00       		.byte	0
 454              		.section	.debug_loc,"",%progbits
 455              	.Ldebug_loc0:
 456              	.LLST0:
 457 0000 00000000 		.4byte	.LVL0
 458 0004 0A000000 		.4byte	.LVL2
 459 0008 0100     		.2byte	0x1
 460 000a 50       		.byte	0x50
 461 000b 0A000000 		.4byte	.LVL2
 462 000f 18000000 		.4byte	.LFE0
 463 0013 0400     		.2byte	0x4
 464 0015 F3       		.byte	0xf3
 465 0016 01       		.uleb128 0x1
 466 0017 50       		.byte	0x50
 467 0018 9F       		.byte	0x9f
 468 0019 00000000 		.4byte	0
 469 001d 00000000 		.4byte	0
 470              	.LLST1:
 471 0021 00000000 		.4byte	.LVL3
 472 0025 08000000 		.4byte	.LVL4
 473 0029 0100     		.2byte	0x1
 474 002b 50       		.byte	0x50
 475 002c 08000000 		.4byte	.LVL4
 476 0030 60000000 		.4byte	.LFE1
 477 0034 0400     		.2byte	0x4
ARM GAS  C:\Users\MECHAT~1\AppData\Local\Temp\cc6MRilA.s 			page 12


 478 0036 F3       		.byte	0xf3
 479 0037 01       		.uleb128 0x1
 480 0038 50       		.byte	0x50
 481 0039 9F       		.byte	0x9f
 482 003a 00000000 		.4byte	0
 483 003e 00000000 		.4byte	0
 484              		.section	.debug_aranges,"",%progbits
 485 0000 34000000 		.4byte	0x34
 486 0004 0200     		.2byte	0x2
 487 0006 00000000 		.4byte	.Ldebug_info0
 488 000a 04       		.byte	0x4
 489 000b 00       		.byte	0
 490 000c 0000     		.2byte	0
 491 000e 0000     		.2byte	0
 492 0010 00000000 		.4byte	.LFB0
 493 0014 18000000 		.4byte	.LFE0-.LFB0
 494 0018 00000000 		.4byte	.LFB1
 495 001c 60000000 		.4byte	.LFE1-.LFB1
 496 0020 00000000 		.4byte	.LFB2
 497 0024 0C000000 		.4byte	.LFE2-.LFB2
 498 0028 00000000 		.4byte	.LFB3
 499 002c 0C000000 		.4byte	.LFE3-.LFB3
 500 0030 00000000 		.4byte	0
 501 0034 00000000 		.4byte	0
 502              		.section	.debug_ranges,"",%progbits
 503              	.Ldebug_ranges0:
 504 0000 00000000 		.4byte	.LFB0
 505 0004 18000000 		.4byte	.LFE0
 506 0008 00000000 		.4byte	.LFB1
 507 000c 60000000 		.4byte	.LFE1
 508 0010 00000000 		.4byte	.LFB2
 509 0014 0C000000 		.4byte	.LFE2
 510 0018 00000000 		.4byte	.LFB3
 511 001c 0C000000 		.4byte	.LFE3
 512 0020 00000000 		.4byte	0
 513 0024 00000000 		.4byte	0
 514              		.section	.debug_line,"",%progbits
 515              	.Ldebug_line0:
 516 0000 9F000000 		.section	.debug_str,"MS",%progbits,1
 516      02004D00 
 516      00000201 
 516      FB0E0D00 
 516      01010101 
 517              	.LASF14:
 518 0000 4C43445F 		.ascii	"LCD_Char_LCDPort_Write\000"
 518      43686172 
 518      5F4C4344 
 518      506F7274 
 518      5F577269 
 519              	.LASF16:
 520 0017 76616C75 		.ascii	"value\000"
 520      6500
 521              	.LASF23:
 522 001d 73746174 		.ascii	"staticBits\000"
 522      69634269 
 522      747300
 523              	.LASF9:
ARM GAS  C:\Users\MECHAT~1\AppData\Local\Temp\cc6MRilA.s 			page 13


 524 0028 666C6F61 		.ascii	"float\000"
 524      7400
 525              	.LASF1:
 526 002e 756E7369 		.ascii	"unsigned char\000"
 526      676E6564 
 526      20636861 
 526      7200
 527              	.LASF20:
 528 003c 474E5520 		.ascii	"GNU C11 5.4.1 20160609 (release) [ARM/embedded-5-br"
 528      43313120 
 528      352E342E 
 528      31203230 
 528      31363036 
 529 006f 616E6368 		.ascii	"anch revision 237715] -mcpu=cortex-m3 -mthumb -g -O"
 529      20726576 
 529      6973696F 
 529      6E203233 
 529      37373135 
 530 00a2 67202D66 		.ascii	"g -ffunction-sections -ffat-lto-objects\000"
 530      66756E63 
 530      74696F6E 
 530      2D736563 
 530      74696F6E 
 531              	.LASF13:
 532 00ca 72656738 		.ascii	"reg8\000"
 532      00
 533              	.LASF5:
 534 00cf 6C6F6E67 		.ascii	"long unsigned int\000"
 534      20756E73 
 534      69676E65 
 534      6420696E 
 534      7400
 535              	.LASF3:
 536 00e1 73686F72 		.ascii	"short unsigned int\000"
 536      7420756E 
 536      7369676E 
 536      65642069 
 536      6E7400
 537              	.LASF18:
 538 00f4 4C43445F 		.ascii	"LCD_Char_LCDPort_Read\000"
 538      43686172 
 538      5F4C4344 
 538      506F7274 
 538      5F526561 
 539              	.LASF15:
 540 010a 4C43445F 		.ascii	"LCD_Char_LCDPort_SetDriveMode\000"
 540      43686172 
 540      5F4C4344 
 540      506F7274 
 540      5F536574 
 541              	.LASF10:
 542 0128 646F7562 		.ascii	"double\000"
 542      6C6500
 543              	.LASF8:
 544 012f 756E7369 		.ascii	"unsigned int\000"
 544      676E6564 
 544      20696E74 
ARM GAS  C:\Users\MECHAT~1\AppData\Local\Temp\cc6MRilA.s 			page 14


 544      00
 545              	.LASF7:
 546 013c 6C6F6E67 		.ascii	"long long unsigned int\000"
 546      206C6F6E 
 546      6720756E 
 546      7369676E 
 546      65642069 
 547              	.LASF17:
 548 0153 6D6F6465 		.ascii	"mode\000"
 548      00
 549              	.LASF6:
 550 0158 6C6F6E67 		.ascii	"long long int\000"
 550      206C6F6E 
 550      6720696E 
 550      7400
 551              	.LASF11:
 552 0166 63686172 		.ascii	"char\000"
 552      00
 553              	.LASF2:
 554 016b 73686F72 		.ascii	"short int\000"
 554      7420696E 
 554      7400
 555              	.LASF21:
 556 0175 47656E65 		.ascii	"Generated_Source\\PSoC5\\LCD_Char_LCDPort.c\000"
 556      72617465 
 556      645F536F 
 556      75726365 
 556      5C50536F 
 557              	.LASF12:
 558 019f 75696E74 		.ascii	"uint8\000"
 558      3800
 559              	.LASF4:
 560 01a5 6C6F6E67 		.ascii	"long int\000"
 560      20696E74 
 560      00
 561              	.LASF19:
 562 01ae 4C43445F 		.ascii	"LCD_Char_LCDPort_ReadDataReg\000"
 562      43686172 
 562      5F4C4344 
 562      506F7274 
 562      5F526561 
 563              	.LASF0:
 564 01cb 7369676E 		.ascii	"signed char\000"
 564      65642063 
 564      68617200 
 565              	.LASF22:
 566 01d7 433A5C55 		.ascii	"C:\\Users\\mechatoro\\Documents\\PSoC Creator\\rota"
 566      73657273 
 566      5C6D6563 
 566      6861746F 
 566      726F5C44 
 567 0205 72795F65 		.ascii	"ry_enc_hard\\rotary_enc_hard.cydsn\000"
 567      6E635F68 
 567      6172645C 
 567      726F7461 
 567      72795F65 
 568              		.ident	"GCC: (GNU Tools for ARM Embedded Processors) 5.4.1 20160609 (release) [ARM/embedded-5-bran
ARM GAS  C:\Users\MECHAT~1\AppData\Local\Temp\cc6MRilA.s 			page 15


