Archive member included to satisfy reference by file (symbol)

.\CortexM3\ARM_GCC_541\Debug\rotary_enc_hard.a(CyLib.o)
                              .\CortexM3\ARM_GCC_541\Debug\Cm3Start.o (CyHalt)
.\CortexM3\ARM_GCC_541\Debug\rotary_enc_hard.a(cyPm.o)
                              .\CortexM3\ARM_GCC_541\Debug\rotary_enc_hard.a(CyLib.o) (CyPmReadStatus)
.\CortexM3\ARM_GCC_541\Debug\rotary_enc_hard.a(dt_isr.o)
                              .\CortexM3\ARM_GCC_541\Debug\main.o (dt_isr_StartEx)
.\CortexM3\ARM_GCC_541\Debug\rotary_enc_hard.a(UART.o)
                              .\CortexM3\ARM_GCC_541\Debug\main.o (UART_Start)
.\CortexM3\ARM_GCC_541\Debug\rotary_enc_hard.a(UART_IntClock.o)
                              .\CortexM3\ARM_GCC_541\Debug\rotary_enc_hard.a(UART.o) (UART_IntClock_Start)
.\CortexM3\ARM_GCC_541\Debug\rotary_enc_hard.a(QuadDec_L.o)
                              .\CortexM3\ARM_GCC_541\Debug\main.o (QuadDec_L_GetCounter)
.\CortexM3\ARM_GCC_541\Debug\rotary_enc_hard.a(PWM_L.o)
                              .\CortexM3\ARM_GCC_541\Debug\main.o (PWM_L_WriteCompare)
.\CortexM3\ARM_GCC_541\Debug\rotary_enc_hard.a(QuadDec_R.o)
                              .\CortexM3\ARM_GCC_541\Debug\main.o (QuadDec_R_GetCounter)
.\CortexM3\ARM_GCC_541\Debug\rotary_enc_hard.a(PWM_R.o)
                              .\CortexM3\ARM_GCC_541\Debug\main.o (PWM_R_WriteCompare)
.\CortexM3\ARM_GCC_541\Debug\rotary_enc_hard.a(QuadDec_L_Cnt16.o)
                              .\CortexM3\ARM_GCC_541\Debug\rotary_enc_hard.a(QuadDec_L.o) (QuadDec_L_Cnt16_Stop)
.\CortexM3\ARM_GCC_541\Debug\rotary_enc_hard.a(QuadDec_R_Cnt16.o)
                              .\CortexM3\ARM_GCC_541\Debug\rotary_enc_hard.a(QuadDec_R.o) (QuadDec_R_Cnt16_Stop)
.\CortexM3\ARM_GCC_541\Debug\rotary_enc_hard.a(CyBootAsmGnu.o)
                              .\CortexM3\ARM_GCC_541\Debug\cyfitter_cfg.o (CyDelayCycles)
.\CortexM3\ARM_GCC_541\Debug\rotary_enc_hard.a(CyFlash.o)
                              .\CortexM3\ARM_GCC_541\Debug\rotary_enc_hard.a(cyPm.o) (CyFlash_SetWaitCycles)
.\CortexM3\ARM_GCC_541\Debug\rotary_enc_hard.a(CySpc.o)
                              .\CortexM3\ARM_GCC_541\Debug\rotary_enc_hard.a(CyFlash.o) (CySpcStart)
c:/program files (x86)/cypress/psoc creator/4.1/psoc creator/import/gnu/arm/5.4.1/bin/../lib/gcc/arm-none-eabi/5.4.1/armv7-m\libgcc.a(_arm_addsubsf3.o)
                              .\CortexM3\ARM_GCC_541\Debug\main.o (__aeabi_fadd)
c:/program files (x86)/cypress/psoc creator/4.1/psoc creator/import/gnu/arm/5.4.1/bin/../lib/gcc/arm-none-eabi/5.4.1/armv7-m\libgcc.a(_arm_muldivsf3.o)
                              .\CortexM3\ARM_GCC_541\Debug\main.o (__aeabi_fmul)
c:/program files (x86)/cypress/psoc creator/4.1/psoc creator/import/gnu/arm/5.4.1/bin/../lib/gcc/arm-none-eabi/5.4.1/armv7-m\libgcc.a(_arm_fixsfsi.o)
                              .\CortexM3\ARM_GCC_541\Debug\main.o (__aeabi_f2iz)
c:/program files (x86)/cypress/psoc creator/4.1/psoc creator/import/gnu/arm/5.4.1/bin/../lib/gcc/arm-none-eabi/5.4.1/armv7-m\libgcc.a(_arm_fixunssfsi.o)
                              .\CortexM3\ARM_GCC_541\Debug\main.o (__aeabi_f2uiz)
c:/program files (x86)/cypress/psoc creator/4.1/psoc creator/import/gnu/arm/5.4.1/bin/../lib/gcc/arm-none-eabi/5.4.1/../../../../arm-none-eabi/lib/armv7-m\libg_nano.a(lib_a-errno.o)
                              .\CortexM3\ARM_GCC_541\Debug\Cm3Start.o (__errno)
c:/program files (x86)/cypress/psoc creator/4.1/psoc creator/import/gnu/arm/5.4.1/bin/../lib/gcc/arm-none-eabi/5.4.1/../../../../arm-none-eabi/lib/armv7-m\libg_nano.a(lib_a-exit.o)
                              c:/program files (x86)/cypress/psoc creator/4.1/psoc creator/import/gnu/arm/5.4.1/bin/../lib/gcc/arm-none-eabi/5.4.1/../../../../arm-none-eabi/lib/armv7-m/crt0.o (exit)
c:/program files (x86)/cypress/psoc creator/4.1/psoc creator/import/gnu/arm/5.4.1/bin/../lib/gcc/arm-none-eabi/5.4.1/../../../../arm-none-eabi/lib/armv7-m\libg_nano.a(lib_a-impure.o)
                              c:/program files (x86)/cypress/psoc creator/4.1/psoc creator/import/gnu/arm/5.4.1/bin/../lib/gcc/arm-none-eabi/5.4.1/../../../../arm-none-eabi/lib/armv7-m\libg_nano.a(lib_a-exit.o) (_global_impure_ptr)
c:/program files (x86)/cypress/psoc creator/4.1/psoc creator/import/gnu/arm/5.4.1/bin/../lib/gcc/arm-none-eabi/5.4.1/../../../../arm-none-eabi/lib/armv7-m\libg_nano.a(lib_a-init.o)
                              c:/program files (x86)/cypress/psoc creator/4.1/psoc creator/import/gnu/arm/5.4.1/bin/../lib/gcc/arm-none-eabi/5.4.1/../../../../arm-none-eabi/lib/armv7-m/crt0.o (__libc_init_array)
c:/program files (x86)/cypress/psoc creator/4.1/psoc creator/import/gnu/arm/5.4.1/bin/../lib/gcc/arm-none-eabi/5.4.1/../../../../arm-none-eabi/lib/armv7-m\libg_nano.a(lib_a-memcpy-stub.o)
                              .\CortexM3\ARM_GCC_541\Debug\cyfitter_cfg.o (memcpy)
[...]
Memory Configuration

Name             Origin             Length             Attributes
rom              0x00000000         0x00040000         xr
ram              0x1fff8000         0x00010000         xrw
*default*        0x00000000         0xffffffff

Linker script and memory map

LOAD c:/program files (x86)/cypress/psoc creator/4.1/psoc creator/import/gnu/arm/5.4.1/bin/../lib/gcc/arm-none-eabi/5.4.1/armv7-m/crti.o
LOAD c:/program files (x86)/cypress/psoc creator/4.1/psoc creator/import/gnu/arm/5.4.1/bin/../lib/gcc/arm-none-eabi/5.4.1/armv7-m/crtbegin.o
LOAD c:/program files (x86)/cypress/psoc creator/4.1/psoc creator/import/gnu/arm/5.4.1/bin/../lib/gcc/arm-none-eabi/5.4.1/../../../../arm-none-eabi/lib/armv7-m/crt0.o
START GROUP
LOAD .\CortexM3\ARM_GCC_541\Debug\main.o
LOAD .\CortexM3\ARM_GCC_541\Debug\cyfitter_cfg.o
LOAD .\CortexM3\ARM_GCC_541\Debug\cymetadata.o
LOAD .\CortexM3\ARM_GCC_541\Debug\Cm3Start.o
LOAD .\CortexM3\ARM_GCC_541\Debug\rotary_enc_hard.a
LOAD C:\Program Files (x86)\Cypress\PSoC Creator\4.1\PSoC Creator\psoc\content\cycomponentlibrary\CyComponentLibrary.cylib\CortexM3\ARM_GCC_541\Debug\CyComponentLibrary.a
END GROUP
START GROUP
LOAD c:/program files (x86)/cypress/psoc creator/4.1/psoc creator/import/gnu/arm/5.4.1/bin/../lib/gcc/arm-none-eabi/5.4.1/armv7-m\libgcc.a
LOAD c:/program files (x86)/cypress/psoc creator/4.1/psoc creator/import/gnu/arm/5.4.1/bin/../lib/gcc/arm-none-eabi/5.4.1/../../../../arm-none-eabi/lib/armv7-m\libg_nano.a
LOAD c:/program files (x86)/cypress/psoc creator/4.1/psoc creator/import/gnu/arm/5.4.1/bin/../lib/gcc/arm-none-eabi/5.4.1/../../../../arm-none-eabi/lib/armv7-m\libc_nano.a
END GROUP
START GROUP
LOAD c:/program files (x86)/cypress/psoc creator/4.1/psoc creator/import/gnu/arm/5.4.1/bin/../lib/gcc/arm-none-eabi/5.4.1/armv7-m\libgcc.a
LOAD c:/program files (x86)/cypress/psoc creator/4.1/psoc creator/import/gnu/arm/5.4.1/bin/../lib/gcc/arm-none-eabi/5.4.1/../../../../arm-none-eabi/lib/armv7-m\libc_nano.a
END GROUP
LOAD c:/program files (x86)/cypress/psoc creator/4.1/psoc creator/import/gnu/arm/5.4.1/bin/../lib/gcc/arm-none-eabi/5.4.1/armv7-m/crtend.o
LOAD c:/program files (x86)/cypress/psoc creator/4.1/psoc creator/import/gnu/arm/5.4.1/bin/../lib/gcc/arm-none-eabi/5.4.1/armv7-m/crtn.o
START GROUP
LOAD c:/program files (x86)/cypress/psoc creator/4.1/psoc creator/import/gnu/arm/5.4.1/bin/../lib/gcc/arm-none-eabi/5.4.1/armv7-m\libgcc.a
LOAD c:/program files (x86)/cypress/psoc creator/4.1/psoc creator/import/gnu/arm/5.4.1/bin/../lib/gcc/arm-none-eabi/5.4.1/../../../../arm-none-eabi/lib/armv7-m\libc.a
LOAD c:/program files (x86)/cypress/psoc creator/4.1/psoc creator/import/gnu/arm/5.4.1/bin/../lib/gcc/arm-none-eabi/5.4.1/../../../../arm-none-eabi/lib/armv7-m\libnosys.a
END GROUP
                0x00000000                CY_APPL_ORIGIN = 0x0
                0x00000100                CY_FLASH_ROW_SIZE = 0x100
                0x00000020                CY_ECC_ROW_SIZE = 0x20
                0x00000000                CY_EE_IN_BTLDR = 0x0
                0x00000000                CY_APPL_LOADABLE = 0x0
                0x00000800                CY_EE_SIZE = 0x800
                0x00000001                CY_APPL_NUM = 0x1
                0x00000001                CY_APPL_MAX = 0x1
                0x00000040                CY_METADATA_SIZE = 0x40
                0x00000000                CY_APPL_LOADABLE = 0x0
                0x00000000                CY_CHECKSUM_EXCLUDE_SIZE = ALIGN (0x0, CY_FLASH_ROW_SIZE)
                [!provide]                PROVIDE (__cy_heap_start, _end)
                0x00000001                PROVIDE (__cy_region_num, ((__cy_regions_end - __cy_regions) / 0x10))
                0x20008000                PROVIDE (__cy_stack, (ORIGIN (ram) + LENGTH (ram)))
                [!provide]                PROVIDE (__cy_heap_end, (__cy_stack - 0x800))

.cybootloader   0x00000000        0x0
 *(.cybootloader)
                0x00000000                appl1_start = CY_APPL_ORIGIN?CY_APPL_ORIGIN:ALIGN (CY_FLASH_ROW_SIZE)
                0x0001ff00                appl2_start = (appl1_start + ALIGN ((((LENGTH (rom) - appl1_start) - (0x2 * CY_FLASH_ROW_SIZE)) / 0x2), CY_FLASH_ROW_SIZE))
                0x00000000                appl_start = (CY_APPL_NUM == 0x1)?appl1_start:appl2_start
                0x00000000                ecc_offset = ((appl_start / CY_FLASH_ROW_SIZE) * CY_ECC_ROW_SIZE)
                0x00000000                ee_offset = (CY_APPL_LOADABLE && ! (CY_EE_IN_BTLDR))?((CY_EE_SIZE / CY_APPL_MAX) * (CY_APPL_NUM - 0x1)):0x0
                0x00000800                ee_size = (CY_APPL_LOADABLE && ! (CY_EE_IN_BTLDR))?(CY_EE_SIZE / CY_APPL_MAX):CY_EE_SIZE
                [!provide]                PROVIDE (CY_ECC_OFFSET, ecc_offset)

.text           0x00000000     0x1ac0
 CREATE_OBJECT_SYMBOLS
                0x00000000                PROVIDE (__cy_interrupt_vector, RomVectors)
 *(.romvectors)
 .romvectors    0x00000000       0x10 .\CortexM3\ARM_GCC_541\Debug\Cm3Start.o
                0x00000000                RomVectors
                0x00000001                ASSERT ((. != __cy_interrupt_vector), No interrupt vector)
                0x00000001                ASSERT (CY_APPL_ORIGIN?(SIZEOF (.cybootloader) <= CY_APPL_ORIGIN):0x1, Wrong image location)
                0x00000010                PROVIDE (__cy_reset, Reset)
 *(.text.Reset)
 .text.Reset    0x00000010       0x18 .\CortexM3\ARM_GCC_541\Debug\Cm3Start.o
                0x00000010                Reset
                0x00000001                ASSERT ((. != __cy_reset), No reset code)
 *(.dma_init)
                0x00000001                ASSERT ((((appl_start + .) <= 0x10000) || 0x1), DMA Init must be within the first 64k of flash)
 *(.text .text.* .gnu.linkonce.t.*)
 .text          0x00000028       0x5c c:/program files (x86)/cypress/psoc creator/4.1/psoc creator/import/gnu/arm/5.4.1/bin/../lib/gcc/arm-none-eabi/5.4.1/armv7-m/crtbegin.o
 .text.dtisr_func
                0x00000084      0x174 .\CortexM3\ARM_GCC_541\Debug\main.o
                0x00000084                dtisr_func
 .text.init     0x000001f8       0x44 .\CortexM3\ARM_GCC_541\Debug\main.o
                0x000001f8                init
 .text.main     0x0000023c       0xac .\CortexM3\ARM_GCC_541\Debug\main.o
                0x0000023c                main
 .text.CyClockStartupError
                0x000002e8        0x4 .\CortexM3\ARM_GCC_541\Debug\cyfitter_cfg.o
 .text.cfg_write_bytes32
                0x000002ec       0x34 .\CortexM3\ARM_GCC_541\Debug\cyfitter_cfg.o
 .text.AnalogSetDefault
                0x00000320       0x28 .\CortexM3\ARM_GCC_541\Debug\cyfitter_cfg.o
 .text.CYMEMZERO
                0x00000348        0xc .\CortexM3\ARM_GCC_541\Debug\cyfitter_cfg.o
 .text.ClockSetup
                0x00000354       0xe8 .\CortexM3\ARM_GCC_541\Debug\cyfitter_cfg.o
 .text.CYCONFIGCPY
                0x0000043c        0x8 .\CortexM3\ARM_GCC_541\Debug\cyfitter_cfg.o
 .text.cyfitter_cfg
                0x00000444      0x13c .\CortexM3\ARM_GCC_541\Debug\cyfitter_cfg.o
                0x00000444                cyfitter_cfg
 .text.IntDefaultHandler
                0x00000580       0x10 .\CortexM3\ARM_GCC_541\Debug\Cm3Start.o
                0x00000580                IntDefaultHandler
 .text._sbrk    0x00000590       0x30 .\CortexM3\ARM_GCC_541\Debug\Cm3Start.o
                0x00000590                _sbrk
 .text.Start_c  0x000005c0       0x4c .\CortexM3\ARM_GCC_541\Debug\Cm3Start.o
                0x000005c0                Start_c
 .text.initialize_psoc
                0x0000060c       0x68 .\CortexM3\ARM_GCC_541\Debug\Cm3Start.o
                0x0000060c                initialize_psoc
 .text.dt_isr_SetVector
                0x00000674        0xc .\CortexM3\ARM_GCC_541\Debug\rotary_enc_hard.a(dt_isr.o)
                0x00000674                dt_isr_SetVector
 .text.dt_isr_SetPriority
                0x00000680       0x10 .\CortexM3\ARM_GCC_541\Debug\rotary_enc_hard.a(dt_isr.o)
                0x00000680                dt_isr_SetPriority
 .text.dt_isr_Enable
                0x00000690        0xc .\CortexM3\ARM_GCC_541\Debug\rotary_enc_hard.a(dt_isr.o)
                0x00000690                dt_isr_Enable
 .text.dt_isr_Disable
                0x0000069c        0xc .\CortexM3\ARM_GCC_541\Debug\rotary_enc_hard.a(dt_isr.o)
                0x0000069c                dt_isr_Disable
 .text.dt_isr_StartEx
                0x000006a8       0x1c .\CortexM3\ARM_GCC_541\Debug\rotary_enc_hard.a(dt_isr.o)
                0x000006a8                dt_isr_StartEx
 .text.UART_Init
                0x000006c4       0x28 .\CortexM3\ARM_GCC_541\Debug\rotary_enc_hard.a(UART.o)
                0x000006c4                UART_Init
 .text.UART_Enable
                0x000006ec       0x38 .\CortexM3\ARM_GCC_541\Debug\rotary_enc_hard.a(UART.o)
                0x000006ec                UART_Enable
 .text.UART_Start
                0x00000724       0x1c .\CortexM3\ARM_GCC_541\Debug\rotary_enc_hard.a(UART.o)
                0x00000724                UART_Start
 .text.UART_PutChar
                0x00000740       0x18 .\CortexM3\ARM_GCC_541\Debug\rotary_enc_hard.a(UART.o)
                0x00000740                UART_PutChar
 .text.UART_PutString
                0x00000758       0x24 .\CortexM3\ARM_GCC_541\Debug\rotary_enc_hard.a(UART.o)
                0x00000758                UART_PutString
 .text.UART_PutCRLF
                0x0000077c       0x20 .\CortexM3\ARM_GCC_541\Debug\rotary_enc_hard.a(UART.o)
                0x0000077c                UART_PutCRLF
 .text.UART_IntClock_Start
                0x0000079c       0x1c .\CortexM3\ARM_GCC_541\Debug\rotary_enc_hard.a(UART_IntClock.o)
                0x0000079c                UART_IntClock_Start
 .text.QuadDec_L_GetCounter
                0x000007b8       0x10 .\CortexM3\ARM_GCC_541\Debug\rotary_enc_hard.a(QuadDec_L.o)
                0x000007b8                QuadDec_L_GetCounter
 .text.QuadDec_L_SetCounter
                0x000007c8       0x1c .\CortexM3\ARM_GCC_541\Debug\rotary_enc_hard.a(QuadDec_L.o)
                0x000007c8                QuadDec_L_SetCounter
 .text.QuadDec_L_GetEvents
                0x000007e4       0x10 .\CortexM3\ARM_GCC_541\Debug\rotary_enc_hard.a(QuadDec_L.o)
                0x000007e4                QuadDec_L_GetEvents
 .text.QuadDec_L_SetInterruptMask
                0x000007f4        0xc .\CortexM3\ARM_GCC_541\Debug\rotary_enc_hard.a(QuadDec_L.o)
                0x000007f4                QuadDec_L_SetInterruptMask
 .text.QuadDec_L_Enable
                0x00000800       0x24 .\CortexM3\ARM_GCC_541\Debug\rotary_enc_hard.a(QuadDec_L.o)
                0x00000800                QuadDec_L_Enable
 .text.QuadDec_L_Start
                0x00000824       0x24 .\CortexM3\ARM_GCC_541\Debug\rotary_enc_hard.a(QuadDec_L.o)
                0x00000824                QuadDec_L_Start
 .text.PWM_L_Enable
                0x00000848       0x10 .\CortexM3\ARM_GCC_541\Debug\rotary_enc_hard.a(PWM_L.o)
                0x00000848                PWM_L_Enable
 .text.PWM_L_WriteCounter
                0x00000858        0xc .\CortexM3\ARM_GCC_541\Debug\rotary_enc_hard.a(PWM_L.o)
                0x00000858                PWM_L_WriteCounter
 .text.PWM_L_WritePeriod
                0x00000864        0xc .\CortexM3\ARM_GCC_541\Debug\rotary_enc_hard.a(PWM_L.o)
                0x00000864                PWM_L_WritePeriod
 .text.PWM_L_WriteCompare
                0x00000870        0xc .\CortexM3\ARM_GCC_541\Debug\rotary_enc_hard.a(PWM_L.o)
                0x00000870                PWM_L_WriteCompare
 .text.PWM_L_SetInterruptMode
                0x0000087c        0xc .\CortexM3\ARM_GCC_541\Debug\rotary_enc_hard.a(PWM_L.o)
                0x0000087c                PWM_L_SetInterruptMode
 .text.PWM_L_ReadStatusRegister
                0x00000888        0xc .\CortexM3\ARM_GCC_541\Debug\rotary_enc_hard.a(PWM_L.o)
                0x00000888                PWM_L_ReadStatusRegister
 .text.PWM_L_ReadCapture
                0x00000894        0xc .\CortexM3\ARM_GCC_541\Debug\rotary_enc_hard.a(PWM_L.o)
                0x00000894                PWM_L_ReadCapture
 .text.PWM_L_ClearFIFO
                0x000008a0       0x14 .\CortexM3\ARM_GCC_541\Debug\rotary_enc_hard.a(PWM_L.o)
                0x000008a0                PWM_L_ClearFIFO
 .text.PWM_L_Init
                0x000008b4       0x60 .\CortexM3\ARM_GCC_541\Debug\rotary_enc_hard.a(PWM_L.o)
                0x000008b4                PWM_L_Init
 .text.PWM_L_Start
                0x00000914       0x1c .\CortexM3\ARM_GCC_541\Debug\rotary_enc_hard.a(PWM_L.o)
                0x00000914                PWM_L_Start
 .text.QuadDec_R_GetCounter
                0x00000930       0x10 .\CortexM3\ARM_GCC_541\Debug\rotary_enc_hard.a(QuadDec_R.o)
                0x00000930                QuadDec_R_GetCounter
 .text.QuadDec_R_SetCounter
                0x00000940       0x1c .\CortexM3\ARM_GCC_541\Debug\rotary_enc_hard.a(QuadDec_R.o)
                0x00000940                QuadDec_R_SetCounter
 .text.QuadDec_R_GetEvents
                0x0000095c       0x10 .\CortexM3\ARM_GCC_541\Debug\rotary_enc_hard.a(QuadDec_R.o)
                0x0000095c                QuadDec_R_GetEvents
 .text.QuadDec_R_SetInterruptMask
                0x0000096c        0xc .\CortexM3\ARM_GCC_541\Debug\rotary_enc_hard.a(QuadDec_R.o)
                0x0000096c                QuadDec_R_SetInterruptMask
 .text.QuadDec_R_Enable
                0x00000978       0x24 .\CortexM3\ARM_GCC_541\Debug\rotary_enc_hard.a(QuadDec_R.o)
                0x00000978                QuadDec_R_Enable
 .text.QuadDec_R_Start
                0x0000099c       0x24 .\CortexM3\ARM_GCC_541\Debug\rotary_enc_hard.a(QuadDec_R.o)
                0x0000099c                QuadDec_R_Start
 .text.PWM_R_Enable
                0x000009c0       0x10 .\CortexM3\ARM_GCC_541\Debug\rotary_enc_hard.a(PWM_R.o)
                0x000009c0                PWM_R_Enable
 .text.PWM_R_WriteCounter
                0x000009d0        0xc .\CortexM3\ARM_GCC_541\Debug\rotary_enc_hard.a(PWM_R.o)
                0x000009d0                PWM_R_WriteCounter
 .text.PWM_R_WritePeriod
                0x000009dc        0xc .\CortexM3\ARM_GCC_541\Debug\rotary_enc_hard.a(PWM_R.o)
                0x000009dc                PWM_R_WritePeriod
 .text.PWM_R_WriteCompare
                0x000009e8        0xc .\CortexM3\ARM_GCC_541\Debug\rotary_enc_hard.a(PWM_R.o)
                0x000009e8                PWM_R_WriteCompare
 .text.PWM_R_SetInterruptMode
                0x000009f4        0xc .\CortexM3\ARM_GCC_541\Debug\rotary_enc_hard.a(PWM_R.o)
                0x000009f4                PWM_R_SetInterruptMode
 .text.PWM_R_ReadStatusRegister
                0x00000a00        0xc .\CortexM3\ARM_GCC_541\Debug\rotary_enc_hard.a(PWM_R.o)
                0x00000a00                PWM_R_ReadStatusRegister
 .text.PWM_R_ReadCapture
                0x00000a0c        0xc .\CortexM3\ARM_GCC_541\Debug\rotary_enc_hard.a(PWM_R.o)
                0x00000a0c                PWM_R_ReadCapture
 .text.PWM_R_ClearFIFO
                0x00000a18       0x14 .\CortexM3\ARM_GCC_541\Debug\rotary_enc_hard.a(PWM_R.o)
                0x00000a18                PWM_R_ClearFIFO
 .text.PWM_R_Init
                0x00000a2c       0x60 .\CortexM3\ARM_GCC_541\Debug\rotary_enc_hard.a(PWM_R.o)
                0x00000a2c                PWM_R_Init
 .text.PWM_R_Start
                0x00000a8c       0x1c .\CortexM3\ARM_GCC_541\Debug\rotary_enc_hard.a(PWM_R.o)
                0x00000a8c                PWM_R_Start
 .text.QuadDec_L_Cnt16_Enable
                0x00000aa8       0x10 .\CortexM3\ARM_GCC_541\Debug\rotary_enc_hard.a(QuadDec_L_Cnt16.o)
                0x00000aa8                QuadDec_L_Cnt16_Enable
 .text.QuadDec_L_Cnt16_SetInterruptMode
                0x00000ab8        0xc .\CortexM3\ARM_GCC_541\Debug\rotary_enc_hard.a(QuadDec_L_Cnt16.o)
                0x00000ab8                QuadDec_L_Cnt16_SetInterruptMode
 .text.QuadDec_L_Cnt16_ReadStatusRegister
                0x00000ac4        0xc .\CortexM3\ARM_GCC_541\Debug\rotary_enc_hard.a(QuadDec_L_Cnt16.o)
                0x00000ac4                QuadDec_L_Cnt16_ReadStatusRegister
 .text.QuadDec_L_Cnt16_WriteCounter
                0x00000ad0        0xc .\CortexM3\ARM_GCC_541\Debug\rotary_enc_hard.a(QuadDec_L_Cnt16.o)
                0x00000ad0                QuadDec_L_Cnt16_WriteCounter
 .text.QuadDec_L_Cnt16_ReadCounter
                0x00000adc       0x14 .\CortexM3\ARM_GCC_541\Debug\rotary_enc_hard.a(QuadDec_L_Cnt16.o)
                0x00000adc                QuadDec_L_Cnt16_ReadCounter
 .text.QuadDec_L_Cnt16_ReadCapture
                0x00000af0        0xc .\CortexM3\ARM_GCC_541\Debug\rotary_enc_hard.a(QuadDec_L_Cnt16.o)
                0x00000af0                QuadDec_L_Cnt16_ReadCapture
 .text.QuadDec_L_Cnt16_WritePeriod
                0x00000afc        0xc .\CortexM3\ARM_GCC_541\Debug\rotary_enc_hard.a(QuadDec_L_Cnt16.o)
                0x00000afc                QuadDec_L_Cnt16_WritePeriod
 .text.QuadDec_L_Cnt16_WriteCompare
                0x00000b08        0xc .\CortexM3\ARM_GCC_541\Debug\rotary_enc_hard.a(QuadDec_L_Cnt16.o)
                0x00000b08                QuadDec_L_Cnt16_WriteCompare
 .text.QuadDec_L_Cnt16_ClearFIFO
                0x00000b14       0x14 .\CortexM3\ARM_GCC_541\Debug\rotary_enc_hard.a(QuadDec_L_Cnt16.o)
                0x00000b14                QuadDec_L_Cnt16_ClearFIFO
 .text.QuadDec_L_Cnt16_Init
                0x00000b28       0x58 .\CortexM3\ARM_GCC_541\Debug\rotary_enc_hard.a(QuadDec_L_Cnt16.o)
                0x00000b28                QuadDec_L_Cnt16_Init
 .text.QuadDec_L_Cnt16_Start
                0x00000b80       0x1c .\CortexM3\ARM_GCC_541\Debug\rotary_enc_hard.a(QuadDec_L_Cnt16.o)
                0x00000b80                QuadDec_L_Cnt16_Start
 .text.QuadDec_R_Cnt16_Enable
                0x00000b9c       0x10 .\CortexM3\ARM_GCC_541\Debug\rotary_enc_hard.a(QuadDec_R_Cnt16.o)
                0x00000b9c                QuadDec_R_Cnt16_Enable
 .text.QuadDec_R_Cnt16_SetInterruptMode
                0x00000bac        0xc .\CortexM3\ARM_GCC_541\Debug\rotary_enc_hard.a(QuadDec_R_Cnt16.o)
                0x00000bac                QuadDec_R_Cnt16_SetInterruptMode
 .text.QuadDec_R_Cnt16_ReadStatusRegister
                0x00000bb8        0xc .\CortexM3\ARM_GCC_541\Debug\rotary_enc_hard.a(QuadDec_R_Cnt16.o)
                0x00000bb8                QuadDec_R_Cnt16_ReadStatusRegister
 .text.QuadDec_R_Cnt16_WriteCounter
                0x00000bc4        0xc .\CortexM3\ARM_GCC_541\Debug\rotary_enc_hard.a(QuadDec_R_Cnt16.o)
                0x00000bc4                QuadDec_R_Cnt16_WriteCounter
 .text.QuadDec_R_Cnt16_ReadCounter
                0x00000bd0       0x14 .\CortexM3\ARM_GCC_541\Debug\rotary_enc_hard.a(QuadDec_R_Cnt16.o)
                0x00000bd0                QuadDec_R_Cnt16_ReadCounter
 .text.QuadDec_R_Cnt16_ReadCapture
                0x00000be4        0xc .\CortexM3\ARM_GCC_541\Debug\rotary_enc_hard.a(QuadDec_R_Cnt16.o)
                0x00000be4                QuadDec_R_Cnt16_ReadCapture
 .text.QuadDec_R_Cnt16_WritePeriod
                0x00000bf0        0xc .\CortexM3\ARM_GCC_541\Debug\rotary_enc_hard.a(QuadDec_R_Cnt16.o)
                0x00000bf0                QuadDec_R_Cnt16_WritePeriod
 .text.QuadDec_R_Cnt16_WriteCompare
                0x00000bfc        0xc .\CortexM3\ARM_GCC_541\Debug\rotary_enc_hard.a(QuadDec_R_Cnt16.o)
                0x00000bfc                QuadDec_R_Cnt16_WriteCompare
 .text.QuadDec_R_Cnt16_ClearFIFO
                0x00000c08       0x14 .\CortexM3\ARM_GCC_541\Debug\rotary_enc_hard.a(QuadDec_R_Cnt16.o)
                0x00000c08                QuadDec_R_Cnt16_ClearFIFO
 .text.QuadDec_R_Cnt16_Init
                0x00000c1c       0x58 .\CortexM3\ARM_GCC_541\Debug\rotary_enc_hard.a(QuadDec_R_Cnt16.o)
                0x00000c1c                QuadDec_R_Cnt16_Init
 .text.QuadDec_R_Cnt16_Start
                0x00000c74       0x1c .\CortexM3\ARM_GCC_541\Debug\rotary_enc_hard.a(QuadDec_R_Cnt16.o)
                0x00000c74                QuadDec_R_Cnt16_Start
 .text          0x00000c90       0x20 .\CortexM3\ARM_GCC_541\Debug\rotary_enc_hard.a(CyBootAsmGnu.o)
                0x00000c90                CyDelayCycles
                0x00000ca0                CyEnterCriticalSection
                0x00000ca8                CyExitCriticalSection
 .text          0x00000cb0      0x21c c:/program files (x86)/cypress/psoc creator/4.1/psoc creator/import/gnu/arm/5.4.1/bin/../lib/gcc/arm-none-eabi/5.4.1/armv7-m\libgcc.a(_arm_addsubsf3.o)
                0x00000cb0                __aeabi_frsub
                0x00000cb8                __subsf3
                0x00000cb8                __aeabi_fsub
                0x00000cbc                __aeabi_fadd
                0x00000cbc                __addsf3
                0x00000e1c                __aeabi_ui2f
                0x00000e1c                __floatunsisf
                0x00000e24                __aeabi_i2f
                0x00000e24                __floatsisf
                0x00000e40                __aeabi_ul2f
                0x00000e40                __floatundisf
                0x00000e50                __aeabi_l2f
                0x00000e50                __floatdisf
 .text          0x00000ecc      0x2a0 c:/program files (x86)/cypress/psoc creator/4.1/psoc creator/import/gnu/arm/5.4.1/bin/../lib/gcc/arm-none-eabi/5.4.1/armv7-m\libgcc.a(_arm_muldivsf3.o)
                0x00000ecc                __mulsf3
                0x00000ecc                __aeabi_fmul
                0x00001034                __aeabi_fdiv
                0x00001034                __divsf3
 .text          0x0000116c       0x4c c:/program files (x86)/cypress/psoc creator/4.1/psoc creator/import/gnu/arm/5.4.1/bin/../lib/gcc/arm-none-eabi/5.4.1/armv7-m\libgcc.a(_arm_fixsfsi.o)
                0x0000116c                __aeabi_f2iz
                0x0000116c                __fixsfsi
 .text          0x000011b8       0x40 c:/program files (x86)/cypress/psoc creator/4.1/psoc creator/import/gnu/arm/5.4.1/bin/../lib/gcc/arm-none-eabi/5.4.1/armv7-m\libgcc.a(_arm_fixunssfsi.o)
                0x000011b8                __fixunssfsi
                0x000011b8                __aeabi_f2uiz
 .text.__errno  0x000011f8        0xc c:/program files (x86)/cypress/psoc creator/4.1/psoc creator/import/gnu/arm/5.4.1/bin/../lib/gcc/arm-none-eabi/5.4.1/../../../../arm-none-eabi/lib/armv7-m\libg_nano.a(lib_a-errno.o)
                0x000011f8                __errno
 .text.__libc_init_array
                0x00001204       0x4c c:/program files (x86)/cypress/psoc creator/4.1/psoc creator/import/gnu/arm/5.4.1/bin/../lib/gcc/arm-none-eabi/5.4.1/../../../../arm-none-eabi/lib/armv7-m\libg_nano.a(lib_a-init.o)
                0x00001204                __libc_init_array
 .text.memcpy   0x00001250       0x16 c:/program files (x86)/cypress/psoc creator/4.1/psoc creator/import/gnu/arm/5.4.1/bin/../lib/gcc/arm-none-eabi/5.4.1/../../../../arm-none-eabi/lib/armv7-m\libg_nano.a(lib_a-memcpy-stub.o)
                0x00001250                memcpy
 .text.memset   0x00001266       0x10 c:/program files (x86)/cypress/psoc creator/4.1/psoc creator/import/gnu/arm/5.4.1/bin/../lib/gcc/arm-none-eabi/5.4.1/../../../../arm-none-eabi/lib/armv7-m\libg_nano.a(lib_a-memset.o)
                0x00001266                memset
 *fill*         0x00001276        0x2 
 .text.sprintf  0x00001278       0x48 c:/program files (x86)/cypress/psoc creator/4.1/psoc creator/import/gnu/arm/5.4.1/bin/../lib/gcc/arm-none-eabi/5.4.1/../../../../arm-none-eabi/lib/armv7-m\libg_nano.a(lib_a-sprintf.o)
                0x00001278                siprintf
                0x00001278                sprintf
 .text.__ssputs_r
                0x000012c0       0xb2 c:/program files (x86)/cypress/psoc creator/4.1/psoc creator/import/gnu/arm/5.4.1/bin/../lib/gcc/arm-none-eabi/5.4.1/../../../../arm-none-eabi/lib/armv7-m\libg_nano.a(lib_a-nano-svfprintf.o)
                0x000012c0                __ssputs_r
 *fill*         0x00001372        0x2 
 .text._svfprintf_r
                0x00001374      0x1e8 c:/program files (x86)/cypress/psoc creator/4.1/psoc creator/import/gnu/arm/5.4.1/bin/../lib/gcc/arm-none-eabi/5.4.1/../../../../arm-none-eabi/lib/armv7-m\libg_nano.a(lib_a-nano-svfprintf.o)
                0x00001374                _svfiprintf_r
                0x00001374                _svfprintf_r
 .text._printf_common
                0x0000155c       0xec c:/program files (x86)/cypress/psoc creator/4.1/psoc creator/import/gnu/arm/5.4.1/bin/../lib/gcc/arm-none-eabi/5.4.1/../../../../arm-none-eabi/lib/armv7-m\libg_nano.a(lib_a-nano-vfprintf_i.o)
                0x0000155c                _printf_common
 .text._printf_i
                0x00001648      0x24c c:/program files (x86)/cypress/psoc creator/4.1/psoc creator/import/gnu/arm/5.4.1/bin/../lib/gcc/arm-none-eabi/5.4.1/../../../../arm-none-eabi/lib/armv7-m\libg_nano.a(lib_a-nano-vfprintf_i.o)
                0x00001648                _printf_i
 .text.memchr   0x00001894       0x1c c:/program files (x86)/cypress/psoc creator/4.1/psoc creator/import/gnu/arm/5.4.1/bin/../lib/gcc/arm-none-eabi/5.4.1/../../../../arm-none-eabi/lib/armv7-m\libg_nano.a(lib_a-memchr-stub.o)
                0x00001894                memchr
 .text.memmove  0x000018b0       0x36 c:/program files (x86)/cypress/psoc creator/4.1/psoc creator/import/gnu/arm/5.4.1/bin/../lib/gcc/arm-none-eabi/5.4.1/../../../../arm-none-eabi/lib/armv7-m\libg_nano.a(lib_a-memmove.o)
                0x000018b0                memmove
 *fill*         0x000018e6        0x2 
 .text._free_r  0x000018e8       0x98 c:/program files (x86)/cypress/psoc creator/4.1/psoc creator/import/gnu/arm/5.4.1/bin/../lib/gcc/arm-none-eabi/5.4.1/../../../../arm-none-eabi/lib/armv7-m\libg_nano.a(lib_a-nano-freer.o)
                0x000018e8                _free_r
 .text._malloc_r
                0x00001980       0xbc c:/program files (x86)/cypress/psoc creator/4.1/psoc creator/import/gnu/arm/5.4.1/bin/../lib/gcc/arm-none-eabi/5.4.1/../../../../arm-none-eabi/lib/armv7-m\libg_nano.a(lib_a-nano-mallocr.o)
                0x00001980                _malloc_r
 .text._realloc_r
                0x00001a3c       0x4c c:/program files (x86)/cypress/psoc creator/4.1/psoc creator/import/gnu/arm/5.4.1/bin/../lib/gcc/arm-none-eabi/5.4.1/../../../../arm-none-eabi/lib/armv7-m\libg_nano.a(lib_a-nano-reallocr.o)
                0x00001a3c                _realloc_r
 .text._sbrk_r  0x00001a88       0x20 c:/program files (x86)/cypress/psoc creator/4.1/psoc creator/import/gnu/arm/5.4.1/bin/../lib/gcc/arm-none-eabi/5.4.1/../../../../arm-none-eabi/lib/armv7-m\libg_nano.a(lib_a-sbrkr.o)
                0x00001a88                _sbrk_r
 .text.__malloc_lock
                0x00001aa8        0x2 c:/program files (x86)/cypress/psoc creator/4.1/psoc creator/import/gnu/arm/5.4.1/bin/../lib/gcc/arm-none-eabi/5.4.1/../../../../arm-none-eabi/lib/armv7-m\libg_nano.a(lib_a-mlock.o)
                0x00001aa8                __malloc_lock
 .text.__malloc_unlock
                0x00001aaa        0x2 c:/program files (x86)/cypress/psoc creator/4.1/psoc creator/import/gnu/arm/5.4.1/bin/../lib/gcc/arm-none-eabi/5.4.1/../../../../arm-none-eabi/lib/armv7-m\libg_nano.a(lib_a-mlock.o)
                0x00001aaa                __malloc_unlock
 .text._malloc_usable_size_r
                0x00001aac       0x14 c:/program files (x86)/cypress/psoc creator/4.1/psoc creator/import/gnu/arm/5.4.1/bin/../lib/gcc/arm-none-eabi/5.4.1/../../../../arm-none-eabi/lib/armv7-m\libg_nano.a(lib_a-nano-msizer.o)
                0x00001aac                _malloc_usable_size_r
 *(.plt)
 *(.gnu.warning)
 *(.glue_7t)
 .glue_7t       0x00001ac0        0x0 linker stubs
 *(.glue_7)
 .glue_7        0x00001ac0        0x0 linker stubs
 *(.vfp11_veneer)
 .vfp11_veneer  0x00001ac0        0x0 linker stubs
 *(.bootloader)
 *(.ARM.extab* .gnu.linkonce.armextab.*)
 *(.gcc_except_table)

.v4_bx          0x00001ac0        0x0
 .v4_bx         0x00001ac0        0x0 linker stubs

.iplt           0x00001ac0        0x0
 .iplt          0x00001ac0        0x0 c:/program files (x86)/cypress/psoc creator/4.1/psoc creator/import/gnu/arm/5.4.1/bin/../lib/gcc/arm-none-eabi/5.4.1/armv7-m/crtbegin.o

.eh_frame_hdr
 *(.eh_frame_hdr)

.eh_frame       0x00001ac0        0x4
 *(.eh_frame)
 .eh_frame      0x00001ac0        0x0 c:/program files (x86)/cypress/psoc creator/4.1/psoc creator/import/gnu/arm/5.4.1/bin/../lib/gcc/arm-none-eabi/5.4.1/armv7-m/crtbegin.o
 .eh_frame      0x00001ac0        0x4 c:/program files (x86)/cypress/psoc creator/4.1/psoc creator/import/gnu/arm/5.4.1/bin/../lib/gcc/arm-none-eabi/5.4.1/armv7-m/crtend.o
                [!provide]                PROVIDE (__exidx_start, .)

.ARM.exidx
 *(.ARM.exidx* .gnu.linkonce.armexidx.*)
                0x00001ac4                __exidx_end = .

.rodata         0x00001ac4       0xe4
 *(.rodata .rodata.* .gnu.linkonce.r.*)
 .rodata.str1.4
                0x00001ac4       0x40 .\CortexM3\ARM_GCC_541\Debug\main.o
                                 0x3f (size before relaxing)
 .rodata        0x00001b04       0x36 .\CortexM3\ARM_GCC_541\Debug\cyfitter_cfg.o
 .rodata.str1.1
                0x00001b3a        0x2 c:/program files (x86)/cypress/psoc creator/4.1/psoc creator/import/gnu/arm/5.4.1/bin/../lib/gcc/arm-none-eabi/5.4.1/../../../../arm-none-eabi/lib/armv7-m\libg_nano.a(lib_a-impure.o)
 .rodata.str1.1
                0x00001b3c       0x11 c:/program files (x86)/cypress/psoc creator/4.1/psoc creator/import/gnu/arm/5.4.1/bin/../lib/gcc/arm-none-eabi/5.4.1/../../../../arm-none-eabi/lib/armv7-m\libg_nano.a(lib_a-nano-svfprintf.o)
 .rodata.str1.1
                0x00001b4d       0x22 c:/program files (x86)/cypress/psoc creator/4.1/psoc creator/import/gnu/arm/5.4.1/bin/../lib/gcc/arm-none-eabi/5.4.1/../../../../arm-none-eabi/lib/armv7-m\libg_nano.a(lib_a-nano-vfprintf_i.o)
                0x00001b70                . = ALIGN (0x4)
 *fill*         0x00001b6f        0x1 
 *(.init)
 .init          0x00001b70        0x4 c:/program files (x86)/cypress/psoc creator/4.1/psoc creator/import/gnu/arm/5.4.1/bin/../lib/gcc/arm-none-eabi/5.4.1/armv7-m/crti.o
                0x00001b70                _init
 .init          0x00001b74        0x8 c:/program files (x86)/cypress/psoc creator/4.1/psoc creator/import/gnu/arm/5.4.1/bin/../lib/gcc/arm-none-eabi/5.4.1/armv7-m/crtn.o
                0x00001b7c                . = ALIGN (0x4)
                0x00001b7c                __preinit_array_start = .
 *(.preinit_array)
                0x00001b7c                __preinit_array_end = .
                0x00001b7c                . = ALIGN (0x4)
                0x00001b7c                __init_array_start = .
 *(SORT(.init_array.*))
 *(.init_array)
 .init_array    0x00001b7c        0x4 c:/program files (x86)/cypress/psoc creator/4.1/psoc creator/import/gnu/arm/5.4.1/bin/../lib/gcc/arm-none-eabi/5.4.1/armv7-m/crtbegin.o
 .init_array    0x00001b80        0x4 .\CortexM3\ARM_GCC_541\Debug\Cm3Start.o
                0x00001b84                __init_array_end = .
                0x00001b84                . = ALIGN (0x4)
 *(.fini)
 .fini          0x00001b84        0x4 c:/program files (x86)/cypress/psoc creator/4.1/psoc creator/import/gnu/arm/5.4.1/bin/../lib/gcc/arm-none-eabi/5.4.1/armv7-m/crti.o
                0x00001b84                _fini
 .fini          0x00001b88        0x8 c:/program files (x86)/cypress/psoc creator/4.1/psoc creator/import/gnu/arm/5.4.1/bin/../lib/gcc/arm-none-eabi/5.4.1/armv7-m/crtn.o
                0x00001b90                . = ALIGN (0x4)
                0x00001b90                __fini_array_start = .
 *(.fini_array)
 .fini_array    0x00001b90        0x4 c:/program files (x86)/cypress/psoc creator/4.1/psoc creator/import/gnu/arm/5.4.1/bin/../lib/gcc/arm-none-eabi/5.4.1/armv7-m/crtbegin.o
 *(SORT(.fini_array.*))
                0x00001b94                __fini_array_end = .
                0x00001b94                . = ALIGN (0x4)
 *crtbegin.o(.ctors)
 *(EXCLUDE_FILE(*crtend.o) .ctors)
 *(SORT(.ctors.*))
 *crtend.o(.ctors)
                0x00001b94                . = ALIGN (0x4)
 *crtbegin.o(.dtors)
 *(EXCLUDE_FILE(*crtend.o) .dtors)
 *(SORT(.dtors.*))
 *crtend.o(.dtors)
                0x00001b94                . = ALIGN (0x4)
                0x00001b94                __cy_regions = .
                0x00001b94        0x4 LONG 0x1ba8 __cy_region_init_ram
                0x00001b98        0x4 LONG 0x1fff80c8 __cy_region_start_data
                0x00001b9c        0x4 LONG 0x70 __cy_region_init_size_ram
                0x00001ba0        0x4 LONG 0x98 __cy_region_zero_size_ram
                0x00001ba4                __cy_regions_end = .
                0x00001ba8                . = ALIGN (0x8)
 *fill*         0x00001ba4        0x4 
                0x00001ba8                _etext = .

.cy_checksum_exclude
                0x00001ba8        0x0
 *(.cy_checksum_exclude)

.ramvectors     0x1fff8000       0xc0
                0x1fff8000                __cy_region_start_ram = .
 *(.ramvectors)
 .ramvectors    0x1fff8000       0xc0 .\CortexM3\ARM_GCC_541\Debug\Cm3Start.o
                0x1fff8000                CyRamVectors

.noinit         0x1fff80c0        0x1
 *(.noinit)
 .noinit        0x1fff80c0        0x1 .\CortexM3\ARM_GCC_541\Debug\rotary_enc_hard.a(CyLib.o)
                0x1fff80c0                CyResetStatus

.data           0x1fff80c8       0x70 load address 0x00001ba8
                0x1fff80c8                __cy_region_start_data = .
 *(.jcr)
 .jcr           0x1fff80c8        0x0 c:/program files (x86)/cypress/psoc creator/4.1/psoc creator/import/gnu/arm/5.4.1/bin/../lib/gcc/arm-none-eabi/5.4.1/armv7-m/crtbegin.o
 .jcr           0x1fff80c8        0x4 c:/program files (x86)/cypress/psoc creator/4.1/psoc creator/import/gnu/arm/5.4.1/bin/../lib/gcc/arm-none-eabi/5.4.1/armv7-m/crtend.o
 *(.got.plt)
 *(.got)
 *(.shdata)
 *(.data .data.* .gnu.linkonce.d.*)
 .data          0x1fff80cc        0x4 .\CortexM3\ARM_GCC_541\Debug\Cm3Start.o
 .data.impure_data
                0x1fff80d0       0x60 c:/program files (x86)/cypress/psoc creator/4.1/psoc creator/import/gnu/arm/5.4.1/bin/../lib/gcc/arm-none-eabi/5.4.1/../../../../arm-none-eabi/lib/armv7-m\libg_nano.a(lib_a-impure.o)
 .data._impure_ptr
                0x1fff8130        0x4 c:/program files (x86)/cypress/psoc creator/4.1/psoc creator/import/gnu/arm/5.4.1/bin/../lib/gcc/arm-none-eabi/5.4.1/../../../../arm-none-eabi/lib/armv7-m\libg_nano.a(lib_a-impure.o)
                0x1fff8130                _impure_ptr
                0x1fff8138                . = ALIGN (0x8)
 *fill*         0x1fff8134        0x4 
 *(.ram)
                0x1fff8138                _edata = .

.igot.plt       0x1fff8138        0x0 load address 0x00001c18
 .igot.plt      0x1fff8138        0x0 c:/program files (x86)/cypress/psoc creator/4.1/psoc creator/import/gnu/arm/5.4.1/bin/../lib/gcc/arm-none-eabi/5.4.1/armv7-m/crtbegin.o

.bss            0x1fff8138       0x98 load address 0x00001c18
                0x1fff8138                PROVIDE (__bss_start__, .)
 *(.shbss)
 *(.bss .bss.* .gnu.linkonce.b.*)
 .bss           0x1fff8138       0x1c c:/program files (x86)/cypress/psoc creator/4.1/psoc creator/import/gnu/arm/5.4.1/bin/../lib/gcc/arm-none-eabi/5.4.1/armv7-m/crtbegin.o
 .bss           0x1fff8154        0x2 .\CortexM3\ARM_GCC_541\Debug\rotary_enc_hard.a(UART.o)
                0x1fff8154                UART_initVar
 .bss           0x1fff8156        0x1 .\CortexM3\ARM_GCC_541\Debug\rotary_enc_hard.a(QuadDec_L.o)
                0x1fff8156                QuadDec_L_initVar
 .bss           0x1fff8157        0x1 .\CortexM3\ARM_GCC_541\Debug\rotary_enc_hard.a(PWM_L.o)
                0x1fff8157                PWM_L_initVar
 .bss           0x1fff8158        0x1 .\CortexM3\ARM_GCC_541\Debug\rotary_enc_hard.a(QuadDec_R.o)
                0x1fff8158                QuadDec_R_initVar
 .bss           0x1fff8159        0x1 .\CortexM3\ARM_GCC_541\Debug\rotary_enc_hard.a(PWM_R.o)
                0x1fff8159                PWM_R_initVar
 .bss           0x1fff815a        0x1 .\CortexM3\ARM_GCC_541\Debug\rotary_enc_hard.a(QuadDec_L_Cnt16.o)
                0x1fff815a                QuadDec_L_Cnt16_initVar
 .bss           0x1fff815b        0x1 .\CortexM3\ARM_GCC_541\Debug\rotary_enc_hard.a(QuadDec_R_Cnt16.o)
                0x1fff815b                QuadDec_R_Cnt16_initVar
 .bss.__malloc_sbrk_start
                0x1fff815c        0x4 c:/program files (x86)/cypress/psoc creator/4.1/psoc creator/import/gnu/arm/5.4.1/bin/../lib/gcc/arm-none-eabi/5.4.1/../../../../arm-none-eabi/lib/armv7-m\libg_nano.a(lib_a-nano-mallocr.o)
                0x1fff815c                __malloc_sbrk_start
 .bss.__malloc_free_list
                0x1fff8160        0x4 c:/program files (x86)/cypress/psoc creator/4.1/psoc creator/import/gnu/arm/5.4.1/bin/../lib/gcc/arm-none-eabi/5.4.1/../../../../arm-none-eabi/lib/armv7-m\libg_nano.a(lib_a-nano-mallocr.o)
                0x1fff8160                __malloc_free_list
 *(COMMON)
 COMMON         0x1fff8164       0x68 .\CortexM3\ARM_GCC_541\Debug\main.o
                0x1fff8164                l_motor
                0x1fff8198                r_motor
 COMMON         0x1fff81cc        0x4 c:/program files (x86)/cypress/psoc creator/4.1/psoc creator/import/gnu/arm/5.4.1/bin/../lib/gcc/arm-none-eabi/5.4.1/../../../../arm-none-eabi/lib/armv7-m\libg_nano.a(lib_a-reent.o)
                0x1fff81cc                errno
                0x1fff81d0                . = ALIGN (0x8)
 *(.ram.b)
                0x1fff81d0                _end = .
                0x1fff81d0                __end = .
                0x1fff81d0                PROVIDE (end, .)
                0x1fff81d0                PROVIDE (__bss_end__, .)
                0x00001ba8                __cy_region_init_ram = LOADADDR (.data)
                0x00000070                __cy_region_init_size_ram = (_edata - ADDR (.data))
                0x00000098                __cy_region_zero_size_ram = (_end - _edata)

.heap           0x1fff81d0       0x80 load address 0x00001c18
                0x1fff81d0                . = _end
                0x1fff8250                . = (. + 0x80)
 *fill*         0x1fff81d0       0x80 
                0x1fff8250                __cy_heap_limit = .

.stack          0x20007800      0x800
                0x20007800                __cy_stack_limit = .
                0x20008000                . = (. + 0x800)
 *fill*         0x20007800      0x800 
                0x00000001                ASSERT ((__cy_stack_limit >= __cy_heap_limit), region RAM overflowed with stack)
                0x00000000                cy_checksum_exclude_size = (CY_APPL_LOADABLE == 0x1)?SIZEOF (.cy_checksum_exclude):0x0
                0x00000001                ASSERT ((cy_checksum_exclude_size <= CY_CHECKSUM_EXCLUDE_SIZE), CY_BOOT: Section .cy_checksum_exclude size exceedes specified limit.)

.cyloadermeta
 *(.cyloadermeta)

.cyloadablemeta
 *(.cyloadablemeta)

.cyconfigecc    0x80000000      0xc14
 *(.cyconfigecc)
 .cyconfigecc   0x80000000      0xc14 .\CortexM3\ARM_GCC_541\Debug\cymetadata.o
                0x80000000                cy_meta_configecc

.cycustnvl      0x90000000        0x4
 *(.cycustnvl)
 .cycustnvl     0x90000000        0x4 .\CortexM3\ARM_GCC_541\Debug\cymetadata.o
                0x90000000                cy_meta_custnvl

.cywolatch      0x90100000        0x4
 *(.cywolatch)
 .cywolatch     0x90100000        0x4 .\CortexM3\ARM_GCC_541\Debug\cymetadata.o
                0x90100000                cy_meta_wonvl

.cyeeprom       0x90200000        0x0
 *(.cyeeprom)
                0x00000001                ASSERT ((. <= ((0x90200000 + ee_offset) + ee_size)), .cyeeprom data will not fit in EEPROM)

.cyflashprotect
                0x90400000      0x100
 *(.cyflashprotect)
 .cyflashprotect
                0x90400000      0x100 .\CortexM3\ARM_GCC_541\Debug\cymetadata.o
                0x90400000                cy_meta_flashprotect

.cymeta         0x90500000        0xc
 *(.cymeta)
 .cymeta        0x90500000        0xc .\CortexM3\ARM_GCC_541\Debug\cymetadata.o
                0x90500000                cy_metadata

.rel.dyn        0x00001c18        0x0 load address 0x9050000c
 .rel.iplt      0x00001c18        0x0 c:/program files (x86)/cypress/psoc creator/4.1/psoc creator/import/gnu/arm/5.4.1/bin/../lib/gcc/arm-none-eabi/5.4.1/armv7-m/crtbegin.o

.stab
 *(.stab)

.stabstr
 *(.stabstr)

.debug
 *(.debug)

.line
 *(.line)

.debug_srcinfo
 *(.debug_srcinfo)

.debug_sfnames
 *(.debug_sfnames)

.debug_aranges  0x00000000      0xa38
 *(.debug_aranges)
 .debug_aranges
                0x00000000       0x30 .\CortexM3\ARM_GCC_541\Debug\main.o
 .debug_aranges
                0x00000030       0x58 .\CortexM3\ARM_GCC_541\Debug\cyfitter_cfg.o
 .debug_aranges
                0x00000088       0x18 .\CortexM3\ARM_GCC_541\Debug\cymetadata.o
 .debug_aranges
                0x000000a0       0x48 .\CortexM3\ARM_GCC_541\Debug\Cm3Start.o
 .debug_aranges
                0x000000e8      0x2a0 .\CortexM3\ARM_GCC_541\Debug\rotary_enc_hard.a(CyLib.o)
 .debug_aranges
                0x00000388       0x98 .\CortexM3\ARM_GCC_541\Debug\rotary_enc_hard.a(cyPm.o)
 .debug_aranges
                0x00000420       0x80 .\CortexM3\ARM_GCC_541\Debug\rotary_enc_hard.a(dt_isr.o)
 .debug_aranges
                0x000004a0       0xf0 .\CortexM3\ARM_GCC_541\Debug\rotary_enc_hard.a(UART.o)
 .debug_aranges
                0x00000590       0x70 .\CortexM3\ARM_GCC_541\Debug\rotary_enc_hard.a(UART_IntClock.o)
 .debug_aranges
                0x00000600       0x60 .\CortexM3\ARM_GCC_541\Debug\rotary_enc_hard.a(QuadDec_L.o)
 .debug_aranges
                0x00000660       0x98 .\CortexM3\ARM_GCC_541\Debug\rotary_enc_hard.a(PWM_L.o)
 .debug_aranges
                0x000006f8       0x60 .\CortexM3\ARM_GCC_541\Debug\rotary_enc_hard.a(QuadDec_R.o)
 .debug_aranges
                0x00000758       0x98 .\CortexM3\ARM_GCC_541\Debug\rotary_enc_hard.a(PWM_R.o)
 .debug_aranges
                0x000007f0       0x98 .\CortexM3\ARM_GCC_541\Debug\rotary_enc_hard.a(QuadDec_L_Cnt16.o)
 .debug_aranges
                0x00000888       0x98 .\CortexM3\ARM_GCC_541\Debug\rotary_enc_hard.a(QuadDec_R_Cnt16.o)
 .debug_aranges
                0x00000920       0x20 .\CortexM3\ARM_GCC_541\Debug\rotary_enc_hard.a(CyBootAsmGnu.o)
 .debug_aranges
                0x00000940       0x80 .\CortexM3\ARM_GCC_541\Debug\rotary_enc_hard.a(CyFlash.o)
 .debug_aranges
                0x000009c0       0x78 .\CortexM3\ARM_GCC_541\Debug\rotary_enc_hard.a(CySpc.o)

.debug_pubnames
 *(.debug_pubnames)

.debug_info     0x00000000     0x5692
 *(.debug_info .gnu.linkonce.wi.*)
 .debug_info    0x00000000      0x47b .\CortexM3\ARM_GCC_541\Debug\main.o
 .debug_info    0x0000047b      0x5ef .\CortexM3\ARM_GCC_541\Debug\cyfitter_cfg.o
 .debug_info    0x00000a6a      0x139 .\CortexM3\ARM_GCC_541\Debug\cymetadata.o
 .debug_info    0x00000ba3      0x3bb .\CortexM3\ARM_GCC_541\Debug\Cm3Start.o
 .debug_info    0x00000f5e     0x1374 .\CortexM3\ARM_GCC_541\Debug\rotary_enc_hard.a(CyLib.o)
 .debug_info    0x000022d2      0xa2a .\CortexM3\ARM_GCC_541\Debug\rotary_enc_hard.a(cyPm.o)
 .debug_info    0x00002cfc      0x2d2 .\CortexM3\ARM_GCC_541\Debug\rotary_enc_hard.a(dt_isr.o)
 .debug_info    0x00002fce      0x60c .\CortexM3\ARM_GCC_541\Debug\rotary_enc_hard.a(UART.o)
 .debug_info    0x000035da      0x283 .\CortexM3\ARM_GCC_541\Debug\rotary_enc_hard.a(UART_IntClock.o)
 .debug_info    0x0000385d      0x2d4 .\CortexM3\ARM_GCC_541\Debug\rotary_enc_hard.a(QuadDec_L.o)
 .debug_info    0x00003b31      0x352 .\CortexM3\ARM_GCC_541\Debug\rotary_enc_hard.a(PWM_L.o)
 .debug_info    0x00003e83      0x2d4 .\CortexM3\ARM_GCC_541\Debug\rotary_enc_hard.a(QuadDec_R.o)
 .debug_info    0x00004157      0x352 .\CortexM3\ARM_GCC_541\Debug\rotary_enc_hard.a(PWM_R.o)
 .debug_info    0x000044a9      0x348 .\CortexM3\ARM_GCC_541\Debug\rotary_enc_hard.a(QuadDec_L_Cnt16.o)
 .debug_info    0x000047f1      0x348 .\CortexM3\ARM_GCC_541\Debug\rotary_enc_hard.a(QuadDec_R_Cnt16.o)
 .debug_info    0x00004b39       0xb8 .\CortexM3\ARM_GCC_541\Debug\rotary_enc_hard.a(CyBootAsmGnu.o)
 .debug_info    0x00004bf1      0x5b8 .\CortexM3\ARM_GCC_541\Debug\rotary_enc_hard.a(CyFlash.o)
 .debug_info    0x000051a9      0x4e9 .\CortexM3\ARM_GCC_541\Debug\rotary_enc_hard.a(CySpc.o)

.debug_abbrev   0x00000000     0x1879
 *(.debug_abbrev)
 .debug_abbrev  0x00000000      0x177 .\CortexM3\ARM_GCC_541\Debug\main.o
 .debug_abbrev  0x00000177      0x20d .\CortexM3\ARM_GCC_541\Debug\cyfitter_cfg.o
 .debug_abbrev  0x00000384       0x77 .\CortexM3\ARM_GCC_541\Debug\cymetadata.o
 .debug_abbrev  0x000003fb      0x1e8 .\CortexM3\ARM_GCC_541\Debug\Cm3Start.o
 .debug_abbrev  0x000005e3      0x254 .\CortexM3\ARM_GCC_541\Debug\rotary_enc_hard.a(CyLib.o)
 .debug_abbrev  0x00000837      0x1ab .\CortexM3\ARM_GCC_541\Debug\rotary_enc_hard.a(cyPm.o)
 .debug_abbrev  0x000009e2      0x173 .\CortexM3\ARM_GCC_541\Debug\rotary_enc_hard.a(dt_isr.o)
 .debug_abbrev  0x00000b55      0x175 .\CortexM3\ARM_GCC_541\Debug\rotary_enc_hard.a(UART.o)
 .debug_abbrev  0x00000cca      0x139 .\CortexM3\ARM_GCC_541\Debug\rotary_enc_hard.a(UART_IntClock.o)
 .debug_abbrev  0x00000e03      0x151 .\CortexM3\ARM_GCC_541\Debug\rotary_enc_hard.a(QuadDec_L.o)
 .debug_abbrev  0x00000f54      0x133 .\CortexM3\ARM_GCC_541\Debug\rotary_enc_hard.a(PWM_L.o)
 .debug_abbrev  0x00001087      0x151 .\CortexM3\ARM_GCC_541\Debug\rotary_enc_hard.a(QuadDec_R.o)
 .debug_abbrev  0x000011d8      0x133 .\CortexM3\ARM_GCC_541\Debug\rotary_enc_hard.a(PWM_R.o)
 .debug_abbrev  0x0000130b      0x117 .\CortexM3\ARM_GCC_541\Debug\rotary_enc_hard.a(QuadDec_L_Cnt16.o)
 .debug_abbrev  0x00001422      0x117 .\CortexM3\ARM_GCC_541\Debug\rotary_enc_hard.a(QuadDec_R_Cnt16.o)
 .debug_abbrev  0x00001539       0x14 .\CortexM3\ARM_GCC_541\Debug\rotary_enc_hard.a(CyBootAsmGnu.o)
 .debug_abbrev  0x0000154d      0x198 .\CortexM3\ARM_GCC_541\Debug\rotary_enc_hard.a(CyFlash.o)
 .debug_abbrev  0x000016e5      0x194 .\CortexM3\ARM_GCC_541\Debug\rotary_enc_hard.a(CySpc.o)

.debug_line     0x00000000     0x25f1
 *(.debug_line)
 .debug_line    0x00000000      0x2a3 .\CortexM3\ARM_GCC_541\Debug\main.o
 .debug_line    0x000002a3      0x1fc .\CortexM3\ARM_GCC_541\Debug\cyfitter_cfg.o
 .debug_line    0x0000049f      0x141 .\CortexM3\ARM_GCC_541\Debug\cymetadata.o
 .debug_line    0x000005e0      0x234 .\CortexM3\ARM_GCC_541\Debug\Cm3Start.o
 .debug_line    0x00000814      0x816 .\CortexM3\ARM_GCC_541\Debug\rotary_enc_hard.a(CyLib.o)
 .debug_line    0x0000102a      0x367 .\CortexM3\ARM_GCC_541\Debug\rotary_enc_hard.a(cyPm.o)
 .debug_line    0x00001391      0x133 .\CortexM3\ARM_GCC_541\Debug\rotary_enc_hard.a(dt_isr.o)
 .debug_line    0x000014c4      0x2bc .\CortexM3\ARM_GCC_541\Debug\rotary_enc_hard.a(UART.o)
 .debug_line    0x00001780      0x17c .\CortexM3\ARM_GCC_541\Debug\rotary_enc_hard.a(UART_IntClock.o)
 .debug_line    0x000018fc      0x11e .\CortexM3\ARM_GCC_541\Debug\rotary_enc_hard.a(QuadDec_L.o)
 .debug_line    0x00001a1a      0x188 .\CortexM3\ARM_GCC_541\Debug\rotary_enc_hard.a(PWM_L.o)
 .debug_line    0x00001ba2      0x11e .\CortexM3\ARM_GCC_541\Debug\rotary_enc_hard.a(QuadDec_R.o)
 .debug_line    0x00001cc0      0x188 .\CortexM3\ARM_GCC_541\Debug\rotary_enc_hard.a(PWM_R.o)
 .debug_line    0x00001e48      0x18f .\CortexM3\ARM_GCC_541\Debug\rotary_enc_hard.a(QuadDec_L_Cnt16.o)
 .debug_line    0x00001fd7      0x18f .\CortexM3\ARM_GCC_541\Debug\rotary_enc_hard.a(QuadDec_R_Cnt16.o)
 .debug_line    0x00002166       0x66 .\CortexM3\ARM_GCC_541\Debug\rotary_enc_hard.a(CyBootAsmGnu.o)
 .debug_line    0x000021cc      0x1e9 .\CortexM3\ARM_GCC_541\Debug\rotary_enc_hard.a(CyFlash.o)
 .debug_line    0x000023b5      0x23c .\CortexM3\ARM_GCC_541\Debug\rotary_enc_hard.a(CySpc.o)

.debug_frame    0x00000000     0x1cbc
 *(.debug_frame)
 .debug_frame   0x00000000       0x7c .\CortexM3\ARM_GCC_541\Debug\main.o
 .debug_frame   0x0000007c       0xe4 .\CortexM3\ARM_GCC_541\Debug\cyfitter_cfg.o
 .debug_frame   0x00000160       0xb8 .\CortexM3\ARM_GCC_541\Debug\Cm3Start.o
 .debug_frame   0x00000218      0x738 .\CortexM3\ARM_GCC_541\Debug\rotary_enc_hard.a(CyLib.o)
 .debug_frame   0x00000950      0x1f8 .\CortexM3\ARM_GCC_541\Debug\rotary_enc_hard.a(cyPm.o)
 .debug_frame   0x00000b48      0x104 .\CortexM3\ARM_GCC_541\Debug\rotary_enc_hard.a(dt_isr.o)
 .debug_frame   0x00000c4c      0x250 .\CortexM3\ARM_GCC_541\Debug\rotary_enc_hard.a(UART.o)
 .debug_frame   0x00000e9c       0xe0 .\CortexM3\ARM_GCC_541\Debug\rotary_enc_hard.a(UART_IntClock.o)
 .debug_frame   0x00000f7c       0xdc .\CortexM3\ARM_GCC_541\Debug\rotary_enc_hard.a(QuadDec_L.o)
 .debug_frame   0x00001058      0x134 .\CortexM3\ARM_GCC_541\Debug\rotary_enc_hard.a(PWM_L.o)
 .debug_frame   0x0000118c       0xdc .\CortexM3\ARM_GCC_541\Debug\rotary_enc_hard.a(QuadDec_R.o)
 .debug_frame   0x00001268      0x134 .\CortexM3\ARM_GCC_541\Debug\rotary_enc_hard.a(PWM_R.o)
 .debug_frame   0x0000139c      0x134 .\CortexM3\ARM_GCC_541\Debug\rotary_enc_hard.a(QuadDec_L_Cnt16.o)
 .debug_frame   0x000014d0      0x134 .\CortexM3\ARM_GCC_541\Debug\rotary_enc_hard.a(QuadDec_R_Cnt16.o)
 .debug_frame   0x00001604      0x174 .\CortexM3\ARM_GCC_541\Debug\rotary_enc_hard.a(CyFlash.o)
 .debug_frame   0x00001778      0x160 .\CortexM3\ARM_GCC_541\Debug\rotary_enc_hard.a(CySpc.o)
 .debug_frame   0x000018d8       0x20 c:/program files (x86)/cypress/psoc creator/4.1/psoc creator/import/gnu/arm/5.4.1/bin/../lib/gcc/arm-none-eabi/5.4.1/../../../../arm-none-eabi/lib/armv7-m\libg_nano.a(lib_a-errno.o)
 .debug_frame   0x000018f8       0x28 c:/program files (x86)/cypress/psoc creator/4.1/psoc creator/import/gnu/arm/5.4.1/bin/../lib/gcc/arm-none-eabi/5.4.1/../../../../arm-none-eabi/lib/armv7-m\libg_nano.a(lib_a-exit.o)
 .debug_frame   0x00001920       0x2c c:/program files (x86)/cypress/psoc creator/4.1/psoc creator/import/gnu/arm/5.4.1/bin/../lib/gcc/arm-none-eabi/5.4.1/../../../../arm-none-eabi/lib/armv7-m\libg_nano.a(lib_a-init.o)
 .debug_frame   0x0000194c       0x28 c:/program files (x86)/cypress/psoc creator/4.1/psoc creator/import/gnu/arm/5.4.1/bin/../lib/gcc/arm-none-eabi/5.4.1/../../../../arm-none-eabi/lib/armv7-m\libg_nano.a(lib_a-memcpy-stub.o)
 .debug_frame   0x00001974       0x20 c:/program files (x86)/cypress/psoc creator/4.1/psoc creator/import/gnu/arm/5.4.1/bin/../lib/gcc/arm-none-eabi/5.4.1/../../../../arm-none-eabi/lib/armv7-m\libg_nano.a(lib_a-memset.o)
 .debug_frame   0x00001994       0x70 c:/program files (x86)/cypress/psoc creator/4.1/psoc creator/import/gnu/arm/5.4.1/bin/../lib/gcc/arm-none-eabi/5.4.1/../../../../arm-none-eabi/lib/armv7-m\libg_nano.a(lib_a-sprintf.o)
 .debug_frame   0x00001a04       0x90 c:/program files (x86)/cypress/psoc creator/4.1/psoc creator/import/gnu/arm/5.4.1/bin/../lib/gcc/arm-none-eabi/5.4.1/../../../../arm-none-eabi/lib/armv7-m\libg_nano.a(lib_a-nano-svfprintf.o)
 .debug_frame   0x00001a94       0x60 c:/program files (x86)/cypress/psoc creator/4.1/psoc creator/import/gnu/arm/5.4.1/bin/../lib/gcc/arm-none-eabi/5.4.1/../../../../arm-none-eabi/lib/armv7-m\libg_nano.a(lib_a-nano-vfprintf_i.o)
 .debug_frame   0x00001af4       0x28 c:/program files (x86)/cypress/psoc creator/4.1/psoc creator/import/gnu/arm/5.4.1/bin/../lib/gcc/arm-none-eabi/5.4.1/../../../../arm-none-eabi/lib/armv7-m\libg_nano.a(lib_a-memchr-stub.o)
 .debug_frame   0x00001b1c       0x28 c:/program files (x86)/cypress/psoc creator/4.1/psoc creator/import/gnu/arm/5.4.1/bin/../lib/gcc/arm-none-eabi/5.4.1/../../../../arm-none-eabi/lib/armv7-m\libg_nano.a(lib_a-memmove.o)
 .debug_frame   0x00001b44       0x38 c:/program files (x86)/cypress/psoc creator/4.1/psoc creator/import/gnu/arm/5.4.1/bin/../lib/gcc/arm-none-eabi/5.4.1/../../../../arm-none-eabi/lib/armv7-m\libg_nano.a(lib_a-nano-freer.o)
 .debug_frame   0x00001b7c       0x2c c:/program files (x86)/cypress/psoc creator/4.1/psoc creator/import/gnu/arm/5.4.1/bin/../lib/gcc/arm-none-eabi/5.4.1/../../../../arm-none-eabi/lib/armv7-m\libg_nano.a(lib_a-nano-mallocr.o)
 .debug_frame   0x00001ba8       0x3c c:/program files (x86)/cypress/psoc creator/4.1/psoc creator/import/gnu/arm/5.4.1/bin/../lib/gcc/arm-none-eabi/5.4.1/../../../../arm-none-eabi/lib/armv7-m\libg_nano.a(lib_a-nano-reallocr.o)
 .debug_frame   0x00001be4       0x2c c:/program files (x86)/cypress/psoc creator/4.1/psoc creator/import/gnu/arm/5.4.1/bin/../lib/gcc/arm-none-eabi/5.4.1/../../../../arm-none-eabi/lib/armv7-m\libg_nano.a(lib_a-sbrkr.o)
 .debug_frame   0x00001c10       0x30 c:/program files (x86)/cypress/psoc creator/4.1/psoc creator/import/gnu/arm/5.4.1/bin/../lib/gcc/arm-none-eabi/5.4.1/../../../../arm-none-eabi/lib/armv7-m\libg_nano.a(lib_a-mlock.o)
 .debug_frame   0x00001c40       0x20 c:/program files (x86)/cypress/psoc creator/4.1/psoc creator/import/gnu/arm/5.4.1/bin/../lib/gcc/arm-none-eabi/5.4.1/../../../../arm-none-eabi/lib/armv7-m\libg_nano.a(lib_a-nano-msizer.o)
 .debug_frame   0x00001c60       0x5c c:/program files (x86)/cypress/psoc creator/4.1/psoc creator/import/gnu/arm/5.4.1/bin/../lib/gcc/arm-none-eabi/5.4.1/../../../../arm-none-eabi/lib/armv7-m\libg_nano.a(lib_a-reent.o)

.debug_str      0x00000000     0x2192
 *(.debug_str)
 .debug_str     0x00000000      0x2c9 .\CortexM3\ARM_GCC_541\Debug\main.o
                                0x317 (size before relaxing)
 .debug_str     0x000002c9      0x1c2 .\CortexM3\ARM_GCC_541\Debug\cyfitter_cfg.o
                                0x372 (size before relaxing)
 .debug_str     0x0000048b       0x7f .\CortexM3\ARM_GCC_541\Debug\cymetadata.o
                                0x20c (size before relaxing)
 .debug_str     0x0000050a      0x139 .\CortexM3\ARM_GCC_541\Debug\Cm3Start.o
                                0x332 (size before relaxing)
 .debug_str     0x00000643      0x845 .\CortexM3\ARM_GCC_541\Debug\rotary_enc_hard.a(CyLib.o)
                                0xa6f (size before relaxing)
 .debug_str     0x00000e88      0x365 .\CortexM3\ARM_GCC_541\Debug\rotary_enc_hard.a(cyPm.o)
                                0x75b (size before relaxing)
 .debug_str     0x000011ed       0xe5 .\CortexM3\ARM_GCC_541\Debug\rotary_enc_hard.a(dt_isr.o)
                                0x2dc (size before relaxing)
 .debug_str     0x000012d2      0x280 .\CortexM3\ARM_GCC_541\Debug\rotary_enc_hard.a(UART.o)
                                0x49d (size before relaxing)
 .debug_str     0x00001552      0x183 .\CortexM3\ARM_GCC_541\Debug\rotary_enc_hard.a(UART_IntClock.o)
                                0x35e (size before relaxing)
 .debug_str     0x000016d5      0x119 .\CortexM3\ARM_GCC_541\Debug\rotary_enc_hard.a(QuadDec_L.o)
                                0x363 (size before relaxing)
 .debug_str     0x000017ee      0x177 .\CortexM3\ARM_GCC_541\Debug\rotary_enc_hard.a(PWM_L.o)
                                0x386 (size before relaxing)
 .debug_str     0x00001965      0x112 .\CortexM3\ARM_GCC_541\Debug\rotary_enc_hard.a(QuadDec_R.o)
                                0x363 (size before relaxing)
 .debug_str     0x00001a77      0x146 .\CortexM3\ARM_GCC_541\Debug\rotary_enc_hard.a(PWM_R.o)
                                0x386 (size before relaxing)
 .debug_str     0x00001bbd      0x1ce .\CortexM3\ARM_GCC_541\Debug\rotary_enc_hard.a(QuadDec_L_Cnt16.o)
                                0x43e (size before relaxing)
 .debug_str     0x00001d8b      0x1bf .\CortexM3\ARM_GCC_541\Debug\rotary_enc_hard.a(QuadDec_R_Cnt16.o)
                                0x43e (size before relaxing)
 .debug_str     0x00001f4a      0x19c .\CortexM3\ARM_GCC_541\Debug\rotary_enc_hard.a(CyFlash.o)
                                0x3c9 (size before relaxing)
 .debug_str     0x000020e6       0xac .\CortexM3\ARM_GCC_541\Debug\rotary_enc_hard.a(CySpc.o)
                                0x352 (size before relaxing)

.debug_loc      0x00000000     0x1e5d
 *(.debug_loc)
 .debug_loc     0x00000000      0x259 .\CortexM3\ARM_GCC_541\Debug\cyfitter_cfg.o
 .debug_loc     0x00000259      0x144 .\CortexM3\ARM_GCC_541\Debug\Cm3Start.o
 .debug_loc     0x0000039d      0xa11 .\CortexM3\ARM_GCC_541\Debug\rotary_enc_hard.a(CyLib.o)
 .debug_loc     0x00000dae      0x1e4 .\CortexM3\ARM_GCC_541\Debug\rotary_enc_hard.a(cyPm.o)
 .debug_loc     0x00000f92       0x56 .\CortexM3\ARM_GCC_541\Debug\rotary_enc_hard.a(dt_isr.o)
 .debug_loc     0x00000fe8      0x258 .\CortexM3\ARM_GCC_541\Debug\rotary_enc_hard.a(UART.o)
 .debug_loc     0x00001240      0x128 .\CortexM3\ARM_GCC_541\Debug\rotary_enc_hard.a(UART_IntClock.o)
 .debug_loc     0x00001368       0x78 .\CortexM3\ARM_GCC_541\Debug\rotary_enc_hard.a(QuadDec_L.o)
 .debug_loc     0x000013e0       0x26 .\CortexM3\ARM_GCC_541\Debug\rotary_enc_hard.a(PWM_L.o)
 .debug_loc     0x00001406       0x78 .\CortexM3\ARM_GCC_541\Debug\rotary_enc_hard.a(QuadDec_R.o)
 .debug_loc     0x0000147e       0x26 .\CortexM3\ARM_GCC_541\Debug\rotary_enc_hard.a(PWM_R.o)
 .debug_loc     0x000014a4       0x3d .\CortexM3\ARM_GCC_541\Debug\rotary_enc_hard.a(QuadDec_L_Cnt16.o)
 .debug_loc     0x000014e1       0x3d .\CortexM3\ARM_GCC_541\Debug\rotary_enc_hard.a(QuadDec_R_Cnt16.o)
 .debug_loc     0x0000151e      0x2f2 .\CortexM3\ARM_GCC_541\Debug\rotary_enc_hard.a(CyFlash.o)
 .debug_loc     0x00001810      0x64d .\CortexM3\ARM_GCC_541\Debug\rotary_enc_hard.a(CySpc.o)

.debug_macinfo
 *(.debug_macinfo)

.debug_ranges   0x00000000      0x900
 *(.debug_ranges)
 .debug_ranges  0x00000000       0x20 .\CortexM3\ARM_GCC_541\Debug\main.o
 .debug_ranges  0x00000020       0x48 .\CortexM3\ARM_GCC_541\Debug\cyfitter_cfg.o
 .debug_ranges  0x00000068       0x38 .\CortexM3\ARM_GCC_541\Debug\Cm3Start.o
 .debug_ranges  0x000000a0      0x290 .\CortexM3\ARM_GCC_541\Debug\rotary_enc_hard.a(CyLib.o)
 .debug_ranges  0x00000330       0x88 .\CortexM3\ARM_GCC_541\Debug\rotary_enc_hard.a(cyPm.o)
 .debug_ranges  0x000003b8       0x70 .\CortexM3\ARM_GCC_541\Debug\rotary_enc_hard.a(dt_isr.o)
 .debug_ranges  0x00000428       0xe0 .\CortexM3\ARM_GCC_541\Debug\rotary_enc_hard.a(UART.o)
 .debug_ranges  0x00000508       0x60 .\CortexM3\ARM_GCC_541\Debug\rotary_enc_hard.a(UART_IntClock.o)
 .debug_ranges  0x00000568       0x50 .\CortexM3\ARM_GCC_541\Debug\rotary_enc_hard.a(QuadDec_L.o)
 .debug_ranges  0x000005b8       0x88 .\CortexM3\ARM_GCC_541\Debug\rotary_enc_hard.a(PWM_L.o)
 .debug_ranges  0x00000640       0x50 .\CortexM3\ARM_GCC_541\Debug\rotary_enc_hard.a(QuadDec_R.o)
 .debug_ranges  0x00000690       0x88 .\CortexM3\ARM_GCC_541\Debug\rotary_enc_hard.a(PWM_R.o)
 .debug_ranges  0x00000718       0x88 .\CortexM3\ARM_GCC_541\Debug\rotary_enc_hard.a(QuadDec_L_Cnt16.o)
 .debug_ranges  0x000007a0       0x88 .\CortexM3\ARM_GCC_541\Debug\rotary_enc_hard.a(QuadDec_R_Cnt16.o)
 .debug_ranges  0x00000828       0x70 .\CortexM3\ARM_GCC_541\Debug\rotary_enc_hard.a(CyFlash.o)
 .debug_ranges  0x00000898       0x68 .\CortexM3\ARM_GCC_541\Debug\rotary_enc_hard.a(CySpc.o)

.comment        0x00000000       0x6e
 .comment       0x00000000       0x6e .\CortexM3\ARM_GCC_541\Debug\main.o
                                 0x6f (size before relaxing)
 .comment       0x0000006e       0x6f .\CortexM3\ARM_GCC_541\Debug\cyfitter_cfg.o
 .comment       0x0000006e       0x6f .\CortexM3\ARM_GCC_541\Debug\cymetadata.o
 .comment       0x0000006e       0x6f .\CortexM3\ARM_GCC_541\Debug\Cm3Start.o
 .comment       0x0000006e       0x6f .\CortexM3\ARM_GCC_541\Debug\rotary_enc_hard.a(CyLib.o)
 .comment       0x0000006e       0x6f .\CortexM3\ARM_GCC_541\Debug\rotary_enc_hard.a(cyPm.o)
 .comment       0x0000006e       0x6f .\CortexM3\ARM_GCC_541\Debug\rotary_enc_hard.a(dt_isr.o)
 .comment       0x0000006e       0x6f .\CortexM3\ARM_GCC_541\Debug\rotary_enc_hard.a(UART.o)
 .comment       0x0000006e       0x6f .\CortexM3\ARM_GCC_541\Debug\rotary_enc_hard.a(UART_IntClock.o)
 .comment       0x0000006e       0x6f .\CortexM3\ARM_GCC_541\Debug\rotary_enc_hard.a(QuadDec_L.o)
 .comment       0x0000006e       0x6f .\CortexM3\ARM_GCC_541\Debug\rotary_enc_hard.a(PWM_L.o)
 .comment       0x0000006e       0x6f .\CortexM3\ARM_GCC_541\Debug\rotary_enc_hard.a(QuadDec_R.o)
 .comment       0x0000006e       0x6f .\CortexM3\ARM_GCC_541\Debug\rotary_enc_hard.a(PWM_R.o)
 .comment       0x0000006e       0x6f .\CortexM3\ARM_GCC_541\Debug\rotary_enc_hard.a(QuadDec_L_Cnt16.o)
 .comment       0x0000006e       0x6f .\CortexM3\ARM_GCC_541\Debug\rotary_enc_hard.a(QuadDec_R_Cnt16.o)
 .comment       0x0000006e       0x6f .\CortexM3\ARM_GCC_541\Debug\rotary_enc_hard.a(CyFlash.o)
 .comment       0x0000006e       0x6f .\CortexM3\ARM_GCC_541\Debug\rotary_enc_hard.a(CySpc.o)

.debug_weaknames
 *(.debug_weaknames)

.debug_funcnames
 *(.debug_funcnames)

.debug_typenames
 *(.debug_typenames)

.debug_varnames
 *(.debug_varnames)

.note.gnu.arm.ident
 *(.note.gnu.arm.ident)

.ARM.attributes
                0x00000000       0x29
 *(.ARM.attributes)
 .ARM.attributes
                0x00000000       0x1d c:/program files (x86)/cypress/psoc creator/4.1/psoc creator/import/gnu/arm/5.4.1/bin/../lib/gcc/arm-none-eabi/5.4.1/armv7-m/crti.o
 .ARM.attributes
                0x0000001d       0x2d c:/program files (x86)/cypress/psoc creator/4.1/psoc creator/import/gnu/arm/5.4.1/bin/../lib/gcc/arm-none-eabi/5.4.1/armv7-m/crtbegin.o
 .ARM.attributes
                0x0000004a       0x1b c:/program files (x86)/cypress/psoc creator/4.1/psoc creator/import/gnu/arm/5.4.1/bin/../lib/gcc/arm-none-eabi/5.4.1/../../../../arm-none-eabi/lib/armv7-m/crt0.o
 .ARM.attributes
                0x00000065       0x33 .\CortexM3\ARM_GCC_541\Debug\main.o
 .ARM.attributes
                0x00000098       0x33 .\CortexM3\ARM_GCC_541\Debug\cyfitter_cfg.o
 .ARM.attributes
                0x000000cb       0x33 .\CortexM3\ARM_GCC_541\Debug\cymetadata.o
 .ARM.attributes
                0x000000fe       0x33 .\CortexM3\ARM_GCC_541\Debug\Cm3Start.o
 .ARM.attributes
                0x00000131       0x33 .\CortexM3\ARM_GCC_541\Debug\rotary_enc_hard.a(CyLib.o)
 .ARM.attributes
                0x00000164       0x33 .\CortexM3\ARM_GCC_541\Debug\rotary_enc_hard.a(cyPm.o)
 .ARM.attributes
                0x00000197       0x33 .\CortexM3\ARM_GCC_541\Debug\rotary_enc_hard.a(dt_isr.o)
 .ARM.attributes
                0x000001ca       0x33 .\CortexM3\ARM_GCC_541\Debug\rotary_enc_hard.a(UART.o)
 .ARM.attributes
                0x000001fd       0x33 .\CortexM3\ARM_GCC_541\Debug\rotary_enc_hard.a(UART_IntClock.o)
 .ARM.attributes
                0x00000230       0x33 .\CortexM3\ARM_GCC_541\Debug\rotary_enc_hard.a(QuadDec_L.o)
 .ARM.attributes
                0x00000263       0x33 .\CortexM3\ARM_GCC_541\Debug\rotary_enc_hard.a(PWM_L.o)
 .ARM.attributes
                0x00000296       0x33 .\CortexM3\ARM_GCC_541\Debug\rotary_enc_hard.a(QuadDec_R.o)
 .ARM.attributes
                0x000002c9       0x33 .\CortexM3\ARM_GCC_541\Debug\rotary_enc_hard.a(PWM_R.o)
 .ARM.attributes
                0x000002fc       0x33 .\CortexM3\ARM_GCC_541\Debug\rotary_enc_hard.a(QuadDec_L_Cnt16.o)
 .ARM.attributes
                0x0000032f       0x33 .\CortexM3\ARM_GCC_541\Debug\rotary_enc_hard.a(QuadDec_R_Cnt16.o)
 .ARM.attributes
                0x00000362       0x21 .\CortexM3\ARM_GCC_541\Debug\rotary_enc_hard.a(CyBootAsmGnu.o)
 .ARM.attributes
                0x00000383       0x33 .\CortexM3\ARM_GCC_541\Debug\rotary_enc_hard.a(CyFlash.o)
 .ARM.attributes
                0x000003b6       0x33 .\CortexM3\ARM_GCC_541\Debug\rotary_enc_hard.a(CySpc.o)
 .ARM.attributes
                0x000003e9       0x1d c:/program files (x86)/cypress/psoc creator/4.1/psoc creator/import/gnu/arm/5.4.1/bin/../lib/gcc/arm-none-eabi/5.4.1/armv7-m\libgcc.a(_arm_addsubsf3.o)
 .ARM.attributes
                0x00000406       0x1d c:/program files (x86)/cypress/psoc creator/4.1/psoc creator/import/gnu/arm/5.4.1/bin/../lib/gcc/arm-none-eabi/5.4.1/armv7-m\libgcc.a(_arm_muldivsf3.o)
 .ARM.attributes
                0x00000423       0x1d c:/program files (x86)/cypress/psoc creator/4.1/psoc creator/import/gnu/arm/5.4.1/bin/../lib/gcc/arm-none-eabi/5.4.1/armv7-m\libgcc.a(_arm_fixsfsi.o)
 .ARM.attributes
                0x00000440       0x1d c:/program files (x86)/cypress/psoc creator/4.1/psoc creator/import/gnu/arm/5.4.1/bin/../lib/gcc/arm-none-eabi/5.4.1/armv7-m\libgcc.a(_arm_fixunssfsi.o)
 .ARM.attributes
                0x0000045d       0x2d c:/program files (x86)/cypress/psoc creator/4.1/psoc creator/import/gnu/arm/5.4.1/bin/../lib/gcc/arm-none-eabi/5.4.1/../../../../arm-none-eabi/lib/armv7-m\libg_nano.a(lib_a-errno.o)
 .ARM.attributes
                0x0000048a       0x2d c:/program files (x86)/cypress/psoc creator/4.1/psoc creator/import/gnu/arm/5.4.1/bin/../lib/gcc/arm-none-eabi/5.4.1/../../../../arm-none-eabi/lib/armv7-m\libg_nano.a(lib_a-exit.o)
 .ARM.attributes
                0x000004b7       0x2d c:/program files (x86)/cypress/psoc creator/4.1/psoc creator/import/gnu/arm/5.4.1/bin/../lib/gcc/arm-none-eabi/5.4.1/../../../../arm-none-eabi/lib/armv7-m\libg_nano.a(lib_a-impure.o)
 .ARM.attributes
                0x000004e4       0x2d c:/program files (x86)/cypress/psoc creator/4.1/psoc creator/import/gnu/arm/5.4.1/bin/../lib/gcc/arm-none-eabi/5.4.1/../../../../arm-none-eabi/lib/armv7-m\libg_nano.a(lib_a-init.o)
 .ARM.attributes
                0x00000511       0x2d c:/program files (x86)/cypress/psoc creator/4.1/psoc creator/import/gnu/arm/5.4.1/bin/../lib/gcc/arm-none-eabi/5.4.1/../../../../arm-none-eabi/lib/armv7-m\libg_nano.a(lib_a-memcpy-stub.o)
 .ARM.attributes
                0x0000053e       0x2d c:/program files (x86)/cypress/psoc creator/4.1/psoc creator/import/gnu/arm/5.4.1/bin/../lib/gcc/arm-none-eabi/5.4.1/../../../../arm-none-eabi/lib/armv7-m\libg_nano.a(lib_a-memset.o)
 .ARM.attributes
                0x0000056b       0x2d c:/program files (x86)/cypress/psoc creator/4.1/psoc creator/import/gnu/arm/5.4.1/bin/../lib/gcc/arm-none-eabi/5.4.1/../../../../arm-none-eabi/lib/armv7-m\libg_nano.a(lib_a-sprintf.o)
 .ARM.attributes
                0x00000598       0x2d c:/program files (x86)/cypress/psoc creator/4.1/psoc creator/import/gnu/arm/5.4.1/bin/../lib/gcc/arm-none-eabi/5.4.1/../../../../arm-none-eabi/lib/armv7-m\libg_nano.a(lib_a-nano-svfprintf.o)
 .ARM.attributes
                0x000005c5       0x2d c:/program files (x86)/cypress/psoc creator/4.1/psoc creator/import/gnu/arm/5.4.1/bin/../lib/gcc/arm-none-eabi/5.4.1/../../../../arm-none-eabi/lib/armv7-m\libg_nano.a(lib_a-nano-vfprintf_i.o)
 .ARM.attributes
                0x000005f2       0x2d c:/program files (x86)/cypress/psoc creator/4.1/psoc creator/import/gnu/arm/5.4.1/bin/../lib/gcc/arm-none-eabi/5.4.1/../../../../arm-none-eabi/lib/armv7-m\libg_nano.a(lib_a-memchr-stub.o)
 .ARM.attributes
                0x0000061f       0x2d c:/program files (x86)/cypress/psoc creator/4.1/psoc creator/import/gnu/arm/5.4.1/bin/../lib/gcc/arm-none-eabi/5.4.1/../../../../arm-none-eabi/lib/armv7-m\libg_nano.a(lib_a-memmove.o)
 .ARM.attributes
                0x0000064c       0x2d c:/program files (x86)/cypress/psoc creator/4.1/psoc creator/import/gnu/arm/5.4.1/bin/../lib/gcc/arm-none-eabi/5.4.1/../../../../arm-none-eabi/lib/armv7-m\libg_nano.a(lib_a-nano-freer.o)
 .ARM.attributes
                0x00000679       0x2d c:/program files (x86)/cypress/psoc creator/4.1/psoc creator/import/gnu/arm/5.4.1/bin/../lib/gcc/arm-none-eabi/5.4.1/../../../../arm-none-eabi/lib/armv7-m\libg_nano.a(lib_a-nano-mallocr.o)
 .ARM.attributes
                0x000006a6       0x2d c:/program files (x86)/cypress/psoc creator/4.1/psoc creator/import/gnu/arm/5.4.1/bin/../lib/gcc/arm-none-eabi/5.4.1/../../../../arm-none-eabi/lib/armv7-m\libg_nano.a(lib_a-nano-reallocr.o)
 .ARM.attributes
                0x000006d3       0x2d c:/program files (x86)/cypress/psoc creator/4.1/psoc creator/import/gnu/arm/5.4.1/bin/../lib/gcc/arm-none-eabi/5.4.1/../../../../arm-none-eabi/lib/armv7-m\libg_nano.a(lib_a-sbrkr.o)
 .ARM.attributes
                0x00000700       0x2d c:/program files (x86)/cypress/psoc creator/4.1/psoc creator/import/gnu/arm/5.4.1/bin/../lib/gcc/arm-none-eabi/5.4.1/../../../../arm-none-eabi/lib/armv7-m\libg_nano.a(lib_a-mlock.o)
 .ARM.attributes
                0x0000072d       0x2d c:/program files (x86)/cypress/psoc creator/4.1/psoc creator/import/gnu/arm/5.4.1/bin/../lib/gcc/arm-none-eabi/5.4.1/../../../../arm-none-eabi/lib/armv7-m\libg_nano.a(lib_a-nano-msizer.o)
 .ARM.attributes
                0x0000075a       0x2d c:/program files (x86)/cypress/psoc creator/4.1/psoc creator/import/gnu/arm/5.4.1/bin/../lib/gcc/arm-none-eabi/5.4.1/../../../../arm-none-eabi/lib/armv7-m\libg_nano.a(lib_a-reent.o)
 .ARM.attributes
                0x00000787       0x2d c:/program files (x86)/cypress/psoc creator/4.1/psoc creator/import/gnu/arm/5.4.1/bin/../lib/gcc/arm-none-eabi/5.4.1/armv7-m/crtend.o
 .ARM.attributes
                0x000007b4       0x1d c:/program files (x86)/cypress/psoc creator/4.1/psoc creator/import/gnu/arm/5.4.1/bin/../lib/gcc/arm-none-eabi/5.4.1/armv7-m/crtn.o

/DISCARD/
 *(.note.GNU-stack)
OUTPUT(C:\Users\mechatoro\Documents\PSoC Creator\rotary_enc_hard_for_git\PSoC_rotaryenc_PI\rotary_enc_hard.cydsn\CortexM3\ARM_GCC_541\Debug\rotary_enc_hard.elf elf32-littlearm)
