Archive member included to satisfy reference by file (symbol)

.\CortexM3\ARM_GCC_541\Debug\rotary_enc_hard.a(QuadDec.o)
                              .\CortexM3\ARM_GCC_541\Debug\main.o (QuadDec_GetCounter)
.\CortexM3\ARM_GCC_541\Debug\rotary_enc_hard.a(QuadDec_Cnt16.o)
                              .\CortexM3\ARM_GCC_541\Debug\rotary_enc_hard.a(QuadDec.o) (QuadDec_Cnt16_Stop)
.\CortexM3\ARM_GCC_541\Debug\rotary_enc_hard.a(CyLib.o)
                              .\CortexM3\ARM_GCC_541\Debug\Cm3Start.o (CyHalt)
.\CortexM3\ARM_GCC_541\Debug\rotary_enc_hard.a(cyPm.o)
                              .\CortexM3\ARM_GCC_541\Debug\rotary_enc_hard.a(CyLib.o) (CyPmReadStatus)
.\CortexM3\ARM_GCC_541\Debug\rotary_enc_hard.a(dt_isr.o)
                              .\CortexM3\ARM_GCC_541\Debug\main.o (dt_isr_StartEx)
.\CortexM3\ARM_GCC_541\Debug\rotary_enc_hard.a(USBUART_cdc.o)
                              .\CortexM3\ARM_GCC_541\Debug\main.o (USBUART_CDC_Init)
.\CortexM3\ARM_GCC_541\Debug\rotary_enc_hard.a(USBUART_drv.o)
                              .\CortexM3\ARM_GCC_541\Debug\rotary_enc_hard.a(USBUART_cdc.o) (USBUART_currentTD)
.\CortexM3\ARM_GCC_541\Debug\rotary_enc_hard.a(USBUART_std.o)
                              .\CortexM3\ARM_GCC_541\Debug\rotary_enc_hard.a(USBUART_drv.o) (USBUART_HandleStandardRqst)
.\CortexM3\ARM_GCC_541\Debug\rotary_enc_hard.a(USBUART_vnd.o)
                              .\CortexM3\ARM_GCC_541\Debug\rotary_enc_hard.a(USBUART_drv.o) (USBUART_HandleVendorRqst)
.\CortexM3\ARM_GCC_541\Debug\rotary_enc_hard.a(PWM.o)
                              .\CortexM3\ARM_GCC_541\Debug\main.o (PWM_WriteCompare)
.\CortexM3\ARM_GCC_541\Debug\rotary_enc_hard.a(UART.o)
                              .\CortexM3\ARM_GCC_541\Debug\main.o (UART_Start)
.\CortexM3\ARM_GCC_541\Debug\rotary_enc_hard.a(UART_IntClock.o)
                              .\CortexM3\ARM_GCC_541\Debug\rotary_enc_hard.a(UART.o) (UART_IntClock_Start)
.\CortexM3\ARM_GCC_541\Debug\rotary_enc_hard.a(CyBootAsmGnu.o)
                              .\CortexM3\ARM_GCC_541\Debug\cyfitter_cfg.o (CyDelayCycles)
.\CortexM3\ARM_GCC_541\Debug\rotary_enc_hard.a(CyFlash.o)
                              .\CortexM3\ARM_GCC_541\Debug\rotary_enc_hard.a(cyPm.o) (CyFlash_SetWaitCycles)
.\CortexM3\ARM_GCC_541\Debug\rotary_enc_hard.a(CySpc.o)
                              .\CortexM3\ARM_GCC_541\Debug\rotary_enc_hard.a(CyFlash.o) (CySpcStart)
.\CortexM3\ARM_GCC_541\Debug\rotary_enc_hard.a(USBUART.o)
                              .\CortexM3\ARM_GCC_541\Debug\rotary_enc_hard.a(USBUART_cdc.o) (USBUART_GetEPState)
.\CortexM3\ARM_GCC_541\Debug\rotary_enc_hard.a(USBUART_cls.o)
                              .\CortexM3\ARM_GCC_541\Debug\rotary_enc_hard.a(USBUART_drv.o) (USBUART_DispatchClassRqst)
.\CortexM3\ARM_GCC_541\Debug\rotary_enc_hard.a(USBUART_descr.o)
                              .\CortexM3\ARM_GCC_541\Debug\rotary_enc_hard.a(USBUART_std.o) (USBUART_idSerialNumberStringDescriptor)
.\CortexM3\ARM_GCC_541\Debug\rotary_enc_hard.a(USBUART_episr.o)
                              .\CortexM3\ARM_GCC_541\Debug\rotary_enc_hard.a(USBUART.o) (USBUART_EP_1_ISR)
.\CortexM3\ARM_GCC_541\Debug\rotary_enc_hard.a(USBUART_pm.o)
                              .\CortexM3\ARM_GCC_541\Debug\rotary_enc_hard.a(USBUART.o) (USBUART_DP_ISR)
.\CortexM3\ARM_GCC_541\Debug\rotary_enc_hard.a(USBUART_Dp.o)
                              .\CortexM3\ARM_GCC_541\Debug\rotary_enc_hard.a(USBUART.o) (USBUART_Dp_ClearInterrupt)
c:/program files (x86)/cypress/psoc creator/4.1/psoc creator/import/gnu/arm/5.4.1/bin/../lib/gcc/arm-none-eabi/5.4.1/armv7-m\libgcc.a(_arm_addsubsf3.o)
                              .\CortexM3\ARM_GCC_541\Debug\main.o (__aeabi_fadd)
c:/program files (x86)/cypress/psoc creator/4.1/psoc creator/import/gnu/arm/5.4.1/bin/../lib/gcc/arm-none-eabi/5.4.1/armv7-m\libgcc.a(_arm_muldivsf3.o)
                              .\CortexM3\ARM_GCC_541\Debug\main.o (__aeabi_fmul)
c:/program files (x86)/cypress/psoc creator/4.1/psoc creator/import/gnu/arm/5.4.1/bin/../lib/gcc/arm-none-eabi/5.4.1/armv7-m\libgcc.a(_arm_fixunssfsi.o)
                              .\CortexM3\ARM_GCC_541\Debug\main.o (__aeabi_f2uiz)
c:/program files (x86)/cypress/psoc creator/4.1/psoc creator/import/gnu/arm/5.4.1/bin/../lib/gcc/arm-none-eabi/5.4.1/../../../../arm-none-eabi/lib/armv7-m\libg_nano.a(lib_a-errno.o)
                              .\CortexM3\ARM_GCC_541\Debug\Cm3Start.o (__errno)
c:/program files (x86)/cypress/psoc creator/4.1/psoc creator/import/gnu/arm/5.4.1/bin/../lib/gcc/arm-none-eabi/5.4.1/../../../../arm-none-eabi/lib/armv7-m\libg_nano.a(lib_a-exit.o)
                              c:/program files (x86)/cypress/psoc creator/4.1/psoc creator/import/gnu/arm/5.4.1/bin/../lib/gcc/arm-none-eabi/5.4.1/../../../../arm-none-eabi/lib/armv7-m/crt0.o (exit)
[...]
Memory Configuration

Name             Origin             Length             Attributes
rom              0x00000000         0x00040000         xr
ram              0x1fff8000         0x00010000         xrw
*default*        0x00000000         0xffffffff

Linker script and memory map

LOAD c:/program files (x86)/cypress/psoc creator/4.1/psoc creator/import/gnu/arm/5.4.1/bin/../lib/gcc/arm-none-eabi/5.4.1/armv7-m/crti.o
LOAD c:/program files (x86)/cypress/psoc creator/4.1/psoc creator/import/gnu/arm/5.4.1/bin/../lib/gcc/arm-none-eabi/5.4.1/armv7-m/crtbegin.o
LOAD c:/program files (x86)/cypress/psoc creator/4.1/psoc creator/import/gnu/arm/5.4.1/bin/../lib/gcc/arm-none-eabi/5.4.1/../../../../arm-none-eabi/lib/armv7-m/crt0.o
START GROUP
LOAD .\CortexM3\ARM_GCC_541\Debug\main.o
LOAD .\CortexM3\ARM_GCC_541\Debug\cyfitter_cfg.o
LOAD .\CortexM3\ARM_GCC_541\Debug\cymetadata.o
LOAD .\CortexM3\ARM_GCC_541\Debug\Cm3Start.o
LOAD .\CortexM3\ARM_GCC_541\Debug\rotary_enc_hard.a
LOAD C:\Program Files (x86)\Cypress\PSoC Creator\4.1\PSoC Creator\psoc\content\cycomponentlibrary\CyComponentLibrary.cylib\CortexM3\ARM_GCC_541\Debug\CyComponentLibrary.a
END GROUP
START GROUP
LOAD c:/program files (x86)/cypress/psoc creator/4.1/psoc creator/import/gnu/arm/5.4.1/bin/../lib/gcc/arm-none-eabi/5.4.1/armv7-m\libgcc.a
LOAD c:/program files (x86)/cypress/psoc creator/4.1/psoc creator/import/gnu/arm/5.4.1/bin/../lib/gcc/arm-none-eabi/5.4.1/../../../../arm-none-eabi/lib/armv7-m\libg_nano.a
LOAD c:/program files (x86)/cypress/psoc creator/4.1/psoc creator/import/gnu/arm/5.4.1/bin/../lib/gcc/arm-none-eabi/5.4.1/../../../../arm-none-eabi/lib/armv7-m\libc_nano.a
END GROUP
START GROUP
LOAD c:/program files (x86)/cypress/psoc creator/4.1/psoc creator/import/gnu/arm/5.4.1/bin/../lib/gcc/arm-none-eabi/5.4.1/armv7-m\libgcc.a
LOAD c:/program files (x86)/cypress/psoc creator/4.1/psoc creator/import/gnu/arm/5.4.1/bin/../lib/gcc/arm-none-eabi/5.4.1/../../../../arm-none-eabi/lib/armv7-m\libc_nano.a
END GROUP
LOAD c:/program files (x86)/cypress/psoc creator/4.1/psoc creator/import/gnu/arm/5.4.1/bin/../lib/gcc/arm-none-eabi/5.4.1/armv7-m/crtend.o
LOAD c:/program files (x86)/cypress/psoc creator/4.1/psoc creator/import/gnu/arm/5.4.1/bin/../lib/gcc/arm-none-eabi/5.4.1/armv7-m/crtn.o
START GROUP
LOAD c:/program files (x86)/cypress/psoc creator/4.1/psoc creator/import/gnu/arm/5.4.1/bin/../lib/gcc/arm-none-eabi/5.4.1/armv7-m\libgcc.a
LOAD c:/program files (x86)/cypress/psoc creator/4.1/psoc creator/import/gnu/arm/5.4.1/bin/../lib/gcc/arm-none-eabi/5.4.1/../../../../arm-none-eabi/lib/armv7-m\libc.a
LOAD c:/program files (x86)/cypress/psoc creator/4.1/psoc creator/import/gnu/arm/5.4.1/bin/../lib/gcc/arm-none-eabi/5.4.1/../../../../arm-none-eabi/lib/armv7-m\libnosys.a
END GROUP
                0x00000000                CY_APPL_ORIGIN = 0x0
                0x00000100                CY_FLASH_ROW_SIZE = 0x100
                0x00000020                CY_ECC_ROW_SIZE = 0x20
                0x00000000                CY_EE_IN_BTLDR = 0x0
                0x00000000                CY_APPL_LOADABLE = 0x0
                0x00000800                CY_EE_SIZE = 0x800
                0x00000001                CY_APPL_NUM = 0x1
                0x00000001                CY_APPL_MAX = 0x1
                0x00000040                CY_METADATA_SIZE = 0x40
                0x00000000                CY_APPL_LOADABLE = 0x0
                0x00000000                CY_CHECKSUM_EXCLUDE_SIZE = ALIGN (0x0, CY_FLASH_ROW_SIZE)
                [!provide]                PROVIDE (__cy_heap_start, _end)
                0x00000001                PROVIDE (__cy_region_num, ((__cy_regions_end - __cy_regions) / 0x10))
                0x20008000                PROVIDE (__cy_stack, (ORIGIN (ram) + LENGTH (ram)))
                [!provide]                PROVIDE (__cy_heap_end, (__cy_stack - 0x800))

.cybootloader   0x00000000        0x0
 *(.cybootloader)
                0x00000000                appl1_start = CY_APPL_ORIGIN?CY_APPL_ORIGIN:ALIGN (CY_FLASH_ROW_SIZE)
                0x0001ff00                appl2_start = (appl1_start + ALIGN ((((LENGTH (rom) - appl1_start) - (0x2 * CY_FLASH_ROW_SIZE)) / 0x2), CY_FLASH_ROW_SIZE))
                0x00000000                appl_start = (CY_APPL_NUM == 0x1)?appl1_start:appl2_start
                0x00000000                ecc_offset = ((appl_start / CY_FLASH_ROW_SIZE) * CY_ECC_ROW_SIZE)
                0x00000000                ee_offset = (CY_APPL_LOADABLE && ! (CY_EE_IN_BTLDR))?((CY_EE_SIZE / CY_APPL_MAX) * (CY_APPL_NUM - 0x1)):0x0
                0x00000800                ee_size = (CY_APPL_LOADABLE && ! (CY_EE_IN_BTLDR))?(CY_EE_SIZE / CY_APPL_MAX):CY_EE_SIZE
                [!provide]                PROVIDE (CY_ECC_OFFSET, ecc_offset)

.text           0x00000000     0x1768
 CREATE_OBJECT_SYMBOLS
                0x00000000                PROVIDE (__cy_interrupt_vector, RomVectors)
 *(.romvectors)
 .romvectors    0x00000000       0x10 .\CortexM3\ARM_GCC_541\Debug\Cm3Start.o
                0x00000000                RomVectors
                0x00000001                ASSERT ((. != __cy_interrupt_vector), No interrupt vector)
                0x00000001                ASSERT (CY_APPL_ORIGIN?(SIZEOF (.cybootloader) <= CY_APPL_ORIGIN):0x1, Wrong image location)
                0x00000010                PROVIDE (__cy_reset, Reset)
 *(.text.Reset)
 .text.Reset    0x00000010       0x18 .\CortexM3\ARM_GCC_541\Debug\Cm3Start.o
                0x00000010                Reset
                0x00000001                ASSERT ((. != __cy_reset), No reset code)
 *(.dma_init)
                0x00000001                ASSERT ((((appl_start + .) <= 0x10000) || 0x1), DMA Init must be within the first 64k of flash)
 *(.text .text.* .gnu.linkonce.t.*)
 .text          0x00000028       0x5c c:/program files (x86)/cypress/psoc creator/4.1/psoc creator/import/gnu/arm/5.4.1/bin/../lib/gcc/arm-none-eabi/5.4.1/armv7-m/crtbegin.o
 .text.dtisr_func
                0x00000084       0xb0 .\CortexM3\ARM_GCC_541\Debug\main.o
                0x00000084                dtisr_func
 .text.main     0x00000134       0x68 .\CortexM3\ARM_GCC_541\Debug\main.o
                0x00000134                main
 .text.CyClockStartupError
                0x0000019c        0x4 .\CortexM3\ARM_GCC_541\Debug\cyfitter_cfg.o
 .text.cfg_write_bytes32
                0x000001a0       0x34 .\CortexM3\ARM_GCC_541\Debug\cyfitter_cfg.o
 .text.AnalogSetDefault
                0x000001d4       0x28 .\CortexM3\ARM_GCC_541\Debug\cyfitter_cfg.o
 .text.CYMEMZERO
                0x000001fc        0xc .\CortexM3\ARM_GCC_541\Debug\cyfitter_cfg.o
 .text.ClockSetup
                0x00000208       0xe8 .\CortexM3\ARM_GCC_541\Debug\cyfitter_cfg.o
 .text.CYCONFIGCPY
                0x000002f0        0x8 .\CortexM3\ARM_GCC_541\Debug\cyfitter_cfg.o
 .text.cyfitter_cfg
                0x000002f8      0x128 .\CortexM3\ARM_GCC_541\Debug\cyfitter_cfg.o
                0x000002f8                cyfitter_cfg
 .text.IntDefaultHandler
                0x00000420       0x10 .\CortexM3\ARM_GCC_541\Debug\Cm3Start.o
                0x00000420                IntDefaultHandler
 .text._sbrk    0x00000430       0x30 .\CortexM3\ARM_GCC_541\Debug\Cm3Start.o
                0x00000430                _sbrk
 .text.Start_c  0x00000460       0x4c .\CortexM3\ARM_GCC_541\Debug\Cm3Start.o
                0x00000460                Start_c
 .text.initialize_psoc
                0x000004ac       0x68 .\CortexM3\ARM_GCC_541\Debug\Cm3Start.o
                0x000004ac                initialize_psoc
 .text.QuadDec_GetCounter
                0x00000514       0x10 .\CortexM3\ARM_GCC_541\Debug\rotary_enc_hard.a(QuadDec.o)
                0x00000514                QuadDec_GetCounter
 .text.QuadDec_SetCounter
                0x00000524       0x1c .\CortexM3\ARM_GCC_541\Debug\rotary_enc_hard.a(QuadDec.o)
                0x00000524                QuadDec_SetCounter
 .text.QuadDec_GetEvents
                0x00000540       0x10 .\CortexM3\ARM_GCC_541\Debug\rotary_enc_hard.a(QuadDec.o)
                0x00000540                QuadDec_GetEvents
 .text.QuadDec_SetInterruptMask
                0x00000550        0xc .\CortexM3\ARM_GCC_541\Debug\rotary_enc_hard.a(QuadDec.o)
                0x00000550                QuadDec_SetInterruptMask
 .text.QuadDec_Enable
                0x0000055c       0x24 .\CortexM3\ARM_GCC_541\Debug\rotary_enc_hard.a(QuadDec.o)
                0x0000055c                QuadDec_Enable
 .text.QuadDec_Start
                0x00000580       0x24 .\CortexM3\ARM_GCC_541\Debug\rotary_enc_hard.a(QuadDec.o)
                0x00000580                QuadDec_Start
 .text.QuadDec_Cnt16_Enable
                0x000005a4       0x10 .\CortexM3\ARM_GCC_541\Debug\rotary_enc_hard.a(QuadDec_Cnt16.o)
                0x000005a4                QuadDec_Cnt16_Enable
 .text.QuadDec_Cnt16_SetInterruptMode
                0x000005b4        0xc .\CortexM3\ARM_GCC_541\Debug\rotary_enc_hard.a(QuadDec_Cnt16.o)
                0x000005b4                QuadDec_Cnt16_SetInterruptMode
 .text.QuadDec_Cnt16_ReadStatusRegister
                0x000005c0        0xc .\CortexM3\ARM_GCC_541\Debug\rotary_enc_hard.a(QuadDec_Cnt16.o)
                0x000005c0                QuadDec_Cnt16_ReadStatusRegister
 .text.QuadDec_Cnt16_WriteCounter
                0x000005cc        0xc .\CortexM3\ARM_GCC_541\Debug\rotary_enc_hard.a(QuadDec_Cnt16.o)
                0x000005cc                QuadDec_Cnt16_WriteCounter
 .text.QuadDec_Cnt16_ReadCounter
                0x000005d8       0x14 .\CortexM3\ARM_GCC_541\Debug\rotary_enc_hard.a(QuadDec_Cnt16.o)
                0x000005d8                QuadDec_Cnt16_ReadCounter
 .text.QuadDec_Cnt16_ReadCapture
                0x000005ec        0xc .\CortexM3\ARM_GCC_541\Debug\rotary_enc_hard.a(QuadDec_Cnt16.o)
                0x000005ec                QuadDec_Cnt16_ReadCapture
 .text.QuadDec_Cnt16_WritePeriod
                0x000005f8        0xc .\CortexM3\ARM_GCC_541\Debug\rotary_enc_hard.a(QuadDec_Cnt16.o)
                0x000005f8                QuadDec_Cnt16_WritePeriod
 .text.QuadDec_Cnt16_WriteCompare
                0x00000604        0xc .\CortexM3\ARM_GCC_541\Debug\rotary_enc_hard.a(QuadDec_Cnt16.o)
                0x00000604                QuadDec_Cnt16_WriteCompare
 .text.QuadDec_Cnt16_ClearFIFO
                0x00000610       0x14 .\CortexM3\ARM_GCC_541\Debug\rotary_enc_hard.a(QuadDec_Cnt16.o)
                0x00000610                QuadDec_Cnt16_ClearFIFO
 .text.QuadDec_Cnt16_Init
                0x00000624       0x58 .\CortexM3\ARM_GCC_541\Debug\rotary_enc_hard.a(QuadDec_Cnt16.o)
                0x00000624                QuadDec_Cnt16_Init
 .text.QuadDec_Cnt16_Start
                0x0000067c       0x1c .\CortexM3\ARM_GCC_541\Debug\rotary_enc_hard.a(QuadDec_Cnt16.o)
                0x0000067c                QuadDec_Cnt16_Start
 .text.dt_isr_SetVector
                0x00000698        0xc .\CortexM3\ARM_GCC_541\Debug\rotary_enc_hard.a(dt_isr.o)
                0x00000698                dt_isr_SetVector
 .text.dt_isr_SetPriority
                0x000006a4       0x10 .\CortexM3\ARM_GCC_541\Debug\rotary_enc_hard.a(dt_isr.o)
                0x000006a4                dt_isr_SetPriority
 .text.dt_isr_Enable
                0x000006b4        0xc .\CortexM3\ARM_GCC_541\Debug\rotary_enc_hard.a(dt_isr.o)
                0x000006b4                dt_isr_Enable
 .text.dt_isr_Disable
                0x000006c0        0xc .\CortexM3\ARM_GCC_541\Debug\rotary_enc_hard.a(dt_isr.o)
                0x000006c0                dt_isr_Disable
 .text.dt_isr_StartEx
                0x000006cc       0x1c .\CortexM3\ARM_GCC_541\Debug\rotary_enc_hard.a(dt_isr.o)
                0x000006cc                dt_isr_StartEx
 .text.USBUART_CDC_Init
                0x000006e8       0x98 .\CortexM3\ARM_GCC_541\Debug\rotary_enc_hard.a(USBUART_cdc.o)
                0x000006e8                USBUART_CDC_Init
 .text.PWM_Enable
                0x00000780       0x10 .\CortexM3\ARM_GCC_541\Debug\rotary_enc_hard.a(PWM.o)
                0x00000780                PWM_Enable
 .text.PWM_WriteCounter
                0x00000790        0xc .\CortexM3\ARM_GCC_541\Debug\rotary_enc_hard.a(PWM.o)
                0x00000790                PWM_WriteCounter
 .text.PWM_WritePeriod
                0x0000079c        0xc .\CortexM3\ARM_GCC_541\Debug\rotary_enc_hard.a(PWM.o)
                0x0000079c                PWM_WritePeriod
 .text.PWM_WriteCompare
                0x000007a8        0xc .\CortexM3\ARM_GCC_541\Debug\rotary_enc_hard.a(PWM.o)
                0x000007a8                PWM_WriteCompare
 .text.PWM_SetInterruptMode
                0x000007b4        0xc .\CortexM3\ARM_GCC_541\Debug\rotary_enc_hard.a(PWM.o)
                0x000007b4                PWM_SetInterruptMode
 .text.PWM_ReadStatusRegister
                0x000007c0        0xc .\CortexM3\ARM_GCC_541\Debug\rotary_enc_hard.a(PWM.o)
                0x000007c0                PWM_ReadStatusRegister
 .text.PWM_ReadCapture
                0x000007cc        0xc .\CortexM3\ARM_GCC_541\Debug\rotary_enc_hard.a(PWM.o)
                0x000007cc                PWM_ReadCapture
 .text.PWM_ClearFIFO
                0x000007d8       0x14 .\CortexM3\ARM_GCC_541\Debug\rotary_enc_hard.a(PWM.o)
                0x000007d8                PWM_ClearFIFO
 .text.PWM_Init
                0x000007ec       0x60 .\CortexM3\ARM_GCC_541\Debug\rotary_enc_hard.a(PWM.o)
                0x000007ec                PWM_Init
 .text.PWM_Start
                0x0000084c       0x1c .\CortexM3\ARM_GCC_541\Debug\rotary_enc_hard.a(PWM.o)
                0x0000084c                PWM_Start
 .text.UART_Init
                0x00000868       0x24 .\CortexM3\ARM_GCC_541\Debug\rotary_enc_hard.a(UART.o)
                0x00000868                UART_Init
 .text.UART_Enable
                0x0000088c       0x38 .\CortexM3\ARM_GCC_541\Debug\rotary_enc_hard.a(UART.o)
                0x0000088c                UART_Enable
 .text.UART_Start
                0x000008c4       0x1c .\CortexM3\ARM_GCC_541\Debug\rotary_enc_hard.a(UART.o)
                0x000008c4                UART_Start
 .text.UART_PutChar
                0x000008e0       0x18 .\CortexM3\ARM_GCC_541\Debug\rotary_enc_hard.a(UART.o)
                0x000008e0                UART_PutChar
 .text.UART_PutString
                0x000008f8       0x24 .\CortexM3\ARM_GCC_541\Debug\rotary_enc_hard.a(UART.o)
                0x000008f8                UART_PutString
 .text.UART_PutCRLF
                0x0000091c       0x20 .\CortexM3\ARM_GCC_541\Debug\rotary_enc_hard.a(UART.o)
                0x0000091c                UART_PutCRLF
 .text.UART_IntClock_Start
                0x0000093c       0x1c .\CortexM3\ARM_GCC_541\Debug\rotary_enc_hard.a(UART_IntClock.o)
                0x0000093c                UART_IntClock_Start
 .text          0x00000958       0x20 .\CortexM3\ARM_GCC_541\Debug\rotary_enc_hard.a(CyBootAsmGnu.o)
                0x00000958                CyDelayCycles
                0x00000968                CyEnterCriticalSection
                0x00000970                CyExitCriticalSection
 .text.USBUART_EnableOutEP
                0x00000978       0x2c .\CortexM3\ARM_GCC_541\Debug\rotary_enc_hard.a(USBUART.o)
                0x00000978                USBUART_EnableOutEP
 .text          0x000009a4      0x21c c:/program files (x86)/cypress/psoc creator/4.1/psoc creator/import/gnu/arm/5.4.1/bin/../lib/gcc/arm-none-eabi/5.4.1/armv7-m\libgcc.a(_arm_addsubsf3.o)
                0x000009a4                __aeabi_frsub
                0x000009ac                __subsf3
                0x000009ac                __aeabi_fsub
                0x000009b0                __aeabi_fadd
                0x000009b0                __addsf3
                0x00000b10                __aeabi_ui2f
                0x00000b10                __floatunsisf
                0x00000b18                __aeabi_i2f
                0x00000b18                __floatsisf
                0x00000b34                __aeabi_ul2f
                0x00000b34                __floatundisf
                0x00000b44                __aeabi_l2f
                0x00000b44                __floatdisf
 .text          0x00000bc0      0x2a0 c:/program files (x86)/cypress/psoc creator/4.1/psoc creator/import/gnu/arm/5.4.1/bin/../lib/gcc/arm-none-eabi/5.4.1/armv7-m\libgcc.a(_arm_muldivsf3.o)
                0x00000bc0                __mulsf3
                0x00000bc0                __aeabi_fmul
                0x00000d28                __aeabi_fdiv
                0x00000d28                __divsf3
 .text          0x00000e60       0x40 c:/program files (x86)/cypress/psoc creator/4.1/psoc creator/import/gnu/arm/5.4.1/bin/../lib/gcc/arm-none-eabi/5.4.1/armv7-m\libgcc.a(_arm_fixunssfsi.o)
                0x00000e60                __fixunssfsi
                0x00000e60                __aeabi_f2uiz
 .text.__errno  0x00000ea0        0xc c:/program files (x86)/cypress/psoc creator/4.1/psoc creator/import/gnu/arm/5.4.1/bin/../lib/gcc/arm-none-eabi/5.4.1/../../../../arm-none-eabi/lib/armv7-m\libg_nano.a(lib_a-errno.o)
                0x00000ea0                __errno
 .text.__libc_init_array
                0x00000eac       0x4c c:/program files (x86)/cypress/psoc creator/4.1/psoc creator/import/gnu/arm/5.4.1/bin/../lib/gcc/arm-none-eabi/5.4.1/../../../../arm-none-eabi/lib/armv7-m\libg_nano.a(lib_a-init.o)
                0x00000eac                __libc_init_array
 .text.memcpy   0x00000ef8       0x16 c:/program files (x86)/cypress/psoc creator/4.1/psoc creator/import/gnu/arm/5.4.1/bin/../lib/gcc/arm-none-eabi/5.4.1/../../../../arm-none-eabi/lib/armv7-m\libg_nano.a(lib_a-memcpy-stub.o)
                0x00000ef8                memcpy
 .text.memset   0x00000f0e       0x10 c:/program files (x86)/cypress/psoc creator/4.1/psoc creator/import/gnu/arm/5.4.1/bin/../lib/gcc/arm-none-eabi/5.4.1/../../../../arm-none-eabi/lib/armv7-m\libg_nano.a(lib_a-memset.o)
                0x00000f0e                memset
 *fill*         0x00000f1e        0x2 
 .text.sprintf  0x00000f20       0x48 c:/program files (x86)/cypress/psoc creator/4.1/psoc creator/import/gnu/arm/5.4.1/bin/../lib/gcc/arm-none-eabi/5.4.1/../../../../arm-none-eabi/lib/armv7-m\libg_nano.a(lib_a-sprintf.o)
                0x00000f20                siprintf
                0x00000f20                sprintf
 .text.__ssputs_r
                0x00000f68       0xb2 c:/program files (x86)/cypress/psoc creator/4.1/psoc creator/import/gnu/arm/5.4.1/bin/../lib/gcc/arm-none-eabi/5.4.1/../../../../arm-none-eabi/lib/armv7-m\libg_nano.a(lib_a-nano-svfprintf.o)
                0x00000f68                __ssputs_r
 *fill*         0x0000101a        0x2 
 .text._svfprintf_r
                0x0000101c      0x1e8 c:/program files (x86)/cypress/psoc creator/4.1/psoc creator/import/gnu/arm/5.4.1/bin/../lib/gcc/arm-none-eabi/5.4.1/../../../../arm-none-eabi/lib/armv7-m\libg_nano.a(lib_a-nano-svfprintf.o)
                0x0000101c                _svfiprintf_r
                0x0000101c                _svfprintf_r
 .text._printf_common
                0x00001204       0xec c:/program files (x86)/cypress/psoc creator/4.1/psoc creator/import/gnu/arm/5.4.1/bin/../lib/gcc/arm-none-eabi/5.4.1/../../../../arm-none-eabi/lib/armv7-m\libg_nano.a(lib_a-nano-vfprintf_i.o)
                0x00001204                _printf_common
 .text._printf_i
                0x000012f0      0x24c c:/program files (x86)/cypress/psoc creator/4.1/psoc creator/import/gnu/arm/5.4.1/bin/../lib/gcc/arm-none-eabi/5.4.1/../../../../arm-none-eabi/lib/armv7-m\libg_nano.a(lib_a-nano-vfprintf_i.o)
                0x000012f0                _printf_i
 .text.memchr   0x0000153c       0x1c c:/program files (x86)/cypress/psoc creator/4.1/psoc creator/import/gnu/arm/5.4.1/bin/../lib/gcc/arm-none-eabi/5.4.1/../../../../arm-none-eabi/lib/armv7-m\libg_nano.a(lib_a-memchr-stub.o)
                0x0000153c                memchr
 .text.memmove  0x00001558       0x36 c:/program files (x86)/cypress/psoc creator/4.1/psoc creator/import/gnu/arm/5.4.1/bin/../lib/gcc/arm-none-eabi/5.4.1/../../../../arm-none-eabi/lib/armv7-m\libg_nano.a(lib_a-memmove.o)
                0x00001558                memmove
 *fill*         0x0000158e        0x2 
 .text._free_r  0x00001590       0x98 c:/program files (x86)/cypress/psoc creator/4.1/psoc creator/import/gnu/arm/5.4.1/bin/../lib/gcc/arm-none-eabi/5.4.1/../../../../arm-none-eabi/lib/armv7-m\libg_nano.a(lib_a-nano-freer.o)
                0x00001590                _free_r
 .text._malloc_r
                0x00001628       0xbc c:/program files (x86)/cypress/psoc creator/4.1/psoc creator/import/gnu/arm/5.4.1/bin/../lib/gcc/arm-none-eabi/5.4.1/../../../../arm-none-eabi/lib/armv7-m\libg_nano.a(lib_a-nano-mallocr.o)
                0x00001628                _malloc_r
 .text._realloc_r
                0x000016e4       0x4c c:/program files (x86)/cypress/psoc creator/4.1/psoc creator/import/gnu/arm/5.4.1/bin/../lib/gcc/arm-none-eabi/5.4.1/../../../../arm-none-eabi/lib/armv7-m\libg_nano.a(lib_a-nano-reallocr.o)
                0x000016e4                _realloc_r
 .text._sbrk_r  0x00001730       0x20 c:/program files (x86)/cypress/psoc creator/4.1/psoc creator/import/gnu/arm/5.4.1/bin/../lib/gcc/arm-none-eabi/5.4.1/../../../../arm-none-eabi/lib/armv7-m\libg_nano.a(lib_a-sbrkr.o)
                0x00001730                _sbrk_r
 .text.__malloc_lock
                0x00001750        0x2 c:/program files (x86)/cypress/psoc creator/4.1/psoc creator/import/gnu/arm/5.4.1/bin/../lib/gcc/arm-none-eabi/5.4.1/../../../../arm-none-eabi/lib/armv7-m\libg_nano.a(lib_a-mlock.o)
                0x00001750                __malloc_lock
 .text.__malloc_unlock
                0x00001752        0x2 c:/program files (x86)/cypress/psoc creator/4.1/psoc creator/import/gnu/arm/5.4.1/bin/../lib/gcc/arm-none-eabi/5.4.1/../../../../arm-none-eabi/lib/armv7-m\libg_nano.a(lib_a-mlock.o)
                0x00001752                __malloc_unlock
 .text._malloc_usable_size_r
                0x00001754       0x14 c:/program files (x86)/cypress/psoc creator/4.1/psoc creator/import/gnu/arm/5.4.1/bin/../lib/gcc/arm-none-eabi/5.4.1/../../../../arm-none-eabi/lib/armv7-m\libg_nano.a(lib_a-nano-msizer.o)
                0x00001754                _malloc_usable_size_r
 *(.plt)
 *(.gnu.warning)
 *(.glue_7t)
 .glue_7t       0x00001768        0x0 linker stubs
 *(.glue_7)
 .glue_7        0x00001768        0x0 linker stubs
 *(.vfp11_veneer)
 .vfp11_veneer  0x00001768        0x0 linker stubs
 *(.bootloader)
 *(.ARM.extab* .gnu.linkonce.armextab.*)
 *(.gcc_except_table)

.v4_bx          0x00001768        0x0
 .v4_bx         0x00001768        0x0 linker stubs

.iplt           0x00001768        0x0
 .iplt          0x00001768        0x0 c:/program files (x86)/cypress/psoc creator/4.1/psoc creator/import/gnu/arm/5.4.1/bin/../lib/gcc/arm-none-eabi/5.4.1/armv7-m/crtbegin.o

.eh_frame_hdr
 *(.eh_frame_hdr)

.eh_frame       0x00001768        0x4
 *(.eh_frame)
 .eh_frame      0x00001768        0x0 c:/program files (x86)/cypress/psoc creator/4.1/psoc creator/import/gnu/arm/5.4.1/bin/../lib/gcc/arm-none-eabi/5.4.1/armv7-m/crtbegin.o
 .eh_frame      0x00001768        0x4 c:/program files (x86)/cypress/psoc creator/4.1/psoc creator/import/gnu/arm/5.4.1/bin/../lib/gcc/arm-none-eabi/5.4.1/armv7-m/crtend.o
                [!provide]                PROVIDE (__exidx_start, .)

.ARM.exidx
 *(.ARM.exidx* .gnu.linkonce.armexidx.*)
                0x0000176c                __exidx_end = .

.rodata         0x0000176c       0xb4
 *(.rodata .rodata.* .gnu.linkonce.r.*)
 .rodata.str1.4
                0x0000176c       0x10 .\CortexM3\ARM_GCC_541\Debug\main.o
                                 0x19 (size before relaxing)
 .rodata        0x0000177c       0x36 .\CortexM3\ARM_GCC_541\Debug\cyfitter_cfg.o
 .rodata.str1.1
                0x000017b2        0x2 c:/program files (x86)/cypress/psoc creator/4.1/psoc creator/import/gnu/arm/5.4.1/bin/../lib/gcc/arm-none-eabi/5.4.1/../../../../arm-none-eabi/lib/armv7-m\libg_nano.a(lib_a-impure.o)
 .rodata.str1.1
                0x000017b4       0x11 c:/program files (x86)/cypress/psoc creator/4.1/psoc creator/import/gnu/arm/5.4.1/bin/../lib/gcc/arm-none-eabi/5.4.1/../../../../arm-none-eabi/lib/armv7-m\libg_nano.a(lib_a-nano-svfprintf.o)
 .rodata.str1.1
                0x000017c5       0x22 c:/program files (x86)/cypress/psoc creator/4.1/psoc creator/import/gnu/arm/5.4.1/bin/../lib/gcc/arm-none-eabi/5.4.1/../../../../arm-none-eabi/lib/armv7-m\libg_nano.a(lib_a-nano-vfprintf_i.o)
                0x000017e8                . = ALIGN (0x4)
 *fill*         0x000017e7        0x1 
 *(.init)
 .init          0x000017e8        0x4 c:/program files (x86)/cypress/psoc creator/4.1/psoc creator/import/gnu/arm/5.4.1/bin/../lib/gcc/arm-none-eabi/5.4.1/armv7-m/crti.o
                0x000017e8                _init
 .init          0x000017ec        0x8 c:/program files (x86)/cypress/psoc creator/4.1/psoc creator/import/gnu/arm/5.4.1/bin/../lib/gcc/arm-none-eabi/5.4.1/armv7-m/crtn.o
                0x000017f4                . = ALIGN (0x4)
                0x000017f4                __preinit_array_start = .
 *(.preinit_array)
                0x000017f4                __preinit_array_end = .
                0x000017f4                . = ALIGN (0x4)
                0x000017f4                __init_array_start = .
 *(SORT(.init_array.*))
 *(.init_array)
 .init_array    0x000017f4        0x4 c:/program files (x86)/cypress/psoc creator/4.1/psoc creator/import/gnu/arm/5.4.1/bin/../lib/gcc/arm-none-eabi/5.4.1/armv7-m/crtbegin.o
 .init_array    0x000017f8        0x4 .\CortexM3\ARM_GCC_541\Debug\Cm3Start.o
                0x000017fc                __init_array_end = .
                0x000017fc                . = ALIGN (0x4)
 *(.fini)
 .fini          0x000017fc        0x4 c:/program files (x86)/cypress/psoc creator/4.1/psoc creator/import/gnu/arm/5.4.1/bin/../lib/gcc/arm-none-eabi/5.4.1/armv7-m/crti.o
                0x000017fc                _fini
 .fini          0x00001800        0x8 c:/program files (x86)/cypress/psoc creator/4.1/psoc creator/import/gnu/arm/5.4.1/bin/../lib/gcc/arm-none-eabi/5.4.1/armv7-m/crtn.o
                0x00001808                . = ALIGN (0x4)
                0x00001808                __fini_array_start = .
 *(.fini_array)
 .fini_array    0x00001808        0x4 c:/program files (x86)/cypress/psoc creator/4.1/psoc creator/import/gnu/arm/5.4.1/bin/../lib/gcc/arm-none-eabi/5.4.1/armv7-m/crtbegin.o
 *(SORT(.fini_array.*))
                0x0000180c                __fini_array_end = .
                0x0000180c                . = ALIGN (0x4)
 *crtbegin.o(.ctors)
 *(EXCLUDE_FILE(*crtend.o) .ctors)
 *(SORT(.ctors.*))
 *crtend.o(.ctors)
                0x0000180c                . = ALIGN (0x4)
 *crtbegin.o(.dtors)
 *(EXCLUDE_FILE(*crtend.o) .dtors)
 *(SORT(.dtors.*))
 *crtend.o(.dtors)
                0x0000180c                . = ALIGN (0x4)
                0x0000180c                __cy_regions = .
                0x0000180c        0x4 LONG 0x1820 __cy_region_init_ram
                0x00001810        0x4 LONG 0x1fff80c8 __cy_region_start_data
                0x00001814        0x4 LONG 0x70 __cy_region_init_size_ram
                0x00001818        0x4 LONG 0x108 __cy_region_zero_size_ram
                0x0000181c                __cy_regions_end = .
                0x00001820                . = ALIGN (0x8)
 *fill*         0x0000181c        0x4 
                0x00001820                _etext = .

.cy_checksum_exclude
                0x00001820        0x0
 *(.cy_checksum_exclude)

.ramvectors     0x1fff8000       0xc0
                0x1fff8000                __cy_region_start_ram = .
 *(.ramvectors)
 .ramvectors    0x1fff8000       0xc0 .\CortexM3\ARM_GCC_541\Debug\Cm3Start.o
                0x1fff8000                CyRamVectors

.noinit         0x1fff80c0        0x1
 *(.noinit)
 .noinit        0x1fff80c0        0x1 .\CortexM3\ARM_GCC_541\Debug\rotary_enc_hard.a(CyLib.o)
                0x1fff80c0                CyResetStatus

.data           0x1fff80c8       0x70 load address 0x00001820
                0x1fff80c8                __cy_region_start_data = .
 *(.jcr)
 .jcr           0x1fff80c8        0x0 c:/program files (x86)/cypress/psoc creator/4.1/psoc creator/import/gnu/arm/5.4.1/bin/../lib/gcc/arm-none-eabi/5.4.1/armv7-m/crtbegin.o
 .jcr           0x1fff80c8        0x4 c:/program files (x86)/cypress/psoc creator/4.1/psoc creator/import/gnu/arm/5.4.1/bin/../lib/gcc/arm-none-eabi/5.4.1/armv7-m/crtend.o
 *(.got.plt)
 *(.got)
 *(.shdata)
 *(.data .data.* .gnu.linkonce.d.*)
 .data          0x1fff80cc        0x4 .\CortexM3\ARM_GCC_541\Debug\main.o
                0x1fff80cc                temp_Count
                0x1fff80ce                Count
 .data          0x1fff80d0        0x4 .\CortexM3\ARM_GCC_541\Debug\Cm3Start.o
 .data.impure_data
                0x1fff80d4       0x60 c:/program files (x86)/cypress/psoc creator/4.1/psoc creator/import/gnu/arm/5.4.1/bin/../lib/gcc/arm-none-eabi/5.4.1/../../../../arm-none-eabi/lib/armv7-m\libg_nano.a(lib_a-impure.o)
 .data._impure_ptr
                0x1fff8134        0x4 c:/program files (x86)/cypress/psoc creator/4.1/psoc creator/import/gnu/arm/5.4.1/bin/../lib/gcc/arm-none-eabi/5.4.1/../../../../arm-none-eabi/lib/armv7-m\libg_nano.a(lib_a-impure.o)
                0x1fff8134                _impure_ptr
                0x1fff8138                . = ALIGN (0x8)
 *(.ram)
                0x1fff8138                _edata = .

.igot.plt       0x1fff8138        0x0 load address 0x00001890
 .igot.plt      0x1fff8138        0x0 c:/program files (x86)/cypress/psoc creator/4.1/psoc creator/import/gnu/arm/5.4.1/bin/../lib/gcc/arm-none-eabi/5.4.1/armv7-m/crtbegin.o

.bss            0x1fff8138      0x108 load address 0x00001890
                0x1fff8138                PROVIDE (__bss_start__, .)
 *(.shbss)
 *(.bss .bss.* .gnu.linkonce.b.*)
 .bss           0x1fff8138       0x1c c:/program files (x86)/cypress/psoc creator/4.1/psoc creator/import/gnu/arm/5.4.1/bin/../lib/gcc/arm-none-eabi/5.4.1/armv7-m/crtbegin.o
 .bss           0x1fff8154        0x4 .\CortexM3\ARM_GCC_541\Debug\main.o
                0x1fff8154                ans
 .bss           0x1fff8158        0x1 .\CortexM3\ARM_GCC_541\Debug\rotary_enc_hard.a(QuadDec.o)
                0x1fff8158                QuadDec_initVar
 .bss           0x1fff8159        0x1 .\CortexM3\ARM_GCC_541\Debug\rotary_enc_hard.a(QuadDec_Cnt16.o)
                0x1fff8159                QuadDec_Cnt16_initVar
 .bss           0x1fff815a        0x1 .\CortexM3\ARM_GCC_541\Debug\rotary_enc_hard.a(USBUART_cdc.o)
 .bss           0x1fff815b        0x1 .\CortexM3\ARM_GCC_541\Debug\rotary_enc_hard.a(PWM.o)
                0x1fff815b                PWM_initVar
 .bss           0x1fff815c        0x2 .\CortexM3\ARM_GCC_541\Debug\rotary_enc_hard.a(UART.o)
                0x1fff815c                UART_initVar
 *fill*         0x1fff815e        0x2 
 .bss.__malloc_sbrk_start
                0x1fff8160        0x4 c:/program files (x86)/cypress/psoc creator/4.1/psoc creator/import/gnu/arm/5.4.1/bin/../lib/gcc/arm-none-eabi/5.4.1/../../../../arm-none-eabi/lib/armv7-m\libg_nano.a(lib_a-nano-mallocr.o)
                0x1fff8160                __malloc_sbrk_start
 .bss.__malloc_free_list
                0x1fff8164        0x4 c:/program files (x86)/cypress/psoc creator/4.1/psoc creator/import/gnu/arm/5.4.1/bin/../lib/gcc/arm-none-eabi/5.4.1/../../../../arm-none-eabi/lib/armv7-m\libg_nano.a(lib_a-nano-mallocr.o)
                0x1fff8164                __malloc_free_list
 *(COMMON)
 COMMON         0x1fff8168       0x20 .\CortexM3\ARM_GCC_541\Debug\main.o
                0x1fff8168                D
                0x1fff816c                isrcnt
                0x1fff8170                preTime
                0x1fff8174                vol
                0x1fff8178                I
                0x1fff817c                dt
                0x1fff8180                preP
                0x1fff8184                P
 COMMON         0x1fff8188       0x18 .\CortexM3\ARM_GCC_541\Debug\rotary_enc_hard.a(USBUART_cdc.o)
                0x1fff8188                USBUART_linesChanged
                0x1fff818c                USBUART_cdcDataInEp
                0x1fff8190                USBUART_cdcCommInInterruptEp
                0x1fff8194                USBUART_cdcDataOutEp
                0x1fff8198                USBUART_serialStateBitmap
                0x1fff819c                USBUART_linesControlBitmap
 COMMON         0x1fff81a0       0x9a .\CortexM3\ARM_GCC_541\Debug\rotary_enc_hard.a(USBUART_drv.o)
                0x1fff81a0                USBUART_lastPacketSize
                0x1fff81a1                USBUART_device
                0x1fff81a2                USBUART_transferByteCount
                0x1fff81a4                USBUART_transferState
                0x1fff81a8                USBUART_interfaceSettingLast
                0x1fff81ac                USBUART_currentTD
                0x1fff81b8                USBUART_interfaceNumber
                0x1fff81bc                USBUART_interfaceClass
                0x1fff81c0                USBUART_configurationChanged
                0x1fff81c1                USBUART_ep0Mode
                0x1fff81c2                USBUART_deviceAddress
                0x1fff81c3                USBUART_configuration
                0x1fff81c4                USBUART_ep0Count
                0x1fff81c5                USBUART_deviceStatus
                0x1fff81c8                USBUART_EP
                0x1fff8234                USBUART_interfaceSetting
                0x1fff8236                USBUART_ep0Toggle
                0x1fff8238                USBUART_interfaceStatus
 *fill*         0x1fff823a        0x2 
 COMMON         0x1fff823c        0x4 c:/program files (x86)/cypress/psoc creator/4.1/psoc creator/import/gnu/arm/5.4.1/bin/../lib/gcc/arm-none-eabi/5.4.1/../../../../arm-none-eabi/lib/armv7-m\libg_nano.a(lib_a-reent.o)
                0x1fff823c                errno
                0x1fff8240                . = ALIGN (0x8)
 *(.ram.b)
                0x1fff8240                _end = .
                0x1fff8240                __end = .
                0x1fff8240                PROVIDE (end, .)
                0x1fff8240                PROVIDE (__bss_end__, .)
                0x00001820                __cy_region_init_ram = LOADADDR (.data)
                0x00000070                __cy_region_init_size_ram = (_edata - ADDR (.data))
                0x00000108                __cy_region_zero_size_ram = (_end - _edata)

.heap           0x1fff8240       0x80 load address 0x00001890
                0x1fff8240                . = _end
                0x1fff82c0                . = (. + 0x80)
 *fill*         0x1fff8240       0x80 
                0x1fff82c0                __cy_heap_limit = .

.stack          0x20007800      0x800
                0x20007800                __cy_stack_limit = .
                0x20008000                . = (. + 0x800)
 *fill*         0x20007800      0x800 
                0x00000001                ASSERT ((__cy_stack_limit >= __cy_heap_limit), region RAM overflowed with stack)
                0x00000000                cy_checksum_exclude_size = (CY_APPL_LOADABLE == 0x1)?SIZEOF (.cy_checksum_exclude):0x0
                0x00000001                ASSERT ((cy_checksum_exclude_size <= CY_CHECKSUM_EXCLUDE_SIZE), CY_BOOT: Section .cy_checksum_exclude size exceedes specified limit.)

.cyloadermeta
 *(.cyloadermeta)

.cyloadablemeta
 *(.cyloadablemeta)

.cyconfigecc    0x80000000      0x7e8
 *(.cyconfigecc)
 .cyconfigecc   0x80000000      0x7e8 .\CortexM3\ARM_GCC_541\Debug\cymetadata.o
                0x80000000                cy_meta_configecc

.cycustnvl      0x90000000        0x4
 *(.cycustnvl)
 .cycustnvl     0x90000000        0x4 .\CortexM3\ARM_GCC_541\Debug\cymetadata.o
                0x90000000                cy_meta_custnvl

.cywolatch      0x90100000        0x4
 *(.cywolatch)
 .cywolatch     0x90100000        0x4 .\CortexM3\ARM_GCC_541\Debug\cymetadata.o
                0x90100000                cy_meta_wonvl

.cyeeprom       0x90200000        0x0
 *(.cyeeprom)
                0x00000001                ASSERT ((. <= ((0x90200000 + ee_offset) + ee_size)), .cyeeprom data will not fit in EEPROM)

.cyflashprotect
                0x90400000      0x100
 *(.cyflashprotect)
 .cyflashprotect
                0x90400000      0x100 .\CortexM3\ARM_GCC_541\Debug\cymetadata.o
                0x90400000                cy_meta_flashprotect

.cymeta         0x90500000        0xc
 *(.cymeta)
 .cymeta        0x90500000        0xc .\CortexM3\ARM_GCC_541\Debug\cymetadata.o
                0x90500000                cy_metadata

.rel.dyn        0x00001890        0x0 load address 0x9050000c
 .rel.iplt      0x00001890        0x0 c:/program files (x86)/cypress/psoc creator/4.1/psoc creator/import/gnu/arm/5.4.1/bin/../lib/gcc/arm-none-eabi/5.4.1/armv7-m/crtbegin.o

.stab
 *(.stab)

.stabstr
 *(.stabstr)

.debug
 *(.debug)

.line
 *(.line)

.debug_srcinfo
 *(.debug_srcinfo)

.debug_sfnames
 *(.debug_sfnames)

.debug_aranges  0x00000000      0xc90
 *(.debug_aranges)
 .debug_aranges
                0x00000000       0x30 .\CortexM3\ARM_GCC_541\Debug\main.o
 .debug_aranges
                0x00000030       0x58 .\CortexM3\ARM_GCC_541\Debug\cyfitter_cfg.o
 .debug_aranges
                0x00000088       0x18 .\CortexM3\ARM_GCC_541\Debug\cymetadata.o
 .debug_aranges
                0x000000a0       0x48 .\CortexM3\ARM_GCC_541\Debug\Cm3Start.o
 .debug_aranges
                0x000000e8       0x60 .\CortexM3\ARM_GCC_541\Debug\rotary_enc_hard.a(QuadDec.o)
 .debug_aranges
                0x00000148       0x98 .\CortexM3\ARM_GCC_541\Debug\rotary_enc_hard.a(QuadDec_Cnt16.o)
 .debug_aranges
                0x000001e0      0x2a0 .\CortexM3\ARM_GCC_541\Debug\rotary_enc_hard.a(CyLib.o)
 .debug_aranges
                0x00000480       0x98 .\CortexM3\ARM_GCC_541\Debug\rotary_enc_hard.a(cyPm.o)
 .debug_aranges
                0x00000518       0x80 .\CortexM3\ARM_GCC_541\Debug\rotary_enc_hard.a(dt_isr.o)
 .debug_aranges
                0x00000598       0xe8 .\CortexM3\ARM_GCC_541\Debug\rotary_enc_hard.a(USBUART_cdc.o)
 .debug_aranges
                0x00000680       0x98 .\CortexM3\ARM_GCC_541\Debug\rotary_enc_hard.a(USBUART_drv.o)
 .debug_aranges
                0x00000718       0x80 .\CortexM3\ARM_GCC_541\Debug\rotary_enc_hard.a(USBUART_std.o)
 .debug_aranges
                0x00000798       0x20 .\CortexM3\ARM_GCC_541\Debug\rotary_enc_hard.a(USBUART_vnd.o)
 .debug_aranges
                0x000007b8       0x98 .\CortexM3\ARM_GCC_541\Debug\rotary_enc_hard.a(PWM.o)
 .debug_aranges
                0x00000850       0xf0 .\CortexM3\ARM_GCC_541\Debug\rotary_enc_hard.a(UART.o)
 .debug_aranges
                0x00000940       0x70 .\CortexM3\ARM_GCC_541\Debug\rotary_enc_hard.a(UART_IntClock.o)
 .debug_aranges
                0x000009b0       0x20 .\CortexM3\ARM_GCC_541\Debug\rotary_enc_hard.a(CyBootAsmGnu.o)
 .debug_aranges
                0x000009d0       0x80 .\CortexM3\ARM_GCC_541\Debug\rotary_enc_hard.a(CyFlash.o)
 .debug_aranges
                0x00000a50       0x78 .\CortexM3\ARM_GCC_541\Debug\rotary_enc_hard.a(CySpc.o)
 .debug_aranges
                0x00000ac8       0xc8 .\CortexM3\ARM_GCC_541\Debug\rotary_enc_hard.a(USBUART.o)
 .debug_aranges
                0x00000b90       0x20 .\CortexM3\ARM_GCC_541\Debug\rotary_enc_hard.a(USBUART_cls.o)
 .debug_aranges
                0x00000bb0       0x18 .\CortexM3\ARM_GCC_541\Debug\rotary_enc_hard.a(USBUART_descr.o)
 .debug_aranges
                0x00000bc8       0x40 .\CortexM3\ARM_GCC_541\Debug\rotary_enc_hard.a(USBUART_episr.o)
 .debug_aranges
                0x00000c08       0x40 .\CortexM3\ARM_GCC_541\Debug\rotary_enc_hard.a(USBUART_pm.o)
 .debug_aranges
                0x00000c48       0x48 .\CortexM3\ARM_GCC_541\Debug\rotary_enc_hard.a(USBUART_Dp.o)

.debug_pubnames
 *(.debug_pubnames)

.debug_info     0x00000000     0x7e02
 *(.debug_info .gnu.linkonce.wi.*)
 .debug_info    0x00000000      0x363 .\CortexM3\ARM_GCC_541\Debug\main.o
 .debug_info    0x00000363      0x5de .\CortexM3\ARM_GCC_541\Debug\cyfitter_cfg.o
 .debug_info    0x00000941      0x139 .\CortexM3\ARM_GCC_541\Debug\cymetadata.o
 .debug_info    0x00000a7a      0x3bb .\CortexM3\ARM_GCC_541\Debug\Cm3Start.o
 .debug_info    0x00000e35      0x2d4 .\CortexM3\ARM_GCC_541\Debug\rotary_enc_hard.a(QuadDec.o)
 .debug_info    0x00001109      0x348 .\CortexM3\ARM_GCC_541\Debug\rotary_enc_hard.a(QuadDec_Cnt16.o)
 .debug_info    0x00001451     0x1374 .\CortexM3\ARM_GCC_541\Debug\rotary_enc_hard.a(CyLib.o)
 .debug_info    0x000027c5      0xa2a .\CortexM3\ARM_GCC_541\Debug\rotary_enc_hard.a(cyPm.o)
 .debug_info    0x000031ef      0x2d2 .\CortexM3\ARM_GCC_541\Debug\rotary_enc_hard.a(dt_isr.o)
 .debug_info    0x000034c1      0xaf7 .\CortexM3\ARM_GCC_541\Debug\rotary_enc_hard.a(USBUART_cdc.o)
 .debug_info    0x00003fb8      0x655 .\CortexM3\ARM_GCC_541\Debug\rotary_enc_hard.a(USBUART_drv.o)
 .debug_info    0x0000460d      0xb26 .\CortexM3\ARM_GCC_541\Debug\rotary_enc_hard.a(USBUART_std.o)
 .debug_info    0x00005133       0xed .\CortexM3\ARM_GCC_541\Debug\rotary_enc_hard.a(USBUART_vnd.o)
 .debug_info    0x00005220      0x352 .\CortexM3\ARM_GCC_541\Debug\rotary_enc_hard.a(PWM.o)
 .debug_info    0x00005572      0x60c .\CortexM3\ARM_GCC_541\Debug\rotary_enc_hard.a(UART.o)
 .debug_info    0x00005b7e      0x283 .\CortexM3\ARM_GCC_541\Debug\rotary_enc_hard.a(UART_IntClock.o)
 .debug_info    0x00005e01       0x9e .\CortexM3\ARM_GCC_541\Debug\rotary_enc_hard.a(CyBootAsmGnu.o)
 .debug_info    0x00005e9f      0x5b8 .\CortexM3\ARM_GCC_541\Debug\rotary_enc_hard.a(CyFlash.o)
 .debug_info    0x00006457      0x4e9 .\CortexM3\ARM_GCC_541\Debug\rotary_enc_hard.a(CySpc.o)
 .debug_info    0x00006940      0x995 .\CortexM3\ARM_GCC_541\Debug\rotary_enc_hard.a(USBUART.o)
 .debug_info    0x000072d5      0x1de .\CortexM3\ARM_GCC_541\Debug\rotary_enc_hard.a(USBUART_cls.o)
 .debug_info    0x000074b3      0x2a3 .\CortexM3\ARM_GCC_541\Debug\rotary_enc_hard.a(USBUART_descr.o)
 .debug_info    0x00007756      0x254 .\CortexM3\ARM_GCC_541\Debug\rotary_enc_hard.a(USBUART_episr.o)
 .debug_info    0x000079aa      0x2e4 .\CortexM3\ARM_GCC_541\Debug\rotary_enc_hard.a(USBUART_pm.o)
 .debug_info    0x00007c8e      0x174 .\CortexM3\ARM_GCC_541\Debug\rotary_enc_hard.a(USBUART_Dp.o)

.debug_abbrev   0x00000000     0x21b2
 *(.debug_abbrev)
 .debug_abbrev  0x00000000      0x17b .\CortexM3\ARM_GCC_541\Debug\main.o
 .debug_abbrev  0x0000017b      0x20d .\CortexM3\ARM_GCC_541\Debug\cyfitter_cfg.o
 .debug_abbrev  0x00000388       0x77 .\CortexM3\ARM_GCC_541\Debug\cymetadata.o
 .debug_abbrev  0x000003ff      0x1e8 .\CortexM3\ARM_GCC_541\Debug\Cm3Start.o
 .debug_abbrev  0x000005e7      0x151 .\CortexM3\ARM_GCC_541\Debug\rotary_enc_hard.a(QuadDec.o)
 .debug_abbrev  0x00000738      0x117 .\CortexM3\ARM_GCC_541\Debug\rotary_enc_hard.a(QuadDec_Cnt16.o)
 .debug_abbrev  0x0000084f      0x254 .\CortexM3\ARM_GCC_541\Debug\rotary_enc_hard.a(CyLib.o)
 .debug_abbrev  0x00000aa3      0x1ab .\CortexM3\ARM_GCC_541\Debug\rotary_enc_hard.a(cyPm.o)
 .debug_abbrev  0x00000c4e      0x173 .\CortexM3\ARM_GCC_541\Debug\rotary_enc_hard.a(dt_isr.o)
 .debug_abbrev  0x00000dc1      0x245 .\CortexM3\ARM_GCC_541\Debug\rotary_enc_hard.a(USBUART_cdc.o)
 .debug_abbrev  0x00001006      0x189 .\CortexM3\ARM_GCC_541\Debug\rotary_enc_hard.a(USBUART_drv.o)
 .debug_abbrev  0x0000118f      0x20a .\CortexM3\ARM_GCC_541\Debug\rotary_enc_hard.a(USBUART_std.o)
 .debug_abbrev  0x00001399       0x9b .\CortexM3\ARM_GCC_541\Debug\rotary_enc_hard.a(USBUART_vnd.o)
 .debug_abbrev  0x00001434      0x133 .\CortexM3\ARM_GCC_541\Debug\rotary_enc_hard.a(PWM.o)
 .debug_abbrev  0x00001567      0x175 .\CortexM3\ARM_GCC_541\Debug\rotary_enc_hard.a(UART.o)
 .debug_abbrev  0x000016dc      0x139 .\CortexM3\ARM_GCC_541\Debug\rotary_enc_hard.a(UART_IntClock.o)
 .debug_abbrev  0x00001815       0x14 .\CortexM3\ARM_GCC_541\Debug\rotary_enc_hard.a(CyBootAsmGnu.o)
 .debug_abbrev  0x00001829      0x198 .\CortexM3\ARM_GCC_541\Debug\rotary_enc_hard.a(CyFlash.o)
 .debug_abbrev  0x000019c1      0x194 .\CortexM3\ARM_GCC_541\Debug\rotary_enc_hard.a(CySpc.o)
 .debug_abbrev  0x00001b55      0x215 .\CortexM3\ARM_GCC_541\Debug\rotary_enc_hard.a(USBUART.o)
 .debug_abbrev  0x00001d6a       0xe1 .\CortexM3\ARM_GCC_541\Debug\rotary_enc_hard.a(USBUART_cls.o)
 .debug_abbrev  0x00001e4b       0xb4 .\CortexM3\ARM_GCC_541\Debug\rotary_enc_hard.a(USBUART_descr.o)
 .debug_abbrev  0x00001eff      0x11b .\CortexM3\ARM_GCC_541\Debug\rotary_enc_hard.a(USBUART_episr.o)
 .debug_abbrev  0x0000201a      0x108 .\CortexM3\ARM_GCC_541\Debug\rotary_enc_hard.a(USBUART_pm.o)
 .debug_abbrev  0x00002122       0x90 .\CortexM3\ARM_GCC_541\Debug\rotary_enc_hard.a(USBUART_Dp.o)

.debug_line     0x00000000     0x3154
 *(.debug_line)
 .debug_line    0x00000000      0x25c .\CortexM3\ARM_GCC_541\Debug\main.o
 .debug_line    0x0000025c      0x1fa .\CortexM3\ARM_GCC_541\Debug\cyfitter_cfg.o
 .debug_line    0x00000456      0x141 .\CortexM3\ARM_GCC_541\Debug\cymetadata.o
 .debug_line    0x00000597      0x234 .\CortexM3\ARM_GCC_541\Debug\Cm3Start.o
 .debug_line    0x000007cb      0x11a .\CortexM3\ARM_GCC_541\Debug\rotary_enc_hard.a(QuadDec.o)
 .debug_line    0x000008e5      0x18d .\CortexM3\ARM_GCC_541\Debug\rotary_enc_hard.a(QuadDec_Cnt16.o)
 .debug_line    0x00000a72      0x816 .\CortexM3\ARM_GCC_541\Debug\rotary_enc_hard.a(CyLib.o)
 .debug_line    0x00001288      0x367 .\CortexM3\ARM_GCC_541\Debug\rotary_enc_hard.a(cyPm.o)
 .debug_line    0x000015ef      0x133 .\CortexM3\ARM_GCC_541\Debug\rotary_enc_hard.a(dt_isr.o)
 .debug_line    0x00001722      0x2f2 .\CortexM3\ARM_GCC_541\Debug\rotary_enc_hard.a(USBUART_cdc.o)
 .debug_line    0x00001a14      0x221 .\CortexM3\ARM_GCC_541\Debug\rotary_enc_hard.a(USBUART_drv.o)
 .debug_line    0x00001c35      0x3e2 .\CortexM3\ARM_GCC_541\Debug\rotary_enc_hard.a(USBUART_std.o)
 .debug_line    0x00002017       0x73 .\CortexM3\ARM_GCC_541\Debug\rotary_enc_hard.a(USBUART_vnd.o)
 .debug_line    0x0000208a      0x186 .\CortexM3\ARM_GCC_541\Debug\rotary_enc_hard.a(PWM.o)
 .debug_line    0x00002210      0x2bc .\CortexM3\ARM_GCC_541\Debug\rotary_enc_hard.a(UART.o)
 .debug_line    0x000024cc      0x17c .\CortexM3\ARM_GCC_541\Debug\rotary_enc_hard.a(UART_IntClock.o)
 .debug_line    0x00002648       0x66 .\CortexM3\ARM_GCC_541\Debug\rotary_enc_hard.a(CyBootAsmGnu.o)
 .debug_line    0x000026ae      0x1e9 .\CortexM3\ARM_GCC_541\Debug\rotary_enc_hard.a(CyFlash.o)
 .debug_line    0x00002897      0x23c .\CortexM3\ARM_GCC_541\Debug\rotary_enc_hard.a(CySpc.o)
 .debug_line    0x00002ad3      0x2dc .\CortexM3\ARM_GCC_541\Debug\rotary_enc_hard.a(USBUART.o)
 .debug_line    0x00002daf       0x95 .\CortexM3\ARM_GCC_541\Debug\rotary_enc_hard.a(USBUART_cls.o)
 .debug_line    0x00002e44       0x61 .\CortexM3\ARM_GCC_541\Debug\rotary_enc_hard.a(USBUART_descr.o)
 .debug_line    0x00002ea5       0xe6 .\CortexM3\ARM_GCC_541\Debug\rotary_enc_hard.a(USBUART_episr.o)
 .debug_line    0x00002f8b      0x10e .\CortexM3\ARM_GCC_541\Debug\rotary_enc_hard.a(USBUART_pm.o)
 .debug_line    0x00003099       0xbb .\CortexM3\ARM_GCC_541\Debug\rotary_enc_hard.a(USBUART_Dp.o)

.debug_frame    0x00000000     0x2290
 *(.debug_frame)
 .debug_frame   0x00000000       0x64 .\CortexM3\ARM_GCC_541\Debug\main.o
 .debug_frame   0x00000064       0xe4 .\CortexM3\ARM_GCC_541\Debug\cyfitter_cfg.o
 .debug_frame   0x00000148       0xb8 .\CortexM3\ARM_GCC_541\Debug\Cm3Start.o
 .debug_frame   0x00000200       0xdc .\CortexM3\ARM_GCC_541\Debug\rotary_enc_hard.a(QuadDec.o)
 .debug_frame   0x000002dc      0x134 .\CortexM3\ARM_GCC_541\Debug\rotary_enc_hard.a(QuadDec_Cnt16.o)
 .debug_frame   0x00000410      0x738 .\CortexM3\ARM_GCC_541\Debug\rotary_enc_hard.a(CyLib.o)
 .debug_frame   0x00000b48      0x1f8 .\CortexM3\ARM_GCC_541\Debug\rotary_enc_hard.a(cyPm.o)
 .debug_frame   0x00000d40      0x104 .\CortexM3\ARM_GCC_541\Debug\rotary_enc_hard.a(dt_isr.o)
 .debug_frame   0x00000e44      0x27c .\CortexM3\ARM_GCC_541\Debug\rotary_enc_hard.a(USBUART_cdc.o)
 .debug_frame   0x000010c0      0x194 .\CortexM3\ARM_GCC_541\Debug\rotary_enc_hard.a(USBUART_drv.o)
 .debug_frame   0x00001254      0x17c .\CortexM3\ARM_GCC_541\Debug\rotary_enc_hard.a(USBUART_std.o)
 .debug_frame   0x000013d0       0x20 .\CortexM3\ARM_GCC_541\Debug\rotary_enc_hard.a(USBUART_vnd.o)
 .debug_frame   0x000013f0      0x134 .\CortexM3\ARM_GCC_541\Debug\rotary_enc_hard.a(PWM.o)
 .debug_frame   0x00001524      0x250 .\CortexM3\ARM_GCC_541\Debug\rotary_enc_hard.a(UART.o)
 .debug_frame   0x00001774       0xe0 .\CortexM3\ARM_GCC_541\Debug\rotary_enc_hard.a(UART_IntClock.o)
 .debug_frame   0x00001854      0x174 .\CortexM3\ARM_GCC_541\Debug\rotary_enc_hard.a(CyFlash.o)
 .debug_frame   0x000019c8      0x160 .\CortexM3\ARM_GCC_541\Debug\rotary_enc_hard.a(CySpc.o)
 .debug_frame   0x00001b28      0x1dc .\CortexM3\ARM_GCC_541\Debug\rotary_enc_hard.a(USBUART.o)
 .debug_frame   0x00001d04       0x2c .\CortexM3\ARM_GCC_541\Debug\rotary_enc_hard.a(USBUART_cls.o)
 .debug_frame   0x00001d30       0x6c .\CortexM3\ARM_GCC_541\Debug\rotary_enc_hard.a(USBUART_episr.o)
 .debug_frame   0x00001d9c       0xa0 .\CortexM3\ARM_GCC_541\Debug\rotary_enc_hard.a(USBUART_pm.o)
 .debug_frame   0x00001e3c       0x70 .\CortexM3\ARM_GCC_541\Debug\rotary_enc_hard.a(USBUART_Dp.o)
 .debug_frame   0x00001eac       0x20 c:/program files (x86)/cypress/psoc creator/4.1/psoc creator/import/gnu/arm/5.4.1/bin/../lib/gcc/arm-none-eabi/5.4.1/../../../../arm-none-eabi/lib/armv7-m\libg_nano.a(lib_a-errno.o)
 .debug_frame   0x00001ecc       0x28 c:/program files (x86)/cypress/psoc creator/4.1/psoc creator/import/gnu/arm/5.4.1/bin/../lib/gcc/arm-none-eabi/5.4.1/../../../../arm-none-eabi/lib/armv7-m\libg_nano.a(lib_a-exit.o)
 .debug_frame   0x00001ef4       0x2c c:/program files (x86)/cypress/psoc creator/4.1/psoc creator/import/gnu/arm/5.4.1/bin/../lib/gcc/arm-none-eabi/5.4.1/../../../../arm-none-eabi/lib/armv7-m\libg_nano.a(lib_a-init.o)
 .debug_frame   0x00001f20       0x28 c:/program files (x86)/cypress/psoc creator/4.1/psoc creator/import/gnu/arm/5.4.1/bin/../lib/gcc/arm-none-eabi/5.4.1/../../../../arm-none-eabi/lib/armv7-m\libg_nano.a(lib_a-memcpy-stub.o)
 .debug_frame   0x00001f48       0x20 c:/program files (x86)/cypress/psoc creator/4.1/psoc creator/import/gnu/arm/5.4.1/bin/../lib/gcc/arm-none-eabi/5.4.1/../../../../arm-none-eabi/lib/armv7-m\libg_nano.a(lib_a-memset.o)
 .debug_frame   0x00001f68       0x70 c:/program files (x86)/cypress/psoc creator/4.1/psoc creator/import/gnu/arm/5.4.1/bin/../lib/gcc/arm-none-eabi/5.4.1/../../../../arm-none-eabi/lib/armv7-m\libg_nano.a(lib_a-sprintf.o)
 .debug_frame   0x00001fd8       0x90 c:/program files (x86)/cypress/psoc creator/4.1/psoc creator/import/gnu/arm/5.4.1/bin/../lib/gcc/arm-none-eabi/5.4.1/../../../../arm-none-eabi/lib/armv7-m\libg_nano.a(lib_a-nano-svfprintf.o)
 .debug_frame   0x00002068       0x60 c:/program files (x86)/cypress/psoc creator/4.1/psoc creator/import/gnu/arm/5.4.1/bin/../lib/gcc/arm-none-eabi/5.4.1/../../../../arm-none-eabi/lib/armv7-m\libg_nano.a(lib_a-nano-vfprintf_i.o)
 .debug_frame   0x000020c8       0x28 c:/program files (x86)/cypress/psoc creator/4.1/psoc creator/import/gnu/arm/5.4.1/bin/../lib/gcc/arm-none-eabi/5.4.1/../../../../arm-none-eabi/lib/armv7-m\libg_nano.a(lib_a-memchr-stub.o)
 .debug_frame   0x000020f0       0x28 c:/program files (x86)/cypress/psoc creator/4.1/psoc creator/import/gnu/arm/5.4.1/bin/../lib/gcc/arm-none-eabi/5.4.1/../../../../arm-none-eabi/lib/armv7-m\libg_nano.a(lib_a-memmove.o)
 .debug_frame   0x00002118       0x38 c:/program files (x86)/cypress/psoc creator/4.1/psoc creator/import/gnu/arm/5.4.1/bin/../lib/gcc/arm-none-eabi/5.4.1/../../../../arm-none-eabi/lib/armv7-m\libg_nano.a(lib_a-nano-freer.o)
 .debug_frame   0x00002150       0x2c c:/program files (x86)/cypress/psoc creator/4.1/psoc creator/import/gnu/arm/5.4.1/bin/../lib/gcc/arm-none-eabi/5.4.1/../../../../arm-none-eabi/lib/armv7-m\libg_nano.a(lib_a-nano-mallocr.o)
 .debug_frame   0x0000217c       0x3c c:/program files (x86)/cypress/psoc creator/4.1/psoc creator/import/gnu/arm/5.4.1/bin/../lib/gcc/arm-none-eabi/5.4.1/../../../../arm-none-eabi/lib/armv7-m\libg_nano.a(lib_a-nano-reallocr.o)
 .debug_frame   0x000021b8       0x2c c:/program files (x86)/cypress/psoc creator/4.1/psoc creator/import/gnu/arm/5.4.1/bin/../lib/gcc/arm-none-eabi/5.4.1/../../../../arm-none-eabi/lib/armv7-m\libg_nano.a(lib_a-sbrkr.o)
 .debug_frame   0x000021e4       0x30 c:/program files (x86)/cypress/psoc creator/4.1/psoc creator/import/gnu/arm/5.4.1/bin/../lib/gcc/arm-none-eabi/5.4.1/../../../../arm-none-eabi/lib/armv7-m\libg_nano.a(lib_a-mlock.o)
 .debug_frame   0x00002214       0x20 c:/program files (x86)/cypress/psoc creator/4.1/psoc creator/import/gnu/arm/5.4.1/bin/../lib/gcc/arm-none-eabi/5.4.1/../../../../arm-none-eabi/lib/armv7-m\libg_nano.a(lib_a-nano-msizer.o)
 .debug_frame   0x00002234       0x5c c:/program files (x86)/cypress/psoc creator/4.1/psoc creator/import/gnu/arm/5.4.1/bin/../lib/gcc/arm-none-eabi/5.4.1/../../../../arm-none-eabi/lib/armv7-m\libg_nano.a(lib_a-reent.o)

.debug_str      0x00000000     0x2d93
 *(.debug_str)
 .debug_str     0x00000000      0x21d .\CortexM3\ARM_GCC_541\Debug\main.o
                                0x297 (size before relaxing)
 .debug_str     0x0000021d      0x1bc .\CortexM3\ARM_GCC_541\Debug\cyfitter_cfg.o
                                0x352 (size before relaxing)
 .debug_str     0x000003d9       0x7f .\CortexM3\ARM_GCC_541\Debug\cymetadata.o
                                0x1f2 (size before relaxing)
 .debug_str     0x00000458      0x144 .\CortexM3\ARM_GCC_541\Debug\Cm3Start.o
                                0x318 (size before relaxing)
 .debug_str     0x0000059c      0x144 .\CortexM3\ARM_GCC_541\Debug\rotary_enc_hard.a(QuadDec.o)
                                0x32b (size before relaxing)
 .debug_str     0x000006e0      0x1d4 .\CortexM3\ARM_GCC_541\Debug\rotary_enc_hard.a(QuadDec_Cnt16.o)
                                0x3fe (size before relaxing)
 .debug_str     0x000008b4      0x813 .\CortexM3\ARM_GCC_541\Debug\rotary_enc_hard.a(CyLib.o)
                                0xa55 (size before relaxing)
 .debug_str     0x000010c7      0x365 .\CortexM3\ARM_GCC_541\Debug\rotary_enc_hard.a(cyPm.o)
                                0x741 (size before relaxing)
 .debug_str     0x0000142c       0xe5 .\CortexM3\ARM_GCC_541\Debug\rotary_enc_hard.a(dt_isr.o)
                                0x2c2 (size before relaxing)
 .debug_str     0x00001511      0x611 .\CortexM3\ARM_GCC_541\Debug\rotary_enc_hard.a(USBUART_cdc.o)
                                0x7df (size before relaxing)
 .debug_str     0x00001b22      0x346 .\CortexM3\ARM_GCC_541\Debug\rotary_enc_hard.a(USBUART_drv.o)
                                0x656 (size before relaxing)
 .debug_str     0x00001e68      0x334 .\CortexM3\ARM_GCC_541\Debug\rotary_enc_hard.a(USBUART_std.o)
                                0x7c5 (size before relaxing)
 .debug_str     0x0000219c       0x25 .\CortexM3\ARM_GCC_541\Debug\rotary_enc_hard.a(USBUART_vnd.o)
                                0x1fb (size before relaxing)
 .debug_str     0x000021c1      0x139 .\CortexM3\ARM_GCC_541\Debug\rotary_enc_hard.a(PWM.o)
                                0x346 (size before relaxing)
 .debug_str     0x000022fa      0x204 .\CortexM3\ARM_GCC_541\Debug\rotary_enc_hard.a(UART.o)
                                0x483 (size before relaxing)
 .debug_str     0x000024fe      0x183 .\CortexM3\ARM_GCC_541\Debug\rotary_enc_hard.a(UART_IntClock.o)
                                0x344 (size before relaxing)
 .debug_str     0x00002681      0x19c .\CortexM3\ARM_GCC_541\Debug\rotary_enc_hard.a(CyFlash.o)
                                0x3af (size before relaxing)
 .debug_str     0x0000281d       0xac .\CortexM3\ARM_GCC_541\Debug\rotary_enc_hard.a(CySpc.o)
                                0x338 (size before relaxing)
 .debug_str     0x000028c9      0x1d1 .\CortexM3\ARM_GCC_541\Debug\rotary_enc_hard.a(USBUART.o)
                                0x678 (size before relaxing)
 .debug_str     0x00002a9a       0x25 .\CortexM3\ARM_GCC_541\Debug\rotary_enc_hard.a(USBUART_cls.o)
                                0x2ba (size before relaxing)
 .debug_str     0x00002abf      0x104 .\CortexM3\ARM_GCC_541\Debug\rotary_enc_hard.a(USBUART_descr.o)
                                0x367 (size before relaxing)
 .debug_str     0x00002bc3       0x80 .\CortexM3\ARM_GCC_541\Debug\rotary_enc_hard.a(USBUART_episr.o)
                                0x2ed (size before relaxing)
 .debug_str     0x00002c43       0xac .\CortexM3\ARM_GCC_541\Debug\rotary_enc_hard.a(USBUART_pm.o)
                                0x2fe (size before relaxing)
 .debug_str     0x00002cef       0xa4 .\CortexM3\ARM_GCC_541\Debug\rotary_enc_hard.a(USBUART_Dp.o)
                                0x24f (size before relaxing)

.debug_loc      0x00000000     0x32a5
 *(.debug_loc)
 .debug_loc     0x00000000       0x21 .\CortexM3\ARM_GCC_541\Debug\main.o
 .debug_loc     0x00000021      0x259 .\CortexM3\ARM_GCC_541\Debug\cyfitter_cfg.o
 .debug_loc     0x0000027a      0x144 .\CortexM3\ARM_GCC_541\Debug\Cm3Start.o
 .debug_loc     0x000003be       0x78 .\CortexM3\ARM_GCC_541\Debug\rotary_enc_hard.a(QuadDec.o)
 .debug_loc     0x00000436       0x3d .\CortexM3\ARM_GCC_541\Debug\rotary_enc_hard.a(QuadDec_Cnt16.o)
 .debug_loc     0x00000473      0xa11 .\CortexM3\ARM_GCC_541\Debug\rotary_enc_hard.a(CyLib.o)
 .debug_loc     0x00000e84      0x1e4 .\CortexM3\ARM_GCC_541\Debug\rotary_enc_hard.a(cyPm.o)
 .debug_loc     0x00001068       0x56 .\CortexM3\ARM_GCC_541\Debug\rotary_enc_hard.a(dt_isr.o)
 .debug_loc     0x000010be      0x557 .\CortexM3\ARM_GCC_541\Debug\rotary_enc_hard.a(USBUART_cdc.o)
 .debug_loc     0x00001615      0x171 .\CortexM3\ARM_GCC_541\Debug\rotary_enc_hard.a(USBUART_drv.o)
 .debug_loc     0x00001786      0x945 .\CortexM3\ARM_GCC_541\Debug\rotary_enc_hard.a(USBUART_std.o)
 .debug_loc     0x000020cb       0x26 .\CortexM3\ARM_GCC_541\Debug\rotary_enc_hard.a(PWM.o)
 .debug_loc     0x000020f1      0x258 .\CortexM3\ARM_GCC_541\Debug\rotary_enc_hard.a(UART.o)
 .debug_loc     0x00002349      0x128 .\CortexM3\ARM_GCC_541\Debug\rotary_enc_hard.a(UART_IntClock.o)
 .debug_loc     0x00002471      0x2f2 .\CortexM3\ARM_GCC_541\Debug\rotary_enc_hard.a(CyFlash.o)
 .debug_loc     0x00002763      0x64d .\CortexM3\ARM_GCC_541\Debug\rotary_enc_hard.a(CySpc.o)
 .debug_loc     0x00002db0      0x3e1 .\CortexM3\ARM_GCC_541\Debug\rotary_enc_hard.a(USBUART.o)
 .debug_loc     0x00003191       0x6a .\CortexM3\ARM_GCC_541\Debug\rotary_enc_hard.a(USBUART_cls.o)
 .debug_loc     0x000031fb       0x26 .\CortexM3\ARM_GCC_541\Debug\rotary_enc_hard.a(USBUART_pm.o)
 .debug_loc     0x00003221       0x84 .\CortexM3\ARM_GCC_541\Debug\rotary_enc_hard.a(USBUART_Dp.o)

.debug_macinfo
 *(.debug_macinfo)

.debug_ranges   0x00000000      0xaf8
 *(.debug_ranges)
 .debug_ranges  0x00000000       0x20 .\CortexM3\ARM_GCC_541\Debug\main.o
 .debug_ranges  0x00000020       0x48 .\CortexM3\ARM_GCC_541\Debug\cyfitter_cfg.o
 .debug_ranges  0x00000068       0x38 .\CortexM3\ARM_GCC_541\Debug\Cm3Start.o
 .debug_ranges  0x000000a0       0x50 .\CortexM3\ARM_GCC_541\Debug\rotary_enc_hard.a(QuadDec.o)
 .debug_ranges  0x000000f0       0x88 .\CortexM3\ARM_GCC_541\Debug\rotary_enc_hard.a(QuadDec_Cnt16.o)
 .debug_ranges  0x00000178      0x290 .\CortexM3\ARM_GCC_541\Debug\rotary_enc_hard.a(CyLib.o)
 .debug_ranges  0x00000408       0x88 .\CortexM3\ARM_GCC_541\Debug\rotary_enc_hard.a(cyPm.o)
 .debug_ranges  0x00000490       0x70 .\CortexM3\ARM_GCC_541\Debug\rotary_enc_hard.a(dt_isr.o)
 .debug_ranges  0x00000500       0xd8 .\CortexM3\ARM_GCC_541\Debug\rotary_enc_hard.a(USBUART_cdc.o)
 .debug_ranges  0x000005d8       0x88 .\CortexM3\ARM_GCC_541\Debug\rotary_enc_hard.a(USBUART_drv.o)
 .debug_ranges  0x00000660       0x70 .\CortexM3\ARM_GCC_541\Debug\rotary_enc_hard.a(USBUART_std.o)
 .debug_ranges  0x000006d0       0x10 .\CortexM3\ARM_GCC_541\Debug\rotary_enc_hard.a(USBUART_vnd.o)
 .debug_ranges  0x000006e0       0x88 .\CortexM3\ARM_GCC_541\Debug\rotary_enc_hard.a(PWM.o)
 .debug_ranges  0x00000768       0xe0 .\CortexM3\ARM_GCC_541\Debug\rotary_enc_hard.a(UART.o)
 .debug_ranges  0x00000848       0x60 .\CortexM3\ARM_GCC_541\Debug\rotary_enc_hard.a(UART_IntClock.o)
 .debug_ranges  0x000008a8       0x70 .\CortexM3\ARM_GCC_541\Debug\rotary_enc_hard.a(CyFlash.o)
 .debug_ranges  0x00000918       0x68 .\CortexM3\ARM_GCC_541\Debug\rotary_enc_hard.a(CySpc.o)
 .debug_ranges  0x00000980       0xd0 .\CortexM3\ARM_GCC_541\Debug\rotary_enc_hard.a(USBUART.o)
 .debug_ranges  0x00000a50       0x10 .\CortexM3\ARM_GCC_541\Debug\rotary_enc_hard.a(USBUART_cls.o)
 .debug_ranges  0x00000a60       0x30 .\CortexM3\ARM_GCC_541\Debug\rotary_enc_hard.a(USBUART_episr.o)
 .debug_ranges  0x00000a90       0x30 .\CortexM3\ARM_GCC_541\Debug\rotary_enc_hard.a(USBUART_pm.o)
 .debug_ranges  0x00000ac0       0x38 .\CortexM3\ARM_GCC_541\Debug\rotary_enc_hard.a(USBUART_Dp.o)

.comment        0x00000000       0x6e
 .comment       0x00000000       0x6e .\CortexM3\ARM_GCC_541\Debug\main.o
                                 0x6f (size before relaxing)
 .comment       0x0000006e       0x6f .\CortexM3\ARM_GCC_541\Debug\cyfitter_cfg.o
 .comment       0x0000006e       0x6f .\CortexM3\ARM_GCC_541\Debug\cymetadata.o
 .comment       0x0000006e       0x6f .\CortexM3\ARM_GCC_541\Debug\Cm3Start.o
 .comment       0x0000006e       0x6f .\CortexM3\ARM_GCC_541\Debug\rotary_enc_hard.a(QuadDec.o)
 .comment       0x0000006e       0x6f .\CortexM3\ARM_GCC_541\Debug\rotary_enc_hard.a(QuadDec_Cnt16.o)
 .comment       0x0000006e       0x6f .\CortexM3\ARM_GCC_541\Debug\rotary_enc_hard.a(CyLib.o)
 .comment       0x0000006e       0x6f .\CortexM3\ARM_GCC_541\Debug\rotary_enc_hard.a(cyPm.o)
 .comment       0x0000006e       0x6f .\CortexM3\ARM_GCC_541\Debug\rotary_enc_hard.a(dt_isr.o)
 .comment       0x0000006e       0x6f .\CortexM3\ARM_GCC_541\Debug\rotary_enc_hard.a(USBUART_cdc.o)
 .comment       0x0000006e       0x6f .\CortexM3\ARM_GCC_541\Debug\rotary_enc_hard.a(USBUART_drv.o)
 .comment       0x0000006e       0x6f .\CortexM3\ARM_GCC_541\Debug\rotary_enc_hard.a(USBUART_std.o)
 .comment       0x0000006e       0x6f .\CortexM3\ARM_GCC_541\Debug\rotary_enc_hard.a(USBUART_vnd.o)
 .comment       0x0000006e       0x6f .\CortexM3\ARM_GCC_541\Debug\rotary_enc_hard.a(PWM.o)
 .comment       0x0000006e       0x6f .\CortexM3\ARM_GCC_541\Debug\rotary_enc_hard.a(UART.o)
 .comment       0x0000006e       0x6f .\CortexM3\ARM_GCC_541\Debug\rotary_enc_hard.a(UART_IntClock.o)
 .comment       0x0000006e       0x6f .\CortexM3\ARM_GCC_541\Debug\rotary_enc_hard.a(CyFlash.o)
 .comment       0x0000006e       0x6f .\CortexM3\ARM_GCC_541\Debug\rotary_enc_hard.a(CySpc.o)
 .comment       0x0000006e       0x6f .\CortexM3\ARM_GCC_541\Debug\rotary_enc_hard.a(USBUART.o)
 .comment       0x0000006e       0x6f .\CortexM3\ARM_GCC_541\Debug\rotary_enc_hard.a(USBUART_cls.o)
 .comment       0x0000006e       0x6f .\CortexM3\ARM_GCC_541\Debug\rotary_enc_hard.a(USBUART_descr.o)
 .comment       0x0000006e       0x6f .\CortexM3\ARM_GCC_541\Debug\rotary_enc_hard.a(USBUART_episr.o)
 .comment       0x0000006e       0x6f .\CortexM3\ARM_GCC_541\Debug\rotary_enc_hard.a(USBUART_pm.o)
 .comment       0x0000006e       0x6f .\CortexM3\ARM_GCC_541\Debug\rotary_enc_hard.a(USBUART_Dp.o)

.debug_weaknames
 *(.debug_weaknames)

.debug_funcnames
 *(.debug_funcnames)

.debug_typenames
 *(.debug_typenames)

.debug_varnames
 *(.debug_varnames)

.note.gnu.arm.ident
 *(.note.gnu.arm.ident)

.ARM.attributes
                0x00000000       0x29
 *(.ARM.attributes)
 .ARM.attributes
                0x00000000       0x1d c:/program files (x86)/cypress/psoc creator/4.1/psoc creator/import/gnu/arm/5.4.1/bin/../lib/gcc/arm-none-eabi/5.4.1/armv7-m/crti.o
 .ARM.attributes
                0x0000001d       0x2d c:/program files (x86)/cypress/psoc creator/4.1/psoc creator/import/gnu/arm/5.4.1/bin/../lib/gcc/arm-none-eabi/5.4.1/armv7-m/crtbegin.o
 .ARM.attributes
                0x0000004a       0x1b c:/program files (x86)/cypress/psoc creator/4.1/psoc creator/import/gnu/arm/5.4.1/bin/../lib/gcc/arm-none-eabi/5.4.1/../../../../arm-none-eabi/lib/armv7-m/crt0.o
 .ARM.attributes
                0x00000065       0x33 .\CortexM3\ARM_GCC_541\Debug\main.o
 .ARM.attributes
                0x00000098       0x33 .\CortexM3\ARM_GCC_541\Debug\cyfitter_cfg.o
 .ARM.attributes
                0x000000cb       0x33 .\CortexM3\ARM_GCC_541\Debug\cymetadata.o
 .ARM.attributes
                0x000000fe       0x33 .\CortexM3\ARM_GCC_541\Debug\Cm3Start.o
 .ARM.attributes
                0x00000131       0x33 .\CortexM3\ARM_GCC_541\Debug\rotary_enc_hard.a(QuadDec.o)
 .ARM.attributes
                0x00000164       0x33 .\CortexM3\ARM_GCC_541\Debug\rotary_enc_hard.a(QuadDec_Cnt16.o)
 .ARM.attributes
                0x00000197       0x33 .\CortexM3\ARM_GCC_541\Debug\rotary_enc_hard.a(CyLib.o)
 .ARM.attributes
                0x000001ca       0x33 .\CortexM3\ARM_GCC_541\Debug\rotary_enc_hard.a(cyPm.o)
 .ARM.attributes
                0x000001fd       0x33 .\CortexM3\ARM_GCC_541\Debug\rotary_enc_hard.a(dt_isr.o)
 .ARM.attributes
                0x00000230       0x33 .\CortexM3\ARM_GCC_541\Debug\rotary_enc_hard.a(USBUART_cdc.o)
 .ARM.attributes
                0x00000263       0x33 .\CortexM3\ARM_GCC_541\Debug\rotary_enc_hard.a(USBUART_drv.o)
 .ARM.attributes
                0x00000296       0x33 .\CortexM3\ARM_GCC_541\Debug\rotary_enc_hard.a(USBUART_std.o)
 .ARM.attributes
                0x000002c9       0x33 .\CortexM3\ARM_GCC_541\Debug\rotary_enc_hard.a(USBUART_vnd.o)
 .ARM.attributes
                0x000002fc       0x33 .\CortexM3\ARM_GCC_541\Debug\rotary_enc_hard.a(PWM.o)
 .ARM.attributes
                0x0000032f       0x33 .\CortexM3\ARM_GCC_541\Debug\rotary_enc_hard.a(UART.o)
 .ARM.attributes
                0x00000362       0x33 .\CortexM3\ARM_GCC_541\Debug\rotary_enc_hard.a(UART_IntClock.o)
 .ARM.attributes
                0x00000395       0x21 .\CortexM3\ARM_GCC_541\Debug\rotary_enc_hard.a(CyBootAsmGnu.o)
 .ARM.attributes
                0x000003b6       0x33 .\CortexM3\ARM_GCC_541\Debug\rotary_enc_hard.a(CyFlash.o)
 .ARM.attributes
                0x000003e9       0x33 .\CortexM3\ARM_GCC_541\Debug\rotary_enc_hard.a(CySpc.o)
 .ARM.attributes
                0x0000041c       0x33 .\CortexM3\ARM_GCC_541\Debug\rotary_enc_hard.a(USBUART.o)
 .ARM.attributes
                0x0000044f       0x33 .\CortexM3\ARM_GCC_541\Debug\rotary_enc_hard.a(USBUART_cls.o)
 .ARM.attributes
                0x00000482       0x33 .\CortexM3\ARM_GCC_541\Debug\rotary_enc_hard.a(USBUART_descr.o)
 .ARM.attributes
                0x000004b5       0x33 .\CortexM3\ARM_GCC_541\Debug\rotary_enc_hard.a(USBUART_episr.o)
 .ARM.attributes
                0x000004e8       0x33 .\CortexM3\ARM_GCC_541\Debug\rotary_enc_hard.a(USBUART_pm.o)
 .ARM.attributes
                0x0000051b       0x33 .\CortexM3\ARM_GCC_541\Debug\rotary_enc_hard.a(USBUART_Dp.o)
 .ARM.attributes
                0x0000054e       0x1d c:/program files (x86)/cypress/psoc creator/4.1/psoc creator/import/gnu/arm/5.4.1/bin/../lib/gcc/arm-none-eabi/5.4.1/armv7-m\libgcc.a(_arm_addsubsf3.o)
 .ARM.attributes
                0x0000056b       0x1d c:/program files (x86)/cypress/psoc creator/4.1/psoc creator/import/gnu/arm/5.4.1/bin/../lib/gcc/arm-none-eabi/5.4.1/armv7-m\libgcc.a(_arm_muldivsf3.o)
 .ARM.attributes
                0x00000588       0x1d c:/program files (x86)/cypress/psoc creator/4.1/psoc creator/import/gnu/arm/5.4.1/bin/../lib/gcc/arm-none-eabi/5.4.1/armv7-m\libgcc.a(_arm_fixunssfsi.o)
 .ARM.attributes
                0x000005a5       0x2d c:/program files (x86)/cypress/psoc creator/4.1/psoc creator/import/gnu/arm/5.4.1/bin/../lib/gcc/arm-none-eabi/5.4.1/../../../../arm-none-eabi/lib/armv7-m\libg_nano.a(lib_a-errno.o)
 .ARM.attributes
                0x000005d2       0x2d c:/program files (x86)/cypress/psoc creator/4.1/psoc creator/import/gnu/arm/5.4.1/bin/../lib/gcc/arm-none-eabi/5.4.1/../../../../arm-none-eabi/lib/armv7-m\libg_nano.a(lib_a-exit.o)
 .ARM.attributes
                0x000005ff       0x2d c:/program files (x86)/cypress/psoc creator/4.1/psoc creator/import/gnu/arm/5.4.1/bin/../lib/gcc/arm-none-eabi/5.4.1/../../../../arm-none-eabi/lib/armv7-m\libg_nano.a(lib_a-impure.o)
 .ARM.attributes
                0x0000062c       0x2d c:/program files (x86)/cypress/psoc creator/4.1/psoc creator/import/gnu/arm/5.4.1/bin/../lib/gcc/arm-none-eabi/5.4.1/../../../../arm-none-eabi/lib/armv7-m\libg_nano.a(lib_a-init.o)
 .ARM.attributes
                0x00000659       0x2d c:/program files (x86)/cypress/psoc creator/4.1/psoc creator/import/gnu/arm/5.4.1/bin/../lib/gcc/arm-none-eabi/5.4.1/../../../../arm-none-eabi/lib/armv7-m\libg_nano.a(lib_a-memcpy-stub.o)
 .ARM.attributes
                0x00000686       0x2d c:/program files (x86)/cypress/psoc creator/4.1/psoc creator/import/gnu/arm/5.4.1/bin/../lib/gcc/arm-none-eabi/5.4.1/../../../../arm-none-eabi/lib/armv7-m\libg_nano.a(lib_a-memset.o)
 .ARM.attributes
                0x000006b3       0x2d c:/program files (x86)/cypress/psoc creator/4.1/psoc creator/import/gnu/arm/5.4.1/bin/../lib/gcc/arm-none-eabi/5.4.1/../../../../arm-none-eabi/lib/armv7-m\libg_nano.a(lib_a-sprintf.o)
 .ARM.attributes
                0x000006e0       0x2d c:/program files (x86)/cypress/psoc creator/4.1/psoc creator/import/gnu/arm/5.4.1/bin/../lib/gcc/arm-none-eabi/5.4.1/../../../../arm-none-eabi/lib/armv7-m\libg_nano.a(lib_a-nano-svfprintf.o)
 .ARM.attributes
                0x0000070d       0x2d c:/program files (x86)/cypress/psoc creator/4.1/psoc creator/import/gnu/arm/5.4.1/bin/../lib/gcc/arm-none-eabi/5.4.1/../../../../arm-none-eabi/lib/armv7-m\libg_nano.a(lib_a-nano-vfprintf_i.o)
 .ARM.attributes
                0x0000073a       0x2d c:/program files (x86)/cypress/psoc creator/4.1/psoc creator/import/gnu/arm/5.4.1/bin/../lib/gcc/arm-none-eabi/5.4.1/../../../../arm-none-eabi/lib/armv7-m\libg_nano.a(lib_a-memchr-stub.o)
 .ARM.attributes
                0x00000767       0x2d c:/program files (x86)/cypress/psoc creator/4.1/psoc creator/import/gnu/arm/5.4.1/bin/../lib/gcc/arm-none-eabi/5.4.1/../../../../arm-none-eabi/lib/armv7-m\libg_nano.a(lib_a-memmove.o)
 .ARM.attributes
                0x00000794       0x2d c:/program files (x86)/cypress/psoc creator/4.1/psoc creator/import/gnu/arm/5.4.1/bin/../lib/gcc/arm-none-eabi/5.4.1/../../../../arm-none-eabi/lib/armv7-m\libg_nano.a(lib_a-nano-freer.o)
 .ARM.attributes
                0x000007c1       0x2d c:/program files (x86)/cypress/psoc creator/4.1/psoc creator/import/gnu/arm/5.4.1/bin/../lib/gcc/arm-none-eabi/5.4.1/../../../../arm-none-eabi/lib/armv7-m\libg_nano.a(lib_a-nano-mallocr.o)
 .ARM.attributes
                0x000007ee       0x2d c:/program files (x86)/cypress/psoc creator/4.1/psoc creator/import/gnu/arm/5.4.1/bin/../lib/gcc/arm-none-eabi/5.4.1/../../../../arm-none-eabi/lib/armv7-m\libg_nano.a(lib_a-nano-reallocr.o)
 .ARM.attributes
                0x0000081b       0x2d c:/program files (x86)/cypress/psoc creator/4.1/psoc creator/import/gnu/arm/5.4.1/bin/../lib/gcc/arm-none-eabi/5.4.1/../../../../arm-none-eabi/lib/armv7-m\libg_nano.a(lib_a-sbrkr.o)
 .ARM.attributes
                0x00000848       0x2d c:/program files (x86)/cypress/psoc creator/4.1/psoc creator/import/gnu/arm/5.4.1/bin/../lib/gcc/arm-none-eabi/5.4.1/../../../../arm-none-eabi/lib/armv7-m\libg_nano.a(lib_a-mlock.o)
 .ARM.attributes
                0x00000875       0x2d c:/program files (x86)/cypress/psoc creator/4.1/psoc creator/import/gnu/arm/5.4.1/bin/../lib/gcc/arm-none-eabi/5.4.1/../../../../arm-none-eabi/lib/armv7-m\libg_nano.a(lib_a-nano-msizer.o)
 .ARM.attributes
                0x000008a2       0x2d c:/program files (x86)/cypress/psoc creator/4.1/psoc creator/import/gnu/arm/5.4.1/bin/../lib/gcc/arm-none-eabi/5.4.1/../../../../arm-none-eabi/lib/armv7-m\libg_nano.a(lib_a-reent.o)
 .ARM.attributes
                0x000008cf       0x2d c:/program files (x86)/cypress/psoc creator/4.1/psoc creator/import/gnu/arm/5.4.1/bin/../lib/gcc/arm-none-eabi/5.4.1/armv7-m/crtend.o
 .ARM.attributes
                0x000008fc       0x1d c:/program files (x86)/cypress/psoc creator/4.1/psoc creator/import/gnu/arm/5.4.1/bin/../lib/gcc/arm-none-eabi/5.4.1/armv7-m/crtn.o

/DISCARD/
 *(.note.GNU-stack)
OUTPUT(C:\Users\mechatoro\Documents\PSoC Creator\rotary_enc_hard\rotary_enc_hard.cydsn\CortexM3\ARM_GCC_541\Debug\rotary_enc_hard.elf elf32-littlearm)
